=== ladder_root 2026-09-15T20:54:10+00:00 ===
plan12_run result: fen="8/2K5/k7/8/8/8/8/4Q3 w - - 0 1" mode=default outcome=Draw exit=Timeout nodes=997392384 child_evals=5396315458 wall=600.00s pv_len=0 pv_status=None
plan12_run pv: 

=== ladder_step1 2026-09-15T21:04:10+00:00 ===
plan12_run result: fen="8/1k1K4/8/8/8/8/8/4Q3 w - - 2 2" mode=default outcome=Win exit=Complete nodes=65460435 child_evals=322826558 wall=35.97s pv_len=19 pv_status=Unproven
plan12_run pv: d7e7 b7c8 e7f8 c8d7 f8g7 d7c6 e1b4 c6d5 b4e4 d5c5 e4d4 c5b5 d4b4 b5c6 b4d6 c6b7 d6b6 b7c8 b6c7

=== ladder_step2 2026-09-15T21:04:46+00:00 ===
plan12_run result: fen="8/8/2k1K3/8/8/8/8/4Q3 w - - 4 3" mode=default outcome=Win exit=Complete nodes=5395869 child_evals=39383178 wall=5.24s pv_len=10 pv_status=Unproven
plan12_run pv: e6f5 c6d6 f5g6 d6d5 e1e6 d5c5 e6e4 c5d6 e4e6 d6c5

=== ladder_step3 2026-09-15T21:04:51+00:00 ===
plan12_run result: fen="8/5K2/8/3k4/8/8/8/4Q3 w - - 6 4" mode=default outcome=Win exit=Complete nodes=741940 child_evals=2047932 wall=0.24s pv_len=9 pv_status=Unproven
plan12_run pv: e1e6 d5d4 e6e4 d4c3 e4d3 c3b2 d3c3 b2b1 c3b2

=== bounded15 2026-09-15T21:04:52+00:00 ===
=== ladder_step1 fo-metrics rerun 2026-09-15T21:08:05+00:00 ===
plan12_run result: fen="8/1k1K4/8/8/8/8/8/4Q3 w - - 2 2" mode=default outcome=Win exit=Complete nodes=65460435 child_evals=322826558 fo_child_evals=257046258 refine_rounds=3 refine_evals=65780300 wall=36.86s pv_len=19 pv_status=Unproven
=== ladder_step2 fo-metrics rerun 2026-09-15T21:08:42+00:00 ===
plan12_run result: fen="8/8/2k1K3/8/8/8/8/4Q3 w - - 4 3" mode=default outcome=Win exit=Complete nodes=5395869 child_evals=39383178 fo_child_evals=31503722 refine_rounds=2 refine_evals=7879456 wall=5.30s pv_len=10 pv_status=Unproven
=== ladder_step3 fo-metrics rerun 2026-09-15T21:08:47+00:00 ===
plan12_run result: fen="8/5K2/8/3k4/8/8/8/4Q3 w - - 6 4" mode=default outcome=Win exit=Complete nodes=741940 child_evals=2047932 fo_child_evals=47830 refine_rounds=3 refine_evals=2000102 wall=0.25s pv_len=9 pv_status=Unproven
plan12_run result: fen="8/2K5/k7/8/8/8/8/4Q3 w - - 0 1" mode=depth-15 outcome=Draw exit=Timeout nodes=1105641472 child_evals=2832550718 wall=300.00s pv_len=0 pv_status=None
plan12_run pv: 

T0 DONE 2026-09-15T21:09:52+00:00
=== revert_verification 2026-09-15T21:54:16+00:00 ===
pv_status: cap-cut
pre_exit: reason=Complete outcome=win nodes=65460435
pv_status: cap-cut
pre_exit: reason=Complete outcome=win nodes=5395869
pv_status: cap-cut
pre_exit: reason=Complete outcome=win nodes=741940
