=== spike_bounded15_root 2026-09-15T21:31:13+00:00 ===
[bounded_search] chunk done: work_done=500000 next_chunk=1000000 elapsed=0.069s max_depth=15 nodes=100677 nps=1452771
[bounded_search] chunk done: work_done=1000000 next_chunk=2000000 elapsed=0.192s max_depth=15 nodes=503253 nps=2618041
[bounded_search] chunk done: work_done=2000011 next_chunk=4000000 elapsed=0.449s max_depth=15 nodes=1316867 nps=2934018
[bounded_search] chunk done: work_done=4000000 next_chunk=8000000 elapsed=0.931s max_depth=15 nodes=2976082 nps=3197524
[bounded_search] chunk done: work_done=8000007 next_chunk=16000000 elapsed=1.852s max_depth=15 nodes=6109274 nps=3298202
[bounded_search] chunk done: work_done=16000013 next_chunk=32000000 elapsed=3.749s max_depth=15 nodes=12680495 nps=3382085
[bounded_search] chunk done: work_done=32000005 next_chunk=64000000 elapsed=7.457s max_depth=15 nodes=25470550 nps=3415751
[bounded_search] chunk done: work_done=64000000 next_chunk=128000000 elapsed=14.980s max_depth=15 nodes=50917613 nps=3399105
[bounded_search] chunk done: work_done=128000025 next_chunk=256000000 elapsed=29.575s max_depth=15 nodes=98517479 nps=3331071
[bounded_search] chunk done: work_done=256000000 next_chunk=512000000 elapsed=60.315s max_depth=15 nodes=199667791 nps=3310437
[bounded_search] chunk done: work_done=512000000 next_chunk=1024000000 elapsed=122.275s max_depth=15 nodes=402436763 nps=3291247
[bounded_search] chunk done: work_done=1024000005 next_chunk=2048000000 elapsed=237.518s max_depth=15 nodes=796353729 nps=3352811
plan12_run result: fen="8/2K5/k7/8/8/8/8/4Q3 w - - 0 1" mode=depth-15 outcome=Draw exit=Timeout nodes=1023451136 child_evals=2622318715 fo_child_evals=0 refine_rounds=0 refine_evals=0 wall=300.00s pv_len=0 pv_status=None
plan12_run pv: 
spike12: ---- work-mass diagnostics (plan12 T2) ----
spike12: total_child_evals=2622318715 frames_total=1023451136 frames_terminal=0 frames_leaf=812017426 frames_at_rep_check=211433710 frames_path_rep=0 frames_tt_resolved=0 frames_cache_hit=238702
spike12: item3 path_rep_exit_share=0.000% (0/211433710)
spike12: item1 suppress_stores=283 suppress_distinct_positions=43
spike12: item2 cache_probes=211433710 cache_hits=0.11% stored_pairs=283 (cap_rej=0) store_ctx_hist=[0, 0, 0, 4, 279, 0, 0, 0] probe_ctx_hist=[13, 306, 50782, 8531171, 202851438, 0, 0, 0]
spike12: item2 ctx_fragmentation: multi_ctx_positions=28 ctx_frag_misses=1053675
spike12: item5 clock_fragmentation: misses=0 distinct_pairs=0 (cap_rej=0 seen_pairs=1196187 seen_cap_rej=0)
spike12: item4 evals: OR resolved=8750083 unsolved=1969790648 | AND resolved=13292718 unsolved=630485266 | resolved_rep_draws=12611496 | depth_hist=[0, 670, 197143, 48636544, 2573484358, 0, 0, 0]
spike12: R1 attribution: class1_contaminated=509 (0.00%) class2_fragmentation=228315397 (8.71%) class3_other=2394002809 (91.29%)

=== spike_root_default 2026-09-15T21:36:13+00:00 ===
[bounded_search] chunk done: work_done=500000 next_chunk=1000000 elapsed=0.079s max_depth=22 nodes=46844 nps=592210
[bounded_search] chunk done: work_done=1000019 next_chunk=2000000 elapsed=0.246s max_depth=45 nodes=155564 nps=631780
[bounded_search] chunk done: work_done=2000013 next_chunk=4000000 elapsed=0.531s max_depth=69 nodes=426724 nps=804296
[bounded_search] chunk done: work_done=4000000 next_chunk=8000000 elapsed=1.108s max_depth=79 nodes=988664 nps=892195
[bounded_search] chunk done: work_done=8000005 next_chunk=16000000 elapsed=2.344s max_depth=100 nodes=2074375 nps=885154
[bounded_search] chunk done: work_done=16000000 next_chunk=32000000 elapsed=4.698s max_depth=100 nodes=4353861 nps=926729
[bounded_search] chunk done: work_done=32000002 next_chunk=64000000 elapsed=9.105s max_depth=100 nodes=9194382 nps=1009784
[bounded_search] chunk done: work_done=64000001 next_chunk=128000000 elapsed=16.403s max_depth=100 nodes=19973929 nps=1217667
[bounded_search] chunk done: work_done=128000000 next_chunk=256000000 elapsed=30.609s max_depth=100 nodes=44200708 nps=1444032
[bounded_search] chunk done: work_done=256000001 next_chunk=512000000 elapsed=60.585s max_depth=100 nodes=91141853 nps=1504368
[bounded_search] chunk done: work_done=512000000 next_chunk=1024000000 elapsed=124.975s max_depth=100 nodes=185886151 nps=1487387
[bounded_search] chunk done: work_done=1024000003 next_chunk=2048000000 elapsed=251.359s max_depth=100 nodes=375920315 nps=1495549
[bounded_search] chunk done: work_done=2048000000 next_chunk=4096000000 elapsed=498.427s max_depth=100 nodes=755986909 nps=1516744
plan12_run result: fen="8/2K5/k7/8/8/8/8/4Q3 w - - 0 1" mode=default outcome=Draw exit=Timeout nodes=913080320 child_evals=4942001825 fo_child_evals=4942001825 refine_rounds=0 refine_evals=0 wall=600.00s pv_len=0 pv_status=None
plan12_run pv: 
spike12: ---- work-mass diagnostics (plan12 T2) ----
spike12: total_child_evals=4942001825 frames_total=913080320 frames_terminal=0 frames_leaf=0 frames_at_rep_check=913080320 frames_path_rep=0 frames_tt_resolved=0 frames_cache_hit=4633877
spike12: item3 path_rep_exit_share=0.000% (0/913080320)
spike12: item1 suppress_stores=5536 suppress_distinct_positions=502
spike12: item2 cache_probes=913080320 cache_hits=0.51% stored_pairs=5536 (cap_rej=0) store_ctx_hist=[0, 0, 0, 0, 31, 618, 3711, 1176] probe_ctx_hist=[14, 259, 13249, 1663202, 35117150, 160222796, 520657655, 195405995]
spike12: item2 ctx_fragmentation: multi_ctx_positions=314 ctx_frag_misses=3545042
spike12: item5 clock_fragmentation: misses=0 distinct_pairs=0 (cap_rej=0 seen_pairs=2000000 seen_cap_rej=861875926)
spike12: item4 evals: OR resolved=5758020 unsolved=1770138313 | AND resolved=102586358 unsolved=3063519134 | resolved_rep_draws=8281142 | depth_hist=[0, 651, 58634, 10122424, 193824879, 858675731, 2831331965, 1047987541]
spike12: R1 attribution: class1_contaminated=6413 (0.00%) class2_fragmentation=3326565170 (67.31%) class3_other=1615430242 (32.69%)

=== spike_step1_default 2026-09-15T21:46:13+00:00 ===
[bounded_search] chunk done: work_done=500000 next_chunk=1000000 elapsed=0.074s max_depth=25 nodes=49245 nps=664797
[bounded_search] chunk done: work_done=1000001 next_chunk=2000000 elapsed=0.242s max_depth=36 nodes=154065 nps=636574
[bounded_search] chunk done: work_done=2000003 next_chunk=4000000 elapsed=0.547s max_depth=44 nodes=398340 nps=728208
[bounded_search] chunk done: work_done=4000001 next_chunk=8000000 elapsed=1.159s max_depth=78 nodes=893492 nps=770810
[bounded_search] chunk done: work_done=8000021 next_chunk=16000000 elapsed=2.440s max_depth=98 nodes=1859228 nps=762010
[bounded_search] chunk done: work_done=16000007 next_chunk=32000000 elapsed=4.673s max_depth=98 nodes=4222523 nps=903675
[bounded_search] chunk done: work_done=32000000 next_chunk=64000000 elapsed=8.648s max_depth=98 nodes=9314269 nps=1077055
[bounded_search] chunk done: work_done=64000001 next_chunk=128000000 elapsed=15.950s max_depth=98 nodes=19860138 nps=1245137
[bounded_search] chunk done: work_done=128000003 next_chunk=256000000 elapsed=30.361s max_depth=98 nodes=42682820 nps=1405856
[bounded_search] chunk done: work_done=500007 next_chunk=1000000 elapsed=30.605s max_depth=23 nodes=43072812 nps=1407356
[bounded_search] chunk done: work_done=500000 next_chunk=1000000 elapsed=30.786s max_depth=17 nodes=43443742 nps=1411166
[bounded_search] chunk done: work_done=1000000 next_chunk=2000000 elapsed=30.891s max_depth=17 nodes=43733882 nps=1415728
[bounded_search] chunk done: work_done=2000018 next_chunk=4000000 elapsed=31.106s max_depth=17 nodes=44235493 nps=1422079
[bounded_search] chunk done: work_done=4000001 next_chunk=8000000 elapsed=31.555s max_depth=17 nodes=45477349 nps=1441221
[bounded_search] chunk done: work_done=8000000 next_chunk=16000000 elapsed=32.441s max_depth=17 nodes=48138172 nps=1483857
[bounded_search] chunk done: work_done=16000020 next_chunk=32000000 elapsed=34.189s max_depth=17 nodes=53685817 nps=1570277
[bounded_search] chunk done: work_done=32000005 next_chunk=64000000 elapsed=37.819s max_depth=17 nodes=65248109 nps=1725269
[bounded_search] chunk done: work_done=761536 next_chunk=128000000 elapsed=37.896s max_depth=17 nodes=65460435 nps=1727387
plan12_run result: fen="8/1k1K4/8/8/8/8/8/4Q3 w - - 2 2" mode=default outcome=Win exit=Complete nodes=65460435 child_evals=322826558 fo_child_evals=257046258 refine_rounds=3 refine_evals=65780300 wall=37.90s pv_len=19 pv_status=Unproven
plan12_run pv: d7e7 b7c8 e7f8 c8d7 f8g7 d7c6 e1b4 c6d5 b4e4 d5c5 e4d4 c5b5 d4b4 b5c6 b4d6 c6b7 d6b6 b7c8 b6c7
spike12: ---- work-mass diagnostics (plan12 T2) ----
spike12: total_child_evals=322826558 frames_total=65460435 frames_terminal=0 frames_leaf=16450959 frames_at_rep_check=49009476 frames_path_rep=0 frames_tt_resolved=0 frames_cache_hit=321716
spike12: item3 path_rep_exit_share=0.000% (0/49009476)
spike12: item1 suppress_stores=2789 suppress_distinct_positions=486
spike12: item2 cache_probes=49009476 cache_hits=0.66% stored_pairs=2789 (cap_rej=0) store_ctx_hist=[0, 0, 0, 9, 59, 700, 1145, 876] probe_ctx_hist=[21, 632, 28796, 306598, 6114939, 4311521, 14249961, 23997008]
spike12: item2 ctx_fragmentation: multi_ctx_positions=292 ctx_frag_misses=121746
spike12: item5 clock_fragmentation: misses=0 distinct_pairs=0 (cap_rej=0 seen_pairs=2000000 seen_cap_rej=41229898)
spike12: item4 evals: OR resolved=4956983 unsolved=148688668 | AND resolved=6004707 unsolved=163176200 | resolved_rep_draws=986218 | depth_hist=[0, 1223, 194745, 2076357, 32922686, 59005896, 85126997, 143498654]
spike12: R1 attribution: class1_contaminated=3618 (0.00%) class2_fragmentation=78826578 (24.42%) class3_other=243996362 (75.58%)

=== spike_m22_fo 2026-09-15T21:46:51+00:00 ===
[bounded_search] chunk done: work_done=500009 next_chunk=1000000 elapsed=0.088s max_depth=15 nodes=24281 nps=275371
[bounded_search] chunk done: work_done=1000010 next_chunk=2000000 elapsed=0.277s max_depth=15 nodes=75862 nps=273635
[bounded_search] chunk done: work_done=2000003 next_chunk=4000000 elapsed=0.660s max_depth=22 nodes=185599 nps=281107
[bounded_search] chunk done: work_done=4000017 next_chunk=8000000 elapsed=1.415s max_depth=72 nodes=420792 nps=297310
plan12_run result: fen="4r2k/3p4/2pB2p1/p6p/5pPP/2N1PP2/P1PP4/1R4RK w - - 0 22" mode=first-outcome outcome=Win exit=Complete nodes=858117 child_evals=14156269 fo_child_evals=14156269 refine_rounds=0 refine_evals=0 wall=2.71s pv_len=95 pv_status=FirstOutcome
plan12_run pv: g4h5 h8g8 b1b8 g8h8 c3e4 f4e3 b8e8 h8g8 a2a4 g8h8 g1g5 h8g8 c2c3 g8h8 c3c4 h8g8 c4c5 g8h8 d2d3 h8g8 d3d4 g8h8 h1h2 h8g8 f3f4 g8h8 h2g2 h8g8 g2f3 g8h8 f3f2 h8g8 f2g1 g8h8 g1f1 h8g8 f1e2 g8h8 e2e1 h8g8
spike12: ---- work-mass diagnostics (plan12 T2) ----
spike12: total_child_evals=14156269 frames_total=858117 frames_terminal=0 frames_leaf=0 frames_at_rep_check=858117 frames_path_rep=0 frames_tt_resolved=0 frames_cache_hit=164
spike12: item3 path_rep_exit_share=0.000% (0/858117)
spike12: item1 suppress_stores=86 suppress_distinct_positions=67
spike12: item2 cache_probes=858117 cache_hits=0.02% stored_pairs=86 (cap_rej=0) store_ctx_hist=[0, 0, 0, 0, 29, 44, 12, 1] probe_ctx_hist=[5, 556, 57558, 445560, 253469, 65538, 33881, 1550]
spike12: item2 ctx_fragmentation: multi_ctx_positions=13 ctx_frag_misses=22
spike12: item5 clock_fragmentation: misses=0 distinct_pairs=0 (cap_rej=0 seen_pairs=770235 seen_cap_rej=0)
spike12: item4 evals: OR resolved=61749 unsolved=5448907 | AND resolved=98452 unsolved=8547161 | resolved_rep_draws=15562 | depth_hist=[0, 767, 651709, 7992980, 4561686, 663376, 273411, 12340]
spike12: R1 attribution: class1_contaminated=93 (0.00%) class2_fragmentation=1395 (0.01%) class3_other=14154781 (99.99%)

=== spike_stress_default 2026-09-15T21:46:54+00:00 ===
[bounded_search] chunk done: work_done=500002 next_chunk=1000000 elapsed=0.090s max_depth=15 nodes=24732 nps=273293
[bounded_search] chunk done: work_done=1000024 next_chunk=2000000 elapsed=0.270s max_depth=11 nodes=76362 nps=283005
[bounded_search] chunk done: work_done=2000017 next_chunk=4000000 elapsed=0.641s max_depth=16 nodes=183840 nps=286798
[bounded_search] chunk done: work_done=4000016 next_chunk=8000000 elapsed=1.389s max_depth=19 nodes=397333 nps=286154
[bounded_search] chunk done: work_done=8000008 next_chunk=16000000 elapsed=2.929s max_depth=20 nodes=797468 nps=272240
[bounded_search] chunk done: work_done=16000006 next_chunk=32000000 elapsed=6.194s max_depth=22 nodes=1619263 nps=261425
[bounded_search] chunk done: work_done=32000000 next_chunk=64000000 elapsed=12.559s max_depth=38 nodes=3322654 nps=264563
[bounded_search] chunk done: work_done=64000012 next_chunk=128000000 elapsed=24.740s max_depth=51 nodes=6853665 nps=277024
[bounded_search] chunk done: work_done=500023 next_chunk=1000000 elapsed=47.278s max_depth=12 nodes=14046633 nps=297109
[bounded_search] chunk done: work_done=1000006 next_chunk=2000000 elapsed=47.472s max_depth=224 nodes=14104752 nps=297115
[bounded_search] chunk done: work_done=2000012 next_chunk=4000000 elapsed=47.845s max_depth=224 nodes=14218447 nps=297175
[bounded_search] chunk done: work_done=4000017 next_chunk=8000000 elapsed=48.609s max_depth=26 nodes=14427919 nps=296819
[bounded_search] chunk done: work_done=8000015 next_chunk=16000000 elapsed=50.101s max_depth=24 nodes=14843386 nps=296268
[bounded_search] chunk done: work_done=500029 next_chunk=1000000 elapsed=50.299s max_depth=22 nodes=14957514 nps=297370
[bounded_search] chunk done: work_done=1000003 next_chunk=2000000 elapsed=50.488s max_depth=89 nodes=15005821 nps=297217
[bounded_search] chunk done: work_done=500011 next_chunk=1000000 elapsed=50.585s max_depth=12 nodes=15029241 nps=297111
[bounded_search] chunk done: work_done=1000003 next_chunk=2000000 elapsed=50.782s max_depth=147 nodes=15087126 nps=297098
[bounded_search] chunk done: work_done=2000004 next_chunk=4000000 elapsed=51.141s max_depth=143 nodes=15208205 nps=297380
[bounded_search] chunk done: work_done=500012 next_chunk=1000000 elapsed=51.244s max_depth=12 nodes=15257158 nps=297733
[bounded_search] chunk done: work_done=1000005 next_chunk=2000000 elapsed=51.441s max_depth=139 nodes=15306931 nps=297565
[bounded_search] chunk done: work_done=500011 next_chunk=1000000 elapsed=51.554s max_depth=12 nodes=15390617 nps=298536
[bounded_search] chunk done: work_done=1000008 next_chunk=2000000 elapsed=51.755s max_depth=131 nodes=15442821 nps=298386
[bounded_search] chunk done: work_done=500000 next_chunk=1000000 elapsed=51.852s max_depth=12 nodes=15471826 nps=298383
[bounded_search] chunk done: work_done=1000006 next_chunk=2000000 elapsed=52.047s max_depth=129 nodes=15537097 nps=298520
[bounded_search] chunk done: work_done=500004 next_chunk=1000000 elapsed=52.145s max_depth=12 nodes=15568079 nps=298555
[bounded_search] chunk done: work_done=1000003 next_chunk=2000000 elapsed=52.330s max_depth=18 nodes=15618181 nps=298458
[bounded_search] chunk done: work_done=2000024 next_chunk=4000000 elapsed=52.738s max_depth=22 nodes=15719551 nps=298070
[bounded_search] chunk done: work_done=4000004 next_chunk=8000000 elapsed=53.495s max_depth=26 nodes=15918735 nps=297576
[bounded_search] chunk done: work_done=8000008 next_chunk=16000000 elapsed=55.006s max_depth=24 nodes=16324054 nps=296767
[bounded_search] chunk done: work_done=16000000 next_chunk=32000000 elapsed=56.754s max_depth=127 nodes=18336953 nps=323093
[bounded_search] chunk done: work_done=30870076 next_chunk=64000000 elapsed=62.513s max_depth=32 nodes=19943731 nps=319035
plan12_run result: fen="4r2k/3p4/2pB2p1/p4p1p/7P/2N1PPP1/P1PP4/1R4RK w - - 0 21" mode=default outcome=Win exit=Complete nodes=19943731 child_evals=338094183 fo_child_evals=249480478 refine_rounds=34 refine_evals=88613705 wall=62.51s pv_len=129 pv_status=Unproven
plan12_run pv: g3g4 f5f4 g4h5 a5a4 c3e4 f4e3 b1b8 g6g5 h4g5 h8h7 g1g7 h7h6 d6f4 h6h5 g7g5 h5h6 g5g6 h6h7 g6g7 h7h8 b8e8 d7d6 g7g8 h8h7 a2a3 c6c5 g8g7 h7h8 f4d6 c5c4 g7g8 h8h7 c2c3 h7h6 g8g7 h6h5 g7g6 h5h4 g6g3 h4h5
spike12: ---- work-mass diagnostics (plan12 T2) ----
spike12: total_child_evals=338094183 frames_total=19943731 frames_terminal=0 frames_leaf=285108 frames_at_rep_check=19658623 frames_path_rep=0 frames_tt_resolved=6 frames_cache_hit=32111
spike12: item3 path_rep_exit_share=0.000% (0/19658623)
spike12: item1 suppress_stores=1643 suppress_distinct_positions=1091
spike12: item2 cache_probes=19658617 cache_hits=0.16% stored_pairs=1643 (cap_rej=0) store_ctx_hist=[0, 0, 0, 8, 703, 782, 76, 74] probe_ctx_hist=[65, 3594, 787585, 11300713, 4970679, 2089293, 373403, 133285]
spike12: item2 ctx_fragmentation: multi_ctx_positions=286 ctx_frag_misses=2257
spike12: item5 clock_fragmentation: misses=0 distinct_pairs=0 (cap_rej=0 seen_pairs=2000000 seen_cap_rej=16171677)
spike12: item4 evals: OR resolved=878064 unsolved=136215943 | AND resolved=1945722 unsolved=199054454 | resolved_rep_draws=179920 | depth_hist=[0, 6228, 5435247, 207367871, 103578663, 17869526, 2540985, 1295663]
spike12: R1 attribution: class1_contaminated=1724 (0.00%) class2_fragmentation=676885 (0.20%) class3_other=337415574 (99.80%)

T2 DONE 2026-09-15T21:47:56+00:00
