benchmarking two_rook_mate ...
benchmarking epsilon_mate ...
benchmarking promotion_transposition ...
benchmarking m26 ...
benchmarking opening_f2 ...
benchmarking rook_pawn_endgame ...
benchmarking m19 ...
[bounded_search] chunk done: work_done=500004 next_chunk=1000000 elapsed=0.093s max_depth=9 nodes=22584 nps=243495
[bounded_search] chunk done: work_done=1000024 next_chunk=2000000 elapsed=0.295s max_depth=13 nodes=71949 nps=243888
[bounded_search] chunk done: work_done=2000000 next_chunk=4000000 elapsed=0.684s max_depth=20 nodes=167736 nps=245290
[bounded_search] chunk done: work_done=4000003 next_chunk=8000000 elapsed=1.472s max_depth=12 nodes=354226 nps=240649
[bounded_search] chunk done: work_done=8000005 next_chunk=16000000 elapsed=3.189s max_depth=17 nodes=733488 nps=230033
[bounded_search] chunk done: work_done=16000003 next_chunk=32000000 elapsed=6.602s max_depth=22 nodes=1520475 nps=230289
[bounded_search] chunk done: work_done=32000002 next_chunk=64000000 elapsed=13.749s max_depth=37 nodes=3181138 nps=231374
[bounded_search] chunk done: work_done=64000000 next_chunk=128000000 elapsed=27.244s max_depth=35 nodes=6544388 nps=240214
[bounded_search] chunk done: work_done=128000010 next_chunk=256000000 elapsed=52.935s max_depth=36 nodes=13279612 nps=250868
[bounded_search] chunk done: work_done=500004 next_chunk=1000000 elapsed=0.091s max_depth=9 nodes=22584 nps=248135
[bounded_search] chunk done: work_done=1000024 next_chunk=2000000 elapsed=0.280s max_depth=13 nodes=71949 nps=257206
[bounded_search] chunk done: work_done=2000000 next_chunk=4000000 elapsed=0.657s max_depth=20 nodes=167736 nps=255148
[bounded_search] chunk done: work_done=4000003 next_chunk=8000000 elapsed=1.426s max_depth=12 nodes=354226 nps=248427
[bounded_search] chunk done: work_done=8000005 next_chunk=16000000 elapsed=3.032s max_depth=17 nodes=733488 nps=241884
[bounded_search] chunk done: work_done=16000003 next_chunk=32000000 elapsed=6.400s max_depth=22 nodes=1520475 nps=237572
[bounded_search] chunk done: work_done=32000002 next_chunk=64000000 elapsed=13.171s max_depth=37 nodes=3181138 nps=241529
[bounded_search] chunk done: work_done=64000000 next_chunk=128000000 elapsed=26.566s max_depth=35 nodes=6544388 nps=246342
[bounded_search] chunk done: work_done=128000010 next_chunk=256000000 elapsed=52.256s max_depth=36 nodes=13279612 nps=254128
benchmarking startpos ...
[bounded_search] chunk done: work_done=500000 next_chunk=1000000 elapsed=0.096s max_depth=10 nodes=23252 nps=242831
[bounded_search] chunk done: work_done=1000004 next_chunk=2000000 elapsed=0.290s max_depth=13 nodes=67149 nps=231232
[bounded_search] chunk done: work_done=2000023 next_chunk=4000000 elapsed=0.685s max_depth=13 nodes=148002 nps=216080
[bounded_search] chunk done: work_done=4000003 next_chunk=8000000 elapsed=1.483s max_depth=13 nodes=306347 nps=206568
[bounded_search] chunk done: work_done=8000015 next_chunk=16000000 elapsed=3.129s max_depth=18 nodes=641101 nps=204892
[bounded_search] chunk done: work_done=16000030 next_chunk=32000000 elapsed=6.607s max_depth=19 nodes=1303295 nps=197272
[bounded_search] chunk done: work_done=32000027 next_chunk=64000000 elapsed=13.721s max_depth=19 nodes=2604316 nps=189801
[bounded_search] chunk done: work_done=64000033 next_chunk=128000000 elapsed=27.744s max_depth=24 nodes=5174829 nps=186521
[bounded_search] chunk done: work_done=128000012 next_chunk=256000000 elapsed=54.709s max_depth=29 nodes=10232802 nps=187039
[bounded_search] chunk done: work_done=500000 next_chunk=1000000 elapsed=0.095s max_depth=10 nodes=23252 nps=245233
[bounded_search] chunk done: work_done=1000004 next_chunk=2000000 elapsed=0.289s max_depth=13 nodes=67149 nps=232076
[bounded_search] chunk done: work_done=2000023 next_chunk=4000000 elapsed=0.684s max_depth=13 nodes=148002 nps=216452
[bounded_search] chunk done: work_done=4000003 next_chunk=8000000 elapsed=1.481s max_depth=13 nodes=306347 nps=206840
[bounded_search] chunk done: work_done=8000015 next_chunk=16000000 elapsed=3.124s max_depth=18 nodes=641101 nps=205187
[bounded_search] chunk done: work_done=16000030 next_chunk=32000000 elapsed=6.596s max_depth=19 nodes=1303295 nps=197594
[bounded_search] chunk done: work_done=32000027 next_chunk=64000000 elapsed=13.680s max_depth=19 nodes=2604316 nps=190378
[bounded_search] chunk done: work_done=64000033 next_chunk=128000000 elapsed=27.663s max_depth=24 nodes=5174829 nps=187067
[bounded_search] chunk done: work_done=128000012 next_chunk=256000000 elapsed=54.588s max_depth=29 nodes=10232802 nps=187457
