p2_c2c3_g7g5: win validate=ok match=True tree=334 nodes (0s cum)
p2_e2e3_a7a5: win validate=ok match=True tree=80 nodes (0s cum)
p2_e2e3_a7a6: win validate=ok match=True tree=72 nodes (0s cum)
p2_e2e3_b7b5: win validate=ok match=True tree=80 nodes (0s cum)
p2_e2e3_b7b6: win validate=ok match=True tree=80 nodes (0s cum)
p2_e2e3_b8a6: win validate=ok match=True tree=76 nodes (0s cum)
p2_e2e3_b8c6: win validate=ok match=True tree=84 nodes (0s cum)
p2_e2e3_c7c5: win validate=ok match=True tree=84 nodes (0s cum)
p2_e2e3_f7f6: win validate=ok match=True tree=42 nodes (0s cum)
p2_e2e3_g7g5: win validate=ok match=True tree=114 nodes (0s cum)
p2_e2e3_g7g6: win validate=ok match=True tree=1044 nodes (1s cum)
p2_e2e3_g8h6: win validate=ok match=True tree=76 nodes (1s cum)
p2_e2e3_h7h5: win validate=ok match=True tree=1112 nodes (1s cum)
p2_e2e3_h7h6: win validate=ok match=True tree=70 nodes (1s cum)
p2_e2e4_a7a5: win validate=ok match=True tree=80 nodes (1s cum)
p2_e2e4_a7a6: win validate=ok match=True tree=72 nodes (1s cum)
p2_e2e4_b7b5: win validate=ok match=True tree=80 nodes (1s cum)
p2_e2e4_b7b6: win validate=ok match=True tree=80 nodes (1s cum)
p2_e2e4_b8a6: win validate=ok match=True tree=76 nodes (1s cum)
p2_e2e4_b8c6: win validate=ok match=True tree=84 nodes (1s cum)
p2_e2e4_c7c5: win validate=ok match=True tree=84 nodes (1s cum)
p2_e2e4_e7e5: win validate=ok match=True tree=176 nodes (1s cum)
p2_e2e4_f7f5: win validate=ok match=True tree=86 nodes (1s cum)
p2_e2e4_f7f6: win validate=ok match=True tree=42 nodes (1s cum)
p2_e2e4_g7g5: win validate=ok match=True tree=114 nodes (1s cum)
p2_e2e4_g8h6: win validate=ok match=True tree=76 nodes (1s cum)
p2_e2e4_h7h6: win validate=ok match=True tree=70 nodes (1s cum)
p2_g1f3_a7a5: win validate=ok match=True tree=42 nodes (1s cum)
p2_g1f3_a7a6: win validate=ok match=True tree=38 nodes (1s cum)
p2_g1f3_b7b5: win validate=ok match=True tree=42 nodes (1s cum)
p2_g1f3_b7b6: win validate=ok match=True tree=42 nodes (1s cum)
p2_g1f3_b8a6: win validate=ok match=True tree=40 nodes (1s cum)
p2_g1f3_b8c6: win validate=ok match=True tree=126 nodes (1s cum)
p2_g1f3_c7c5: win validate=ok match=True tree=44 nodes (2s cum)
p2_g1f3_c7c6: win validate=ok match=True tree=42 nodes (2s cum)
p2_g1f3_d7d5: win validate=ok match=True tree=128 nodes (2s cum)
p2_g1f3_e7e6: win validate=ok match=True tree=60 nodes (2s cum)
p2_g1f3_f7f5: win validate=ok match=True tree=114 nodes (2s cum)
p2_g1f3_g7g5: win validate=ok match=True tree=42 nodes (2s cum)
p2_g1f3_g7g6: win validate=ok match=True tree=42 nodes (2s cum)
p2_g1f3_g8f6: win validate=ok match=True tree=44 nodes (2s cum)
p2_g1f3_g8h6: win validate=ok match=True tree=40 nodes (2s cum)
p2_g1f3_h7h5: win validate=ok match=True tree=42 nodes (2s cum)
p2_g1f3_h7h6: win validate=ok match=True tree=38 nodes (2s cum)
p2_g1h3_a7a5: win validate=ok match=True tree=120 nodes (2s cum)
p2_g1h3_a7a6: win validate=ok match=True tree=108 nodes (2s cum)
p2_g1h3_b7b5: win validate=ok match=True tree=120 nodes (2s cum)
p2_g1h3_b7b6: win validate=ok match=True tree=120 nodes (2s cum)
p2_g1h3_b8a6: win validate=ok match=True tree=114 nodes (2s cum)
p2_g1h3_b8c6: win validate=ok match=True tree=126 nodes (2s cum)
p2_g1h3_g7g5: win validate=ok match=True tree=2356 nodes (2s cum)
p2_g1h3_g7g6: win validate=ok match=True tree=120 nodes (2s cum)
p2_g1h3_g8f6: win validate=ok match=True tree=44 nodes (2s cum)
p2_g1h3_g8h6: win validate=ok match=True tree=114 nodes (2s cum)
p2_g1h3_h7h5: win validate=ok match=True tree=120 nodes (2s cum)
sib_d4d5_p32_c1d2: win validate=ok match=True tree=2 nodes (2s cum)
sib_d4d5_p32_d1d2: win validate=ok match=True tree=2 nodes (2s cum)
sib_d4d5_p32_d5d6: loss validate=ok match=True tree=67 nodes (2s cum)
sib_d4d5_p32_e1e2: win validate=ok match=True tree=174 nodes (2s cum)
sib_d4d5_p32_f1b5: loss validate=ok match=True tree=151 nodes (2s cum)
sib_e4e5_p2_a2a3: win validate=ok match=True tree=170 nodes (2s cum)
sib_e4e5_p2_a2a4: win validate=ok match=True tree=182 nodes (2s cum)
sib_e4e5_p2_b1a3: win validate=ok match=True tree=176 nodes (2s cum)
sib_e4e5_p2_b1c3: win validate=ok match=True tree=188 nodes (2s cum)
sib_e4e5_p2_b2b3: win validate=ok match=True tree=182 nodes (2s cum)
sib_e4e5_p2_b2b4: win validate=ok match=True tree=182 nodes (2s cum)
sib_e4e5_p2_c2c3: win validate=ok match=True tree=182 nodes (2s cum)
sib_e4e5_p2_c2c4: win validate=ok match=True tree=170 nodes (2s cum)
sib_e4e5_p2_d1h5: loss validate=ok match=True tree=175 nodes (2s cum)
sib_e4e5_p2_e1e2: win validate=ok match=True tree=98 nodes (2s cum)
sib_e4e5_p2_f1b5: loss validate=ok match=True tree=413 nodes (2s cum)
sib_e4e5_p2_f1d3: win validate=ok match=True tree=194 nodes (2s cum)
sib_e4e5_p2_f2f3: win validate=ok match=True tree=124 nodes (2s cum)
sib_e4e5_p2_g2g4: win validate=ok match=True tree=156 nodes (2s cum)
sib_e4e5_p2_h2h3: win validate=ok match=True tree=166 nodes (2s cum)
lad_d4_p23: win validate=ok match=True tree=16 nodes (2s cum)
lad_d4_p25: win validate=ok match=True tree=4 nodes (2s cum)
lad_d4_p27: win validate=ok match=True tree=2 nodes (3s cum)
lad_d4d5_p32: win validate=ok match=True tree=68 nodes (3s cum)
lad_d4d5_p34: win validate=ok match=True tree=6 nodes (3s cum)
lad_d4d5_p36: win validate=ok match=True tree=4 nodes (3s cum)
lad_d4d5_p38: win validate=ok match=True tree=2 nodes (3s cum)
lad_e4c5_p4: win validate=ok match=True tree=46 nodes (3s cum)
lad_e4c5_p6: win validate=ok match=True tree=2 nodes (3s cum)
lad_e4e5_p4: win validate=ok match=True tree=124 nodes (3s cum)
lad_e4e5_p6: win validate=ok match=True tree=64 nodes (3s cum)
lad_e4e5_p8: win validate=ok match=True tree=4 nodes (3s cum)
lad_e4e5_p10: win validate=ok match=True tree=2 nodes (3s cum)
lad_nf3_p23: win validate=ok match=True tree=10 nodes (3s cum)
lad_nf3_p25: win validate=ok match=True tree=2 nodes (3s cum)
lad_nf3d5_p4: win validate=ok match=True tree=40 nodes (3s cum)
lad_nf3d5_p6: win validate=ok match=True tree=2 nodes (3s cum)
lad_startpos_p10: win validate=ok match=True tree=92 nodes (3s cum)
lad_startpos_p12: win validate=ok match=True tree=50 nodes (3s cum)
lad_startpos_p14: win validate=ok match=True tree=2 nodes (3s cum)
artifact: 95 members, validate_ok=95/95, outcome_match=95, tree nodes=12592, find+verify wall=14.637+2.491s
