ply 1: 20 first moves
p1_a2a3: draw nodes=1744896 censored=True wall=9.36
p2_a2a3_a7a6: draw nodes=1761280 censored=True wall=9.321
p2_a2a3_a7a5: draw nodes=1716224 censored=True wall=9.305
p2_a2a3_b7b6: draw nodes=1622016 censored=True wall=9.261
p2_a2a3_b7b5: draw nodes=1699840 censored=True wall=9.274
p2_a2a3_c7c6: draw nodes=1765376 censored=True wall=9.28
p2_a2a3_c7c5: draw nodes=1683456 censored=True wall=9.241
p2_a2a3_d7d6: draw nodes=1683456 censored=True wall=9.268
p2_a2a3_d7d5: draw nodes=1699840 censored=True wall=9.273
p2_a2a3_e7e6: draw nodes=1683456 censored=True wall=9.241
p2_a2a3_e7e5: draw nodes=1667072 censored=True wall=9.228
p2_a2a3_f7f6: draw nodes=1753088 censored=True wall=9.3
p2_a2a3_f7f5: draw nodes=1732608 censored=True wall=9.322
p2_a2a3_g7g6: draw nodes=1777664 censored=True wall=9.305
p2_a2a3_g7g5: draw nodes=1789952 censored=True wall=9.32
p2_a2a3_h7h6: draw nodes=1753088 censored=True wall=9.309
p2_a2a3_h7h5: draw nodes=1748992 censored=True wall=9.315
p2_a2a3_b8a6: draw nodes=1703936 censored=True wall=9.288
p2_a2a3_b8c6: draw nodes=1703936 censored=True wall=9.261
p2_a2a3_g8f6: draw nodes=1748992 censored=True wall=9.306
p2_a2a3_g8h6: draw nodes=1753088 censored=True wall=9.315
[ply2 after a2a3: 20 replies; 21 runs, 195s]
p1_a2a4: draw nodes=1654784 censored=True wall=9.245
p2_a2a4_a7a6: draw nodes=1712128 censored=True wall=9.275
p2_a2a4_a7a5: draw nodes=1667072 censored=True wall=9.226
p2_a2a4_b7b6: draw nodes=1699840 censored=True wall=9.269
p2_a2a4_b7b5: draw nodes=1675264 censored=True wall=9.265
p2_a2a4_c7c6: draw nodes=1736704 censored=True wall=9.278
p2_a2a4_c7c5: draw nodes=1708032 censored=True wall=9.262
p2_a2a4_d7d6: draw nodes=1654784 censored=True wall=9.248
p2_a2a4_d7d5: draw nodes=1568768 censored=True wall=9.206
p2_a2a4_e7e6: draw nodes=1658880 censored=True wall=9.189
p2_a2a4_e7e5: draw nodes=1617920 censored=True wall=9.199
p2_a2a4_f7f6: draw nodes=1658880 censored=True wall=9.234
p2_a2a4_f7f5: draw nodes=1728512 censored=True wall=9.268
p2_a2a4_g7g6: draw nodes=1740800 censored=True wall=9.269
p2_a2a4_g7g5: draw nodes=1695744 censored=True wall=9.29
p2_a2a4_h7h6: draw nodes=1736704 censored=True wall=9.304
p2_a2a4_h7h5: draw nodes=1716224 censored=True wall=9.299
p2_a2a4_b8a6: draw nodes=1638400 censored=True wall=9.22
p2_a2a4_b8c6: draw nodes=1552384 censored=True wall=9.184
p2_a2a4_g8f6: draw nodes=1687552 censored=True wall=9.253
p2_a2a4_g8h6: draw nodes=1699840 censored=True wall=9.294
[ply2 after a2a4: 20 replies; 42 runs, 390s]
p1_b2b3: draw nodes=1662976 censored=True wall=9.247
p2_b2b3_a7a6: draw nodes=1691648 censored=True wall=9.235
p2_b2b3_a7a5: draw nodes=1630208 censored=True wall=9.223
p2_b2b3_b7b6: draw nodes=1601536 censored=True wall=9.214
p2_b2b3_b7b5: draw nodes=1720320 censored=True wall=9.289
p2_b2b3_c7c6: draw nodes=1757184 censored=True wall=9.3
p2_b2b3_c7c5: draw nodes=1675264 censored=True wall=9.265
p2_b2b3_d7d6: draw nodes=1552384 censored=True wall=9.153
p2_b2b3_d7d5: draw nodes=1568768 censored=True wall=9.172
p2_b2b3_e7e6: draw nodes=1654784 censored=True wall=9.223
p2_b2b3_e7e5: draw nodes=1658880 censored=True wall=9.199
p2_b2b3_f7f6: draw nodes=1712128 censored=True wall=9.289
p2_b2b3_f7f5: draw nodes=1683456 censored=True wall=9.305
p2_b2b3_g7g6: draw nodes=1728512 censored=True wall=9.292
p2_b2b3_g7g5: draw nodes=1691648 censored=True wall=9.26
p2_b2b3_h7h6: draw nodes=1720320 censored=True wall=9.265
p2_b2b3_h7h5: draw nodes=1736704 censored=True wall=9.321
p2_b2b3_b8a6: draw nodes=1675264 censored=True wall=9.239
p2_b2b3_b8c6: draw nodes=1654784 censored=True wall=9.204
p2_b2b3_g8f6: draw nodes=1699840 censored=True wall=9.289
p2_b2b3_g8h6: draw nodes=1736704 censored=True wall=9.309
[ply2 after b2b3: 20 replies; 63 runs, 584s]
p1_b2b4: draw nodes=1695744 censored=True wall=9.283
p2_b2b4_a7a6: draw nodes=1728512 censored=True wall=9.274
p2_b2b4_a7a5: draw nodes=1662976 censored=True wall=9.29
p2_b2b4_b7b6: draw nodes=1691648 censored=True wall=9.271
p2_b2b4_b7b5: draw nodes=1720320 censored=True wall=9.273
p2_b2b4_c7c6: draw nodes=1716224 censored=True wall=9.302
p2_b2b4_c7c5: draw nodes=1687552 censored=True wall=9.284
p2_b2b4_d7d6: draw nodes=1658880 censored=True wall=9.23
p2_b2b4_d7d5: draw nodes=1605632 censored=True wall=9.205
p2_b2b4_e7e6: draw nodes=1654784 censored=True wall=9.234
p2_b2b4_e7e5: draw nodes=1642496 censored=True wall=9.211
p2_b2b4_f7f6: draw nodes=1732608 censored=True wall=9.28
p2_b2b4_f7f5: draw nodes=1708032 censored=True wall=9.314
p2_b2b4_g7g6: draw nodes=1748992 censored=True wall=9.311
p2_b2b4_g7g5: draw nodes=1765376 censored=True wall=9.357
p2_b2b4_h7h6: draw nodes=1740800 censored=True wall=9.33
p2_b2b4_h7h5: draw nodes=1732608 censored=True wall=9.334
p2_b2b4_b8a6: draw nodes=1736704 censored=True wall=9.329
p2_b2b4_b8c6: draw nodes=1708032 censored=True wall=9.267
p2_b2b4_g8f6: draw nodes=1724416 censored=True wall=9.26
p2_b2b4_g8h6: draw nodes=1765376 censored=True wall=9.393
[ply2 after b2b4: 20 replies; 84 runs, 779s]
p1_c2c3: draw nodes=1724416 censored=True wall=9.29
p2_c2c3_a7a6: draw nodes=1748992 censored=True wall=9.311
p2_c2c3_a7a5: draw nodes=1667072 censored=True wall=9.49
p2_c2c3_b7b6: draw nodes=1650688 censored=True wall=9.245
p2_c2c3_b7b5: draw nodes=1712128 censored=True wall=9.3
p2_c2c3_c7c6: draw nodes=1728512 censored=True wall=9.289
p2_c2c3_c7c5: draw nodes=1699840 censored=True wall=9.279
p2_c2c3_d7d6: draw nodes=1675264 censored=True wall=9.235
p2_c2c3_d7d5: draw nodes=1642496 censored=True wall=9.233
p2_c2c3_e7e6: draw nodes=1687552 censored=True wall=9.223
p2_c2c3_e7e5: draw nodes=1601536 censored=True wall=9.206
p2_c2c3_f7f6: draw nodes=1695744 censored=True wall=9.288
p2_c2c3_f7f5: draw nodes=1720320 censored=True wall=9.291
p2_c2c3_g7g6: draw nodes=1736704 censored=True wall=9.502
p2_c2c3_g7g5: win nodes=20737 censored=False wall=0.159
p2_c2c3_h7h6: draw nodes=1687552 censored=True wall=9.344
p2_c2c3_h7h5: draw nodes=1626112 censored=True wall=9.279
p2_c2c3_b8a6: draw nodes=1687552 censored=True wall=9.28
p2_c2c3_b8c6: draw nodes=1699840 censored=True wall=9.295
p2_c2c3_g8f6: draw nodes=1720320 censored=True wall=9.228
p2_c2c3_g8h6: draw nodes=1712128 censored=True wall=9.204
[ply2 after c2c3: 20 replies; 105 runs, 965s]
p1_c2c4: draw nodes=1744896 censored=True wall=9.25
p2_c2c4_a7a6: draw nodes=1826816 censored=True wall=9.279
p2_c2c4_a7a5: draw nodes=1769472 censored=True wall=9.299
p2_c2c4_b7b6: draw nodes=1757184 censored=True wall=9.287
p2_c2c4_b7b5: draw nodes=1757184 censored=True wall=9.337
p2_c2c4_c7c6: draw nodes=1703936 censored=True wall=9.222
p2_c2c4_c7c5: draw nodes=1740800 censored=True wall=9.284
p2_c2c4_d7d6: draw nodes=1699840 censored=True wall=9.274
p2_c2c4_d7d5: draw nodes=1626112 censored=True wall=9.218
p2_c2c4_e7e6: draw nodes=1642496 censored=True wall=9.213
p2_c2c4_e7e5: draw nodes=1646592 censored=True wall=9.204
p2_c2c4_f7f6: draw nodes=1769472 censored=True wall=9.414
p2_c2c4_f7f5: draw nodes=1761280 censored=True wall=9.286
p2_c2c4_g7g6: draw nodes=1794048 censored=True wall=9.294
p2_c2c4_g7g5: draw nodes=1748992 censored=True wall=9.298
p2_c2c4_h7h6: draw nodes=1748992 censored=True wall=9.311
p2_c2c4_h7h5: draw nodes=1757184 censored=True wall=9.275
p2_c2c4_b8a6: draw nodes=1781760 censored=True wall=9.34
p2_c2c4_b8c6: draw nodes=1740800 censored=True wall=9.652
p2_c2c4_g8f6: draw nodes=1769472 censored=True wall=9.363
p2_c2c4_g8h6: draw nodes=1794048 censored=True wall=9.312
[ply2 after c2c4: 20 replies; 126 runs, 1161s]
p1_d2d3: draw nodes=1650688 censored=True wall=9.228
p2_d2d3_a7a6: draw nodes=1757184 censored=True wall=9.335
p2_d2d3_a7a5: draw nodes=1683456 censored=True wall=9.271
p2_d2d3_b7b6: draw nodes=1671168 censored=True wall=9.368
p2_d2d3_b7b5: draw nodes=1654784 censored=True wall=9.259
p2_d2d3_c7c6: draw nodes=1695744 censored=True wall=9.255
p2_d2d3_c7c5: draw nodes=1683456 censored=True wall=9.292
p2_d2d3_d7d6: draw nodes=1630208 censored=True wall=9.238
p2_d2d3_d7d5: draw nodes=1527808 censored=True wall=9.172
p2_d2d3_e7e6: draw nodes=1654784 censored=True wall=9.199
p2_d2d3_e7e5: draw nodes=1601536 censored=True wall=9.225
p2_d2d3_f7f6: draw nodes=1630208 censored=True wall=9.317
p2_d2d3_f7f5: draw nodes=1622016 censored=True wall=9.328
p2_d2d3_g7g6: draw nodes=1683456 censored=True wall=9.26
p2_d2d3_g7g5: draw nodes=1703936 censored=True wall=9.31
p2_d2d3_h7h6: draw nodes=1638400 censored=True wall=9.359
p2_d2d3_h7h5: draw nodes=1642496 censored=True wall=9.294
p2_d2d3_b8a6: draw nodes=1576960 censored=True wall=9.231
p2_d2d3_b8c6: draw nodes=1626112 censored=True wall=9.232
p2_d2d3_g8f6: draw nodes=1695744 censored=True wall=9.347
p2_d2d3_g8h6: draw nodes=1511424 censored=True wall=9.322
[ply2 after d2d3: 20 replies; 147 runs, 1356s]
p1_d2d4: draw nodes=1511424 censored=True wall=9.176
p2_d2d4_a7a6: draw nodes=1499136 censored=True wall=9.234
p2_d2d4_a7a5: draw nodes=1470464 censored=True wall=9.286
p2_d2d4_b7b6: draw nodes=1441792 censored=True wall=9.296
p2_d2d4_b7b5: draw nodes=1486848 censored=True wall=9.591
p2_d2d4_c7c6: draw nodes=1527808 censored=True wall=9.363
p2_d2d4_c7c5: draw nodes=1499136 censored=True wall=9.255
p2_d2d4_d7d6: draw nodes=1454080 censored=True wall=9.247
p2_d2d4_d7d5: draw nodes=1409024 censored=True wall=9.226
p2_d2d4_e7e6: draw nodes=1449984 censored=True wall=9.259
p2_d2d4_e7e5: draw nodes=1425408 censored=True wall=9.257
p2_d2d4_f7f6: draw nodes=1466368 censored=True wall=9.38
p2_d2d4_f7f5: draw nodes=1482752 censored=True wall=9.218
p2_d2d4_g7g6: draw nodes=1597440 censored=True wall=9.229
p2_d2d4_g7g5: draw nodes=1622016 censored=True wall=9.248
p2_d2d4_h7h6: draw nodes=1572864 censored=True wall=9.268
p2_d2d4_h7h5: draw nodes=1552384 censored=True wall=9.221
p2_d2d4_b8a6: draw nodes=1560576 censored=True wall=9.204
p2_d2d4_b8c6: draw nodes=1622016 censored=True wall=9.287
p2_d2d4_g8f6: draw nodes=1617920 censored=True wall=9.267
p2_d2d4_g8h6: draw nodes=1650688 censored=True wall=9.397
[ply2 after d2d4: 20 replies; 168 runs, 1551s]
p1_e2e3: draw nodes=1609728 censored=True wall=9.228
p2_e2e3_a7a6: win nodes=636 censored=False wall=0.029
p2_e2e3_a7a5: win nodes=1035 censored=False wall=0.031
p2_e2e3_b7b6: win nodes=908 censored=False wall=0.029
p2_e2e3_b7b5: win nodes=445 censored=False wall=0.029
p2_e2e3_c7c6: draw nodes=1585152 censored=True wall=9.227
p2_e2e3_c7c5: win nodes=722 censored=False wall=0.028
p2_e2e3_d7d6: draw nodes=1495040 censored=True wall=9.202
p2_e2e3_d7d5: draw nodes=1478656 censored=True wall=9.158
p2_e2e3_e7e6: draw nodes=1548288 censored=True wall=9.177
p2_e2e3_e7e5: draw nodes=1486848 censored=True wall=9.22
p2_e2e3_f7f6: win nodes=531 censored=False wall=0.029
p2_e2e3_f7f5: draw nodes=1560576 censored=True wall=9.261
p2_e2e3_g7g6: win nodes=1047199 censored=False wall=6.045
p2_e2e3_g7g5: win nodes=158 censored=False wall=0.026
p2_e2e3_h7h6: win nodes=704 censored=False wall=0.028
p2_e2e3_h7h5: win nodes=900365 censored=False wall=5.039
p2_e2e3_b8a6: win nodes=929 censored=False wall=0.029
p2_e2e3_b8c6: win nodes=265 censored=False wall=0.028
p2_e2e3_g8f6: draw nodes=1650688 censored=True wall=9.281
p2_e2e3_g8h6: win nodes=830 censored=False wall=0.032
[ply2 after e2e3: 20 replies; 189 runs, 1636s]
p1_e2e4: draw nodes=1597440 censored=True wall=9.2
p2_e2e4_a7a6: win nodes=685 censored=False wall=0.03
p2_e2e4_a7a5: win nodes=1087 censored=False wall=0.031
p2_e2e4_b7b6: win nodes=959 censored=False wall=0.03
p2_e2e4_b7b5: win nodes=494 censored=False wall=0.028
p2_e2e4_c7c6: draw nodes=1548288 censored=True wall=9.208
p2_e2e4_c7c5: win nodes=774 censored=False wall=0.029
p2_e2e4_d7d6: draw nodes=1486848 censored=True wall=9.148
p2_e2e4_d7d5: draw nodes=1515520 censored=True wall=9.12
p2_e2e4_e7e6: draw nodes=1556480 censored=True wall=9.167
p2_e2e4_e7e5: win nodes=4749 censored=False wall=0.049
p2_e2e4_f7f6: win nodes=531 censored=False wall=0.029
p2_e2e4_f7f5: win nodes=3695 censored=False wall=0.047
p2_e2e4_g7g6: draw nodes=1576960 censored=True wall=9.224
p2_e2e4_g7g5: win nodes=158 censored=False wall=0.028
p2_e2e4_h7h6: win nodes=752 censored=False wall=0.03
p2_e2e4_h7h5: draw nodes=1515520 censored=True wall=9.202
p2_e2e4_b8a6: win nodes=981 censored=False wall=0.031
p2_e2e4_b8c6: win nodes=316 censored=False wall=0.028
p2_e2e4_g8f6: draw nodes=1626112 censored=True wall=9.266
p2_e2e4_g8h6: win nodes=831 censored=False wall=0.032
[ply2 after e2e4: 20 replies; 210 runs, 1710s]
p1_f2f3: draw nodes=1634304 censored=True wall=9.334
p2_f2f3_a7a6: draw nodes=1736704 censored=True wall=9.451
p2_f2f3_a7a5: draw nodes=1650688 censored=True wall=9.288
p2_f2f3_b7b6: draw nodes=1675264 censored=True wall=9.308
p2_f2f3_b7b5: draw nodes=1617920 censored=True wall=9.387
p2_f2f3_c7c6: draw nodes=1589248 censored=True wall=9.254
p2_f2f3_c7c5: draw nodes=1662976 censored=True wall=9.305
p2_f2f3_d7d6: draw nodes=1613824 censored=True wall=9.405
p2_f2f3_d7d5: draw nodes=1540096 censored=True wall=9.29
p2_f2f3_e7e6: draw nodes=1552384 censored=True wall=9.213
p2_f2f3_e7e5: draw nodes=1495040 censored=True wall=9.18
p2_f2f3_f7f6: draw nodes=1609728 censored=True wall=9.353
p2_f2f3_f7f5: draw nodes=1515520 censored=True wall=9.299
p2_f2f3_g7g6: draw nodes=1613824 censored=True wall=9.341
p2_f2f3_g7g5: draw nodes=1556480 censored=True wall=9.346
p2_f2f3_h7h6: draw nodes=1581056 censored=True wall=9.361
p2_f2f3_h7h5: draw nodes=1552384 censored=True wall=9.366
p2_f2f3_b8a6: draw nodes=1572864 censored=True wall=9.357
p2_f2f3_b8c6: draw nodes=1531904 censored=True wall=9.874
p2_f2f3_g8f6: draw nodes=1523712 censored=True wall=9.268
p2_f2f3_g8h6: draw nodes=1544192 censored=True wall=9.299
[ply2 after f2f3: 20 replies; 231 runs, 1907s]
p1_f2f4: draw nodes=1515520 censored=True wall=9.222
p2_f2f4_a7a6: draw nodes=1515520 censored=True wall=9.275
p2_f2f4_a7a5: draw nodes=1466368 censored=True wall=9.248
p2_f2f4_b7b6: draw nodes=1486848 censored=True wall=9.227
p2_f2f4_b7b5: draw nodes=1511424 censored=True wall=9.271
p2_f2f4_c7c6: draw nodes=1536000 censored=True wall=9.23
p2_f2f4_c7c5: draw nodes=1536000 censored=True wall=9.384
p2_f2f4_d7d6: draw nodes=1392640 censored=True wall=9.182
p2_f2f4_d7d5: draw nodes=1454080 censored=True wall=9.238
p2_f2f4_e7e6: draw nodes=1495040 censored=True wall=9.182
p2_f2f4_e7e5: draw nodes=1466368 censored=True wall=9.237
p2_f2f4_f7f6: draw nodes=1519616 censored=True wall=9.258
p2_f2f4_f7f5: draw nodes=1523712 censored=True wall=9.267
p2_f2f4_g7g6: draw nodes=1503232 censored=True wall=9.221
p2_f2f4_g7g5: draw nodes=1490944 censored=True wall=9.254
p2_f2f4_h7h6: draw nodes=1466368 censored=True wall=9.279
p2_f2f4_h7h5: draw nodes=1515520 censored=True wall=9.461
p2_f2f4_b8a6: draw nodes=1474560 censored=True wall=9.293
p2_f2f4_b8c6: draw nodes=1445888 censored=True wall=9.211
p2_f2f4_g8f6: draw nodes=1380352 censored=True wall=9.15
p2_f2f4_g8h6: draw nodes=1474560 censored=True wall=9.209
[ply2 after f2f4: 20 replies; 252 runs, 2101s]
p1_g2g3: draw nodes=1527808 censored=True wall=9.24
p2_g2g3_a7a6: draw nodes=1523712 censored=True wall=9.247
p2_g2g3_a7a5: draw nodes=1470464 censored=True wall=9.188
p2_g2g3_b7b6: draw nodes=1495040 censored=True wall=9.192
p2_g2g3_b7b5: draw nodes=1507328 censored=True wall=9.261
p2_g2g3_c7c6: draw nodes=1519616 censored=True wall=9.341
p2_g2g3_c7c5: draw nodes=1511424 censored=True wall=9.223
p2_g2g3_d7d6: draw nodes=1474560 censored=True wall=9.18
p2_g2g3_d7d5: draw nodes=1466368 censored=True wall=9.187
p2_g2g3_e7e6: draw nodes=1458176 censored=True wall=9.146
p2_g2g3_e7e5: draw nodes=1449984 censored=True wall=9.199
p2_g2g3_f7f6: draw nodes=1527808 censored=True wall=9.244
p2_g2g3_f7f5: draw nodes=1486848 censored=True wall=9.222
p2_g2g3_g7g6: draw nodes=1507328 censored=True wall=9.216
p2_g2g3_g7g5: draw nodes=1548288 censored=True wall=9.294
p2_g2g3_h7h6: draw nodes=1478656 censored=True wall=9.247
p2_g2g3_h7h5: draw nodes=1445888 censored=True wall=9.25
p2_g2g3_b8a6: draw nodes=1474560 censored=True wall=9.182
p2_g2g3_b8c6: draw nodes=1474560 censored=True wall=9.202
p2_g2g3_g8f6: draw nodes=1503232 censored=True wall=9.223
p2_g2g3_g8h6: draw nodes=1527808 censored=True wall=9.236
[ply2 after g2g3: 20 replies; 273 runs, 2295s]
p1_g2g4: draw nodes=1552384 censored=True wall=9.23
p2_g2g4_a7a6: draw nodes=1568768 censored=True wall=9.274
p2_g2g4_a7a5: draw nodes=1527808 censored=True wall=9.229
p2_g2g4_b7b6: draw nodes=1552384 censored=True wall=9.259
p2_g2g4_b7b5: draw nodes=1527808 censored=True wall=9.241
p2_g2g4_c7c6: draw nodes=1499136 censored=True wall=9.211
p2_g2g4_c7c5: draw nodes=1556480 censored=True wall=9.246
p2_g2g4_d7d6: draw nodes=1486848 censored=True wall=9.219
p2_g2g4_d7d5: draw nodes=1372160 censored=True wall=9.132
p2_g2g4_e7e6: draw nodes=1536000 censored=True wall=9.224
p2_g2g4_e7e5: draw nodes=1519616 censored=True wall=9.214
p2_g2g4_f7f6: draw nodes=1589248 censored=True wall=9.314
p2_g2g4_f7f5: draw nodes=1499136 censored=True wall=9.237
p2_g2g4_g7g6: draw nodes=1560576 censored=True wall=9.281
p2_g2g4_g7g5: draw nodes=1507328 censored=True wall=9.231
p2_g2g4_h7h6: draw nodes=1552384 censored=True wall=9.233
p2_g2g4_h7h5: draw nodes=1523712 censored=True wall=9.248
p2_g2g4_b8a6: draw nodes=1568768 censored=True wall=9.259
p2_g2g4_b8c6: draw nodes=1499136 censored=True wall=9.256
p2_g2g4_g8f6: draw nodes=1490944 censored=True wall=9.263
p2_g2g4_g8h6: draw nodes=1540096 censored=True wall=9.276
[ply2 after g2g4: 20 replies; 294 runs, 2489s]
p1_h2h3: draw nodes=1536000 censored=True wall=9.3
p2_h2h3_a7a6: draw nodes=1507328 censored=True wall=9.425
p2_h2h3_a7a5: draw nodes=1470464 censored=True wall=9.238
p2_h2h3_b7b6: draw nodes=1495040 censored=True wall=9.187
p2_h2h3_b7b5: draw nodes=1490944 censored=True wall=9.196
p2_h2h3_c7c6: draw nodes=1548288 censored=True wall=9.204
p2_h2h3_c7c5: draw nodes=1568768 censored=True wall=9.211
p2_h2h3_d7d6: draw nodes=1499136 censored=True wall=9.177
p2_h2h3_d7d5: draw nodes=1458176 censored=True wall=9.154
p2_h2h3_e7e6: draw nodes=1531904 censored=True wall=9.206
p2_h2h3_e7e5: draw nodes=1503232 censored=True wall=9.189
p2_h2h3_f7f6: draw nodes=1544192 censored=True wall=9.263
p2_h2h3_f7f5: draw nodes=1495040 censored=True wall=9.228
p2_h2h3_g7g6: draw nodes=1564672 censored=True wall=9.259
p2_h2h3_g7g5: draw nodes=1523712 censored=True wall=9.239
p2_h2h3_h7h6: draw nodes=1564672 censored=True wall=9.175
p2_h2h3_h7h5: draw nodes=1568768 censored=True wall=9.246
p2_h2h3_b8a6: draw nodes=1544192 censored=True wall=9.216
p2_h2h3_b8c6: draw nodes=1536000 censored=True wall=9.192
p2_h2h3_g8f6: draw nodes=1519616 censored=True wall=9.219
p2_h2h3_g8h6: draw nodes=1503232 censored=True wall=9.162
[ply2 after h2h3: 20 replies; 315 runs, 2683s]
p1_h2h4: draw nodes=1581056 censored=True wall=9.244
p2_h2h4_a7a6: draw nodes=1556480 censored=True wall=9.212
p2_h2h4_a7a5: draw nodes=1515520 censored=True wall=9.243
p2_h2h4_b7b6: draw nodes=1507328 censored=True wall=9.195
p2_h2h4_b7b5: draw nodes=1544192 censored=True wall=9.264
p2_h2h4_c7c6: draw nodes=1548288 censored=True wall=9.246
p2_h2h4_c7c5: draw nodes=1531904 censored=True wall=9.215
p2_h2h4_d7d6: draw nodes=1482752 censored=True wall=9.174
p2_h2h4_d7d5: draw nodes=1486848 censored=True wall=9.211
p2_h2h4_e7e6: draw nodes=1495040 censored=True wall=9.159
p2_h2h4_e7e5: draw nodes=1421312 censored=True wall=9.121
p2_h2h4_f7f6: draw nodes=1560576 censored=True wall=9.237
p2_h2h4_f7f5: draw nodes=1552384 censored=True wall=9.27
p2_h2h4_g7g6: draw nodes=1556480 censored=True wall=9.239
p2_h2h4_g7g5: draw nodes=1540096 censored=True wall=9.238
p2_h2h4_h7h6: draw nodes=1552384 censored=True wall=9.232
p2_h2h4_h7h5: draw nodes=1593344 censored=True wall=9.255
p2_h2h4_b8a6: draw nodes=1536000 censored=True wall=9.215
p2_h2h4_b8c6: draw nodes=1515520 censored=True wall=9.222
p2_h2h4_g8f6: draw nodes=1527808 censored=True wall=9.236
p2_h2h4_g8h6: draw nodes=1441792 censored=True wall=9.179
[ply2 after h2h4: 20 replies; 336 runs, 2877s]
p1_b1a3: draw nodes=1531904 censored=True wall=9.192
p2_b1a3_a7a6: draw nodes=1556480 censored=True wall=9.2
p2_b1a3_a7a5: draw nodes=1540096 censored=True wall=9.19
p2_b1a3_b7b6: draw nodes=1540096 censored=True wall=9.187
p2_b1a3_b7b5: draw nodes=1568768 censored=True wall=9.248
p2_b1a3_c7c6: draw nodes=1581056 censored=True wall=9.232
p2_b1a3_c7c5: draw nodes=1564672 censored=True wall=9.209
p2_b1a3_d7d6: draw nodes=1507328 censored=True wall=9.19
p2_b1a3_d7d5: draw nodes=1503232 censored=True wall=9.2
p2_b1a3_e7e6: draw nodes=1495040 censored=True wall=9.187
p2_b1a3_e7e5: draw nodes=1482752 censored=True wall=9.133
p2_b1a3_f7f6: draw nodes=1564672 censored=True wall=9.227
p2_b1a3_f7f5: draw nodes=1548288 censored=True wall=9.213
p2_b1a3_g7g6: draw nodes=1589248 censored=True wall=9.247
p2_b1a3_g7g5: draw nodes=1617920 censored=True wall=9.279
p2_b1a3_h7h6: draw nodes=1593344 censored=True wall=9.228
p2_b1a3_h7h5: draw nodes=1585152 censored=True wall=9.261
p2_b1a3_b8a6: draw nodes=1548288 censored=True wall=9.208
p2_b1a3_b8c6: draw nodes=1531904 censored=True wall=9.21
p2_b1a3_g8f6: draw nodes=1552384 censored=True wall=9.237
p2_b1a3_g8h6: draw nodes=1581056 censored=True wall=9.253
[ply2 after b1a3: 20 replies; 357 runs, 3070s]
p1_b1c3: draw nodes=1531904 censored=True wall=9.212
p2_b1c3_a7a6: draw nodes=1523712 censored=True wall=9.229
p2_b1c3_a7a5: draw nodes=1474560 censored=True wall=9.189
p2_b1c3_b7b6: draw nodes=1474560 censored=True wall=9.174
p2_b1c3_b7b5: draw nodes=1519616 censored=True wall=9.244
p2_b1c3_c7c6: draw nodes=1499136 censored=True wall=9.293
p2_b1c3_c7c5: draw nodes=1429504 censored=True wall=9.147
p2_b1c3_d7d6: draw nodes=1499136 censored=True wall=9.179
p2_b1c3_d7d5: draw nodes=1392640 censored=True wall=9.121
p2_b1c3_e7e6: draw nodes=1466368 censored=True wall=9.138
p2_b1c3_e7e5: draw nodes=1429504 censored=True wall=9.135
p2_b1c3_f7f6: draw nodes=1372160 censored=True wall=9.1
p2_b1c3_f7f5: draw nodes=1523712 censored=True wall=9.228
p2_b1c3_g7g6: draw nodes=1564672 censored=True wall=9.231
p2_b1c3_g7g5: draw nodes=1548288 censored=True wall=9.235
p2_b1c3_h7h6: draw nodes=1531904 censored=True wall=9.213
p2_b1c3_h7h5: draw nodes=1490944 censored=True wall=9.172
p2_b1c3_b8a6: draw nodes=1478656 censored=True wall=9.176
p2_b1c3_b8c6: draw nodes=1495040 censored=True wall=9.176
p2_b1c3_g8f6: draw nodes=1536000 censored=True wall=9.21
p2_b1c3_g8h6: draw nodes=1523712 censored=True wall=9.215
[ply2 after b1c3: 20 replies; 378 runs, 3264s]
p1_g1f3: draw nodes=1552384 censored=True wall=9.241
p2_g1f3_a7a6: win nodes=82 censored=False wall=0.027
p2_g1f3_a7a5: win nodes=85 censored=False wall=0.027
p2_g1f3_b7b6: win nodes=86 censored=False wall=0.026
p2_g1f3_b7b5: win nodes=86 censored=False wall=0.027
p2_g1f3_c7c6: win nodes=86 censored=False wall=0.027
p2_g1f3_c7c5: win nodes=133 censored=False wall=0.028
p2_g1f3_d7d6: draw nodes=1560576 censored=True wall=9.249
p2_g1f3_d7d5: win nodes=194 censored=False wall=0.026
p2_g1f3_e7e6: win nodes=203 censored=False wall=0.029
p2_g1f3_e7e5: draw nodes=1425408 censored=True wall=9.124
p2_g1f3_f7f6: draw nodes=1589248 censored=True wall=9.244
p2_g1f3_f7f5: win nodes=179 censored=False wall=0.028
p2_g1f3_g7g6: win nodes=86 censored=False wall=0.027
p2_g1f3_g7g5: win nodes=126 censored=False wall=0.027
p2_g1f3_h7h6: win nodes=82 censored=False wall=0.026
p2_g1f3_h7h5: win nodes=86 censored=False wall=0.027
p2_g1f3_b8a6: win nodes=84 censored=False wall=0.028
p2_g1f3_b8c6: win nodes=3124 censored=False wall=0.042
p2_g1f3_g8f6: win nodes=88 censored=False wall=0.026
p2_g1f3_g8h6: win nodes=84 censored=False wall=0.026
[ply2 after g1f3: 20 replies; 399 runs, 3301s]
p1_g1h3: draw nodes=1581056 censored=True wall=9.292
p2_g1h3_a7a6: win nodes=1762 censored=False wall=0.037
p2_g1h3_a7a5: win nodes=1804 censored=False wall=0.037
p2_g1h3_b7b6: win nodes=1797 censored=False wall=0.035
p2_g1h3_b7b5: win nodes=1792 censored=False wall=0.038
p2_g1h3_c7c6: draw nodes=1589248 censored=True wall=9.241
p2_g1h3_c7c5: draw nodes=1626112 censored=True wall=9.289
p2_g1h3_d7d6: draw nodes=1527808 censored=True wall=9.256
p2_g1h3_d7d5: draw nodes=1499136 censored=True wall=9.227
p2_g1h3_e7e6: draw nodes=1552384 censored=True wall=9.227
p2_g1h3_e7e5: draw nodes=1507328 censored=True wall=9.189
p2_g1h3_f7f6: draw nodes=1552384 censored=True wall=9.239
p2_g1h3_f7f5: draw nodes=1548288 censored=True wall=9.239
p2_g1h3_g7g6: win nodes=1781 censored=False wall=0.036
p2_g1h3_g7g5: win nodes=36660 censored=False wall=0.223
p2_g1h3_h7h6: draw nodes=1523712 censored=True wall=9.195
p2_g1h3_h7h5: win nodes=1746 censored=False wall=0.037
p2_g1h3_b8a6: win nodes=1808 censored=False wall=0.035
p2_g1h3_b8c6: win nodes=1884 censored=False wall=0.037
p2_g1h3_g8f6: win nodes=84 censored=False wall=0.026
p2_g1h3_g8h6: win nodes=1040 censored=False wall=0.032
[ply2 after g1h3: 20 replies; 420 runs, 3394s]
