cost: 79 runs to do (tt_size=128)
[1/79] startpos p0: outcome=draw length: 0 nodes=25202688 wall=122.754s censored=True tt=123494860
[2/79] startpos p2: outcome=draw length: 0 nodes=25481216 wall=122.893s censored=True tt=125139519
[3/79] startpos p4: outcome=draw length: 0 nodes=22798336 wall=122.603s censored=True tt=125882040
[4/79] startpos p6: outcome=draw length: 0 nodes=24862720 wall=122.842s censored=True tt=129199566
[5/79] startpos p8: outcome=draw length: 0 nodes=25411584 wall=122.856s censored=True tt=132410429
[6/79] startpos p10: outcome=win length: 5 nodes=516 wall=0.026s censored=False tt=18258
[7/79] startpos p12: outcome=win length: 3 nodes=366 wall=0.024s censored=False tt=13266
[8/79] startpos p14: outcome=win length: 1 nodes=1 wall=0.022s censored=False tt=110
[9/79] e4 p1: outcome=draw length: 0 nodes=24297472 wall=122.8s censored=True tt=123911095
[10/79] e4 p3: outcome=draw length: 0 nodes=25038848 wall=122.781s censored=True tt=124808663
[11/79] e4 p5: outcome=draw length: 0 nodes=24330240 wall=122.79s censored=True tt=124662185
[12/79] e4 p7: outcome=draw length: 0 nodes=23543808 wall=123.07s censored=True tt=126982505
[13/79] e4 p9: outcome=draw length: 0 nodes=21901312 wall=123.17s censored=True tt=132210975
[14/79] e4 p11: outcome=draw length: 0 nodes=21581824 wall=123.191s censored=True tt=138073457
[15/79] e4 p13: outcome=draw length: 0 nodes=20508672 wall=123.256s censored=True tt=139331384
[16/79] e4 p15: outcome=draw length: 0 nodes=21467136 wall=123.293s censored=True tt=138320662
[17/79] e4 p17: outcome=draw length: 0 nodes=20885504 wall=123.316s censored=True tt=143889999
[18/79] e4 p19: outcome=draw length: 0 nodes=22183936 wall=123.347s censored=True tt=141909390
[19/79] e4 p21: outcome=draw length: 0 nodes=22274048 wall=123.153s censored=True tt=135175182
[20/79] e4 p23: outcome=win length: 5 nodes=71 wall=0.025s censored=False tt=2650
[21/79] e4 p25: outcome=win length: 3 nodes=3 wall=0.025s censored=False tt=138
[22/79] e4 p27: outcome=win length: 1 nodes=1 wall=0.024s censored=False tt=108
[23/79] d4 p1: outcome=draw length: 0 nodes=21692416 wall=123.095s censored=True tt=132728596
[24/79] d4 p3: outcome=draw length: 0 nodes=22310912 wall=123.29s censored=True tt=133211093
[25/79] d4 p5: outcome=draw length: 0 nodes=21229568 wall=123.046s censored=True tt=133607126
[26/79] d4 p7: outcome=draw length: 0 nodes=22224896 wall=123.206s censored=True tt=133660252
[27/79] d4 p9: outcome=draw length: 0 nodes=22892544 wall=122.964s censored=True tt=131630098
[28/79] d4 p11: outcome=draw length: 0 nodes=23388160 wall=123.007s censored=True tt=136964042
[29/79] d4 p13: outcome=draw length: 0 nodes=22413312 wall=123.397s censored=True tt=143508986
[30/79] d4 p15: outcome=draw length: 0 nodes=21581824 wall=123.22s censored=True tt=138250036
[31/79] d4 p17: outcome=draw length: 0 nodes=20643840 wall=123.28s censored=True tt=140052264
[32/79] d4 p19: outcome=draw length: 0 nodes=21549056 wall=123.379s censored=True tt=143670457
[33/79] d4 p21: outcome=draw length: 0 nodes=22331392 wall=123.152s censored=True tt=135101124
[34/79] d4 p23: outcome=win length: 5 nodes=71 wall=0.025s censored=False tt=2650
[35/79] d4 p25: outcome=win length: 3 nodes=3 wall=0.031s censored=False tt=138
[36/79] d4 p27: outcome=win length: 1 nodes=1 wall=0.025s censored=False tt=108
[37/79] nf3 p1: outcome=draw length: 0 nodes=21864448 wall=123.109s censored=True tt=130366644
[38/79] nf3 p3: outcome=draw length: 0 nodes=22515712 wall=123.094s censored=True tt=131825843
[39/79] nf3 p5: outcome=draw length: 0 nodes=22106112 wall=122.959s censored=True tt=131936285
[40/79] nf3 p7: outcome=draw length: 0 nodes=21585920 wall=123.103s censored=True tt=135111437
[41/79] nf3 p9: outcome=draw length: 0 nodes=22589440 wall=123.129s censored=True tt=133463932
[42/79] nf3 p11: outcome=draw length: 0 nodes=21774336 wall=123.205s censored=True tt=138186877
[43/79] nf3 p13: outcome=draw length: 0 nodes=22298624 wall=123.445s censored=True tt=141305423
[44/79] nf3 p15: outcome=draw length: 0 nodes=22228992 wall=123.133s censored=True tt=140060527
[45/79] nf3 p17: outcome=draw length: 0 nodes=22376448 wall=123.082s censored=True tt=140692110
[46/79] nf3 p19: outcome=draw length: 0 nodes=23089152 wall=123.215s censored=True tt=138852420
[47/79] nf3 p21: outcome=draw length: 0 nodes=24563712 wall=122.952s censored=True tt=130456616
[48/79] nf3 p23: outcome=win length: 3 nodes=29 wall=0.022s censored=False tt=1107
[49/79] nf3 p25: outcome=win length: 1 nodes=1 wall=0.043s censored=False tt=111
[50/79] e4e5 p2: outcome=win length: 9 nodes=4749 wall=0.052s censored=False tt=157605
[51/79] e4e5 p4: outcome=win length: 7 nodes=4445 wall=0.045s censored=False tt=151598
[52/79] e4e5 p6: outcome=win length: 5 nodes=479 wall=0.022s censored=False tt=16109
[53/79] e4e5 p8: outcome=win length: 3 nodes=3 wall=0.031s censored=False tt=139
[54/79] e4e5 p10: outcome=win length: 1 nodes=1 wall=0.022s censored=False tt=109
[55/79] e4c5 p2: outcome=win length: 5 nodes=774 wall=0.027s censored=False tt=27621
[56/79] e4c5 p4: outcome=win length: 3 nodes=621 wall=0.025s censored=False tt=22433
[57/79] e4c5 p6: outcome=win length: 1 nodes=1 wall=0.022s censored=False tt=114
[58/79] d4d5 p2: outcome=draw length: 0 nodes=23396352 wall=123.002s censored=True tt=131137146
[59/79] d4d5 p4: outcome=draw length: 0 nodes=24154112 wall=122.92s censored=True tt=131560402
[60/79] d4d5 p6: outcome=draw length: 0 nodes=23842816 wall=122.93s censored=True tt=131900665
[61/79] d4d5 p8: outcome=draw length: 0 nodes=22503424 wall=123.056s censored=True tt=134285811
[62/79] d4d5 p10: outcome=draw length: 0 nodes=21483520 wall=123.106s censored=True tt=136162029
[63/79] d4d5 p12: outcome=draw length: 0 nodes=21766144 wall=123.35s censored=True tt=144190867
[64/79] d4d5 p14: outcome=draw length: 0 nodes=21602304 wall=123.256s censored=True tt=145333081
[65/79] d4d5 p16: outcome=draw length: 0 nodes=21786624 wall=123.288s censored=True tt=142490997
[66/79] d4d5 p18: outcome=draw length: 0 nodes=22228992 wall=123.369s censored=True tt=139563456
[67/79] d4d5 p20: outcome=draw length: 0 nodes=22429696 wall=123.236s censored=True tt=142046115
[68/79] d4d5 p22: outcome=draw length: 0 nodes=28434432 wall=122.964s censored=True tt=131059541
[69/79] d4d5 p24: outcome=draw length: 0 nodes=25337856 wall=123.01s censored=True tt=132168785
[70/79] d4d5 p26: outcome=draw length: 0 nodes=46649344 wall=123.038s censored=True tt=136272056
[71/79] d4d5 p28: outcome=draw length: 0 nodes=21057536 wall=123.38s censored=True tt=134379952
[72/79] d4d5 p30: outcome=win length: 29 nodes=23228233 wall=101.825s censored=False tt=136097625
[73/79] d4d5 p32: outcome=win length: 7 nodes=900 wall=0.028s censored=False tt=30617
[74/79] d4d5 p34: outcome=win length: 5 nodes=9 wall=0.021s censored=False tt=206
[75/79] d4d5 p36: outcome=win length: 3 nodes=7 wall=0.021s censored=False tt=175
[76/79] d4d5 p38: outcome=win length: 1 nodes=1 wall=0.021s censored=False tt=105
[77/79] nf3d5 p2: outcome=win length: 5 nodes=194 wall=0.023s censored=False tt=6225
[78/79] nf3d5 p4: outcome=win length: 3 nodes=48 wall=0.022s censored=False tt=1503
[79/79] nf3d5 p6: outcome=win length: 1 nodes=1 wall=0.021s censored=False tt=110
