{
  "suite": "thorough",
  "mode": "refined",
  "timeout": 30,
  "runs": 1,
  "epsilon": 0.125,
  "tt_size": 128,
  "config_path": null,
  "results": [
    {
      "name": "dec13",
      "status": "ok",
      "outcome": "win",
      "expected": "win",
      "nodes": 259521,
      "child_evals": 4822604,
      "time_mean": 0.879041954,
      "time_min": 0.879041954,
      "time_max": 0.879041954,
      "pv_len": 17,
      "timeout": false,
      "wrong": false
    }
  ],
  "aggregates": {
    "total_nodes": 259521,
    "total_child_evals": 4822604,
    "total_time": 0.879041954,
    "solved": 1,
    "timeouts": 0,
    "wrong": 0,
    "mean_pv_len": 17.0
  }
}
