{
  "suite": "thorough",
  "mode": "refined",
  "timeout": 300,
  "runs": 1,
  "epsilon": 0.125,
  "tt_size": 128,
  "config_path": null,
  "results": [
    {
      "name": "m21_white",
      "status": "ok",
      "outcome": "win",
      "expected": "win",
      "nodes": 19943731,
      "child_evals": 338094183,
      "time_mean": 60.333882315,
      "time_min": 60.333882315,
      "time_max": 60.333882315,
      "pv_len": 129,
      "timeout": false,
      "wrong": false
    }
  ],
  "aggregates": {
    "total_nodes": 19943731,
    "total_child_evals": 338094183,
    "total_time": 60.333882315,
    "solved": 1,
    "timeouts": 0,
    "wrong": 0,
    "mean_pv_len": 129.0
  }
}
