{
  "suite": "thorough",
  "mode": "refined",
  "timeout": 30,
  "runs": 1,
  "epsilon": 0.375,
  "tt_size": 128,
  "config_path": null,
  "results": [
    {
      "name": "m22_white",
      "status": "ok",
      "outcome": "win",
      "expected": "win",
      "nodes": 1826408,
      "child_evals": 15447517,
      "time_mean": 2.506884618,
      "time_min": 2.506884618,
      "time_max": 2.506884618,
      "pv_len": 71,
      "timeout": false,
      "wrong": false
    }
  ],
  "aggregates": {
    "total_nodes": 1826408,
    "total_child_evals": 15447517,
    "total_time": 2.506884618,
    "solved": 1,
    "timeouts": 0,
    "wrong": 0,
    "mean_pv_len": 71.0
  }
}
