{
  "suite": "thorough",
  "mode": "refined",
  "timeout": 300,
  "runs": 1,
  "epsilon": 0.375,
  "tt_size": 128,
  "config_path": null,
  "results": [
    {
      "name": "m21_white",
      "status": "ok",
      "outcome": "win",
      "expected": "win",
      "nodes": 16496799,
      "child_evals": 292293215,
      "time_mean": 51.528044639,
      "time_min": 51.528044639,
      "time_max": 51.528044639,
      "pv_len": 71,
      "timeout": false,
      "wrong": false
    }
  ],
  "aggregates": {
    "total_nodes": 16496799,
    "total_child_evals": 292293215,
    "total_time": 51.528044639,
    "solved": 1,
    "timeouts": 0,
    "wrong": 0,
    "mean_pv_len": 71.0
  }
}
