{
  "suite": "thorough",
  "mode": "refined",
  "timeout": 30,
  "runs": 1,
  "epsilon": 0.375,
  "tt_size": 128,
  "config_path": null,
  "results": [
    {
      "name": "dec13",
      "status": "ok",
      "outcome": "win",
      "expected": "win",
      "nodes": 408409,
      "child_evals": 5942001,
      "time_mean": 1.070236292,
      "time_min": 1.070236292,
      "time_max": 1.070236292,
      "pv_len": 15,
      "timeout": false,
      "wrong": false
    }
  ],
  "aggregates": {
    "total_nodes": 408409,
    "total_child_evals": 5942001,
    "total_time": 1.070236292,
    "solved": 1,
    "timeouts": 0,
    "wrong": 0,
    "mean_pv_len": 15.0
  }
}
