{
  "suite": "thorough",
  "mode": "first-outcome",
  "timeout": 30,
  "runs": 1,
  "epsilon": 0.375,
  "tt_size": 128,
  "config_path": null,
  "results": [
    {
      "name": "dec13",
      "status": "ok",
      "outcome": "win",
      "expected": "win",
      "nodes": 169865,
      "child_evals": 3921011,
      "time_mean": 0.729097585,
      "time_min": 0.729097585,
      "time_max": 0.729097585,
      "pv_len": 29,
      "timeout": false,
      "wrong": false
    }
  ],
  "aggregates": {
    "total_nodes": 169865,
    "total_child_evals": 3921011,
    "total_time": 0.729097585,
    "solved": 1,
    "timeouts": 0,
    "wrong": 0,
    "mean_pv_len": 29.0
  }
}
