{
  "suite": "thorough",
  "mode": "first-outcome",
  "timeout": 30,
  "runs": 1,
  "epsilon": 0.375,
  "tt_size": 128,
  "config_path": null,
  "results": [
    {
      "name": "m22_white",
      "status": "ok",
      "outcome": "win",
      "expected": "win",
      "nodes": 738183,
      "child_evals": 12351299,
      "time_mean": 2.237609284,
      "time_min": 2.237609284,
      "time_max": 2.237609284,
      "pv_len": 73,
      "timeout": false,
      "wrong": false
    }
  ],
  "aggregates": {
    "total_nodes": 738183,
    "total_child_evals": 12351299,
    "total_time": 2.237609284,
    "solved": 1,
    "timeouts": 0,
    "wrong": 0,
    "mean_pv_len": 73.0
  }
}
