{
  "suite": "thorough",
  "mode": "first-outcome",
  "timeout": 60,
  "runs": 1,
  "epsilon": 0.125,
  "tt_size": 128,
  "config_path": null,
  "results": [
    {
      "name": "dec10",
      "status": "ok",
      "outcome": "win",
      "expected": "win",
      "nodes": 617048,
      "child_evals": 4262128,
      "time_mean": 0.469239062,
      "time_min": 0.469239062,
      "time_max": 0.469239062,
      "pv_len": 41,
      "timeout": false,
      "wrong": false
    }
  ],
  "aggregates": {
    "total_nodes": 617048,
    "total_child_evals": 4262128,
    "total_time": 0.469239062,
    "solved": 1,
    "timeouts": 0,
    "wrong": 0,
    "mean_pv_len": 41.0
  }
}
