{
  "suite": "thorough",
  "mode": "first-outcome",
  "timeout": 300,
  "runs": 1,
  "epsilon": 0.125,
  "tt_size": 128,
  "config_path": null,
  "results": [
    {
      "name": "m21_white",
      "status": "ok",
      "outcome": "win",
      "expected": "win",
      "nodes": 13907467,
      "child_evals": 249480478,
      "time_mean": 44.637911828,
      "time_min": 44.637911828,
      "time_max": 44.637911828,
      "pv_len": 477,
      "timeout": false,
      "wrong": false
    }
  ],
  "aggregates": {
    "total_nodes": 13907467,
    "total_child_evals": 249480478,
    "total_time": 44.637911828,
    "solved": 1,
    "timeouts": 0,
    "wrong": 0,
    "mean_pv_len": 477.0
  }
}
