plan13_t1 oracle: shard=0/4 samples win=30 draw=30 attempts=848
plan13_t1 layer: d=1 root_val=0 layer_evals=28 total_evals=28 facts=0 nw=0 fact_hits=0 nw_hits=0 pathbound=0 wall=0.00s
plan13_t1 layer: d=2 root_val=0 layer_evals=121 total_evals=149 facts=0 nw=0 fact_hits=0 nw_hits=0 pathbound=0 wall=0.00s
plan13_t1 layer: d=3 root_val=0 layer_evals=2692 total_evals=2841 facts=2 nw=0 fact_hits=0 nw_hits=0 pathbound=2 wall=0.00s
plan13_t1 layer: d=4 root_val=0 layer_evals=15101 total_evals=17942 facts=2 nw=0 fact_hits=2 nw_hits=0 pathbound=2 wall=0.01s
plan13_t1 layer: d=5 root_val=0 layer_evals=302984 total_evals=320926 facts=81 nw=0 fact_hits=2 nw_hits=0 pathbound=494 wall=0.17s
plan13_t1 layer: d=6 root_val=0 layer_evals=1619035 total_evals=1939961 facts=81 nw=0 fact_hits=23 nw_hits=0 pathbound=919 wall=1.17s
plan13_t1 oracle sample: shard=0 0 fen="8/7K/8/8/7k/1Q6/8/8 w - - 0 1" kind=win R=UNKNOWN lh=6 cand=L result=UNKNOWN
plan13_t1 oracle sample: shard=0 0 fen="8/7K/8/8/7k/1Q6/8/8 w - - 0 1" kind=win R=UNKNOWN lh=6 cand=P result=UNKNOWN
plan13_t1 layer: d=1 root_val=0 layer_evals=24 total_evals=24 facts=0 nw=0 fact_hits=0 nw_hits=0 pathbound=0 wall=0.00s
plan13_t1 layer: d=2 root_val=0 layer_evals=94 total_evals=118 facts=0 nw=0 fact_hits=0 nw_hits=0 pathbound=0 wall=0.00s
plan13_t1 layer: d=3 root_val=2 layer_evals=51 total_evals=169 facts=3 nw=0 fact_hits=0 nw_hits=0 pathbound=3 wall=0.00s
plan13_t1 oracle sample: shard=0 1 fen="k5K1/8/8/7q/8/8/8/8 b - - 0 1" kind=win R=WIN_CERTIFIED lh=3 cand=L result=CLAIM_UNCERTIFIED
plan13_t1 oracle DOWNGRADED: L uncertified claim at k5K1/8/8/7q/8/8/8/8 b - - 0 1
plan13_t1 oracle sample: shard=0 1 fen="k5K1/8/8/7q/8/8/8/8 b - - 0 1" kind=win R=WIN_CERTIFIED lh=3 cand=P result=WIN_CERTIFIED
plan13_t1 layer: d=1 root_val=0 layer_evals=28 total_evals=28 facts=0 nw=0 fact_hits=0 nw_hits=0 pathbound=0 wall=0.00s
plan13_t1 layer: d=2 root_val=0 layer_evals=196 total_evals=224 facts=0 nw=0 fact_hits=0 nw_hits=0 pathbound=0 wall=0.00s
plan13_t1 layer: d=3 root_val=0 layer_evals=4755 total_evals=4979 facts=14 nw=0 fact_hits=0 nw_hits=0 pathbound=14 wall=0.00s
plan13_t1 layer: d=4 root_val=0 layer_evals=22174 total_evals=27153 facts=14 nw=0 fact_hits=14 nw_hits=0 pathbound=14 wall=0.02s
plan13_t1 layer: d=5 root_val=0 layer_evals=396035 total_evals=423188 facts=167 nw=0 fact_hits=15 nw_hits=0 pathbound=656 wall=0.22s
plan13_t1 layer: d=6 root_val=0 layer_evals=2161550 total_evals=2584738 facts=167 nw=5 fact_hits=80 nw_hits=0 pathbound=1103 wall=1.58s
plan13_t1 oracle sample: shard=0 2 fen="8/1k6/8/K7/8/8/2Q5/8 w - - 0 1" kind=win R=UNKNOWN lh=6 cand=L result=UNKNOWN
plan13_t1 oracle sample: shard=0 2 fen="8/1k6/8/K7/8/8/2Q5/8 w - - 0 1" kind=win R=UNKNOWN lh=6 cand=P result=UNKNOWN
plan13_t1 layer: d=1 root_val=0 layer_evals=26 total_evals=26 facts=0 nw=0 fact_hits=0 nw_hits=0 pathbound=0 wall=0.00s
plan13_t1 layer: d=2 root_val=0 layer_evals=133 total_evals=159 facts=0 nw=0 fact_hits=0 nw_hits=0 pathbound=0 wall=0.00s
plan13_t1 layer: d=3 root_val=0 layer_evals=2984 total_evals=3143 facts=4 nw=0 fact_hits=0 nw_hits=0 pathbound=4 wall=0.00s
plan13_t1 layer: d=4 root_val=0 layer_evals=16462 total_evals=19605 facts=4 nw=0 fact_hits=4 nw_hits=0 pathbound=4 wall=0.01s
plan13_t1 layer: d=5 root_val=0 layer_evals=356687 total_evals=376292 facts=67 nw=0 fact_hits=6 nw_hits=0 pathbound=324 wall=0.20s
plan13_t1 layer: d=6 root_val=0 layer_evals=1997486 total_evals=2373778 facts=67 nw=0 fact_hits=19 nw_hits=0 pathbound=609 wall=1.45s
plan13_t1 oracle sample: shard=0 3 fen="3K1k2/8/8/8/8/8/8/4q3 b - - 0 1" kind=win R=UNKNOWN lh=6 cand=L result=UNKNOWN
plan13_t1 oracle sample: shard=0 3 fen="3K1k2/8/8/8/8/8/8/4q3 b - - 0 1" kind=win R=UNKNOWN lh=6 cand=P result=UNKNOWN
plan13_t1 layer: d=1 root_val=2 layer_evals=20 total_evals=20 facts=1 nw=0 fact_hits=0 nw_hits=0 pathbound=1 wall=0.00s
plan13_t1 oracle sample: shard=0 4 fen="8/8/8/K7/8/8/8/4kq2 b - - 0 1" kind=win R=WIN_CERTIFIED lh=1 cand=L result=CLAIM_UNCERTIFIED
plan13_t1 oracle DOWNGRADED: L uncertified claim at 8/8/8/K7/8/8/8/4kq2 b - - 0 1
plan13_t1 oracle sample: shard=0 4 fen="8/8/8/K7/8/8/8/4kq2 b - - 0 1" kind=win R=WIN_CERTIFIED lh=1 cand=P result=WIN_CERTIFIED
plan13_t1 layer: d=1 root_val=0 layer_evals=26 total_evals=26 facts=0 nw=0 fact_hits=0 nw_hits=0 pathbound=0 wall=0.00s
plan13_t1 layer: d=2 root_val=0 layer_evals=167 total_evals=193 facts=0 nw=0 fact_hits=0 nw_hits=0 pathbound=0 wall=0.00s
plan13_t1 layer: d=3 root_val=0 layer_evals=3935 total_evals=4128 facts=0 nw=0 fact_hits=0 nw_hits=0 pathbound=0 wall=0.00s
plan13_t1 layer: d=4 root_val=0 layer_evals=23014 total_evals=27142 facts=0 nw=0 fact_hits=0 nw_hits=0 pathbound=0 wall=0.02s
plan13_t1 layer: d=5 root_val=0 layer_evals=535289 total_evals=562431 facts=0 nw=0 fact_hits=0 nw_hits=0 pathbound=0 wall=0.42s
plan13_t1 layer: d=6 root_val=0 layer_evals=2437574 total_evals=3000005 facts=0 nw=0 fact_hits=0 nw_hits=0 pathbound=0 wall=2.31s
plan13_t1 oracle sample: shard=0 5 fen="8/K7/7Q/8/3k4/8/8/8 w - - 0 1" kind=win R=UNKNOWN lh=6 cand=L result=UNKNOWN
plan13_t1 oracle sample: shard=0 5 fen="8/K7/7Q/8/3k4/8/8/8 w - - 0 1" kind=win R=UNKNOWN lh=6 cand=P result=UNKNOWN
plan13_t1 layer: d=1 root_val=2 layer_evals=28 total_evals=28 facts=1 nw=0 fact_hits=0 nw_hits=0 pathbound=1 wall=0.00s
plan13_t1 oracle sample: shard=0 6 fen="8/3Q4/8/8/7k/K7/8/8 w - - 0 1" kind=win R=WIN_CERTIFIED lh=1 cand=L result=CLAIM_UNCERTIFIED
plan13_t1 oracle DOWNGRADED: L uncertified claim at 8/3Q4/8/8/7k/K7/8/8 w - - 0 1
plan13_t1 oracle sample: shard=0 6 fen="8/3Q4/8/8/7k/K7/8/8 w - - 0 1" kind=win R=WIN_CERTIFIED lh=1 cand=P result=WIN_CERTIFIED
plan13_t1 layer: d=1 root_val=0 layer_evals=30 total_evals=30 facts=0 nw=0 fact_hits=0 nw_hits=0 pathbound=0 wall=0.00s
plan13_t1 layer: d=2 root_val=0 layer_evals=145 total_evals=175 facts=0 nw=0 fact_hits=0 nw_hits=0 pathbound=0 wall=0.00s
plan13_t1 layer: d=3 root_val=0 layer_evals=3561 total_evals=3736 facts=0 nw=0 fact_hits=0 nw_hits=0 pathbound=0 wall=0.00s
plan13_t1 layer: d=4 root_val=0 layer_evals=21270 total_evals=25006 facts=0 nw=0 fact_hits=0 nw_hits=0 pathbound=0 wall=0.04s
plan13_t1 layer: d=5 root_val=0 layer_evals=502668 total_evals=527674 facts=98 nw=0 fact_hits=0 nw_hits=0 pathbound=319 wall=0.46s
plan13_t1 layer: d=6 root_val=0 layer_evals=2472330 total_evals=3000004 facts=98 nw=2 fact_hits=26 nw_hits=0 pathbound=574 wall=2.86s
plan13_t1 oracle sample: shard=0 7 fen="8/8/8/5q2/8/3k4/8/4K3 b - - 0 1" kind=win R=UNKNOWN lh=6 cand=L result=UNKNOWN
plan13_t1 oracle sample: shard=0 7 fen="8/8/8/5q2/8/3k4/8/4K3 b - - 0 1" kind=win R=UNKNOWN lh=6 cand=P result=UNKNOWN
plan13_t1 layer: d=1 root_val=0 layer_evals=29 total_evals=29 facts=0 nw=0 fact_hits=0 nw_hits=0 pathbound=0 wall=0.00s
plan13_t1 layer: d=2 root_val=0 layer_evals=149 total_evals=178 facts=0 nw=0 fact_hits=0 nw_hits=0 pathbound=0 wall=0.00s
plan13_t1 layer: d=3 root_val=2 layer_evals=121 total_evals=299 facts=3 nw=0 fact_hits=0 nw_hits=0 pathbound=3 wall=0.00s
plan13_t1 oracle sample: shard=0 8 fen="1Q6/8/8/3K4/8/8/8/3k4 w - - 0 1" kind=win R=WIN_CERTIFIED lh=3 cand=L result=CLAIM_UNCERTIFIED
plan13_t1 oracle DOWNGRADED: L uncertified claim at 1Q6/8/8/3K4/8/8/8/3k4 w - - 0 1
plan13_t1 oracle sample: shard=0 8 fen="1Q6/8/8/3K4/8/8/8/3k4 w - - 0 1" kind=win R=WIN_CERTIFIED lh=3 cand=P result=WIN_CERTIFIED
plan13_t1 layer: d=1 root_val=0 layer_evals=26 total_evals=26 facts=0 nw=0 fact_hits=0 nw_hits=0 pathbound=0 wall=0.00s
plan13_t1 layer: d=2 root_val=0 layer_evals=179 total_evals=205 facts=0 nw=0 fact_hits=0 nw_hits=0 pathbound=0 wall=0.00s
plan13_t1 layer: d=3 root_val=0 layer_evals=4207 total_evals=4412 facts=10 nw=0 fact_hits=0 nw_hits=0 pathbound=10 wall=0.00s
plan13_t1 layer: d=4 root_val=0 layer_evals=21494 total_evals=25906 facts=10 nw=0 fact_hits=10 nw_hits=0 pathbound=10 wall=0.05s
plan13_t1 layer: d=5 root_val=2 layer_evals=182 total_evals=26088 facts=17 nw=0 fact_hits=11 nw_hits=0 pathbound=17 wall=0.05s
plan13_t1 oracle sample: shard=0 9 fen="8/4k3/8/8/8/8/7Q/1K6 w - - 0 1" kind=win R=WIN_CERTIFIED lh=5 cand=L result=CLAIM_UNCERTIFIED
plan13_t1 oracle DOWNGRADED: L uncertified claim at 8/4k3/8/8/8/8/7Q/1K6 w - - 0 1
plan13_t1 oracle sample: shard=0 9 fen="8/4k3/8/8/8/8/7Q/1K6 w - - 0 1" kind=win R=WIN_CERTIFIED lh=5 cand=P result=WIN_CERTIFIED
plan13_t1 layer: d=1 root_val=2 layer_evals=32 total_evals=32 facts=1 nw=0 fact_hits=0 nw_hits=0 pathbound=1 wall=0.00s
plan13_t1 oracle sample: shard=0 10 fen="8/8/7k/8/3q4/8/8/7K b - - 0 1" kind=win R=WIN_CERTIFIED lh=1 cand=L result=CLAIM_UNCERTIFIED
plan13_t1 oracle DOWNGRADED: L uncertified claim at 8/8/7k/8/3q4/8/8/7K b - - 0 1
plan13_t1 oracle sample: shard=0 10 fen="8/8/7k/8/3q4/8/8/7K b - - 0 1" kind=win R=WIN_CERTIFIED lh=1 cand=P result=WIN_CERTIFIED
plan13_t1 layer: d=1 root_val=0 layer_evals=29 total_evals=29 facts=0 nw=0 fact_hits=0 nw_hits=0 pathbound=0 wall=0.00s
plan13_t1 layer: d=2 root_val=0 layer_evals=138 total_evals=167 facts=0 nw=0 fact_hits=0 nw_hits=0 pathbound=0 wall=0.00s
plan13_t1 layer: d=3 root_val=2 layer_evals=61 total_evals=228 facts=3 nw=0 fact_hits=0 nw_hits=0 pathbound=3 wall=0.00s
plan13_t1 oracle sample: shard=0 11 fen="8/8/7K/2k5/8/2q5/8/8 b - - 0 1" kind=win R=WIN_CERTIFIED lh=3 cand=L result=CLAIM_UNCERTIFIED
plan13_t1 oracle DOWNGRADED: L uncertified claim at 8/8/7K/2k5/8/2q5/8/8 b - - 0 1
plan13_t1 oracle sample: shard=0 11 fen="8/8/7K/2k5/8/2q5/8/8 b - - 0 1" kind=win R=WIN_CERTIFIED lh=3 cand=P result=WIN_CERTIFIED
plan13_t1 layer: d=1 root_val=2 layer_evals=26 total_evals=26 facts=1 nw=0 fact_hits=0 nw_hits=0 pathbound=1 wall=0.00s
plan13_t1 oracle sample: shard=0 12 fen="4k3/8/8/8/8/8/7q/1K6 b - - 0 1" kind=win R=WIN_CERTIFIED lh=1 cand=L result=CLAIM_UNCERTIFIED
plan13_t1 oracle DOWNGRADED: L uncertified claim at 4k3/8/8/8/8/8/7q/1K6 b - - 0 1
plan13_t1 oracle sample: shard=0 12 fen="4k3/8/8/8/8/8/7q/1K6 b - - 0 1" kind=win R=WIN_CERTIFIED lh=1 cand=P result=WIN_CERTIFIED
plan13_t1 layer: d=1 root_val=0 layer_evals=31 total_evals=31 facts=0 nw=0 fact_hits=0 nw_hits=0 pathbound=0 wall=0.00s
plan13_t1 layer: d=2 root_val=0 layer_evals=197 total_evals=228 facts=0 nw=0 fact_hits=0 nw_hits=0 pathbound=0 wall=0.00s
plan13_t1 layer: d=3 root_val=0 layer_evals=4995 total_evals=5223 facts=6 nw=0 fact_hits=0 nw_hits=0 pathbound=6 wall=0.00s
plan13_t1 layer: d=4 root_val=0 layer_evals=26804 total_evals=32027 facts=6 nw=0 fact_hits=6 nw_hits=0 pathbound=6 wall=0.02s
plan13_t1 layer: d=5 root_val=2 layer_evals=128 total_evals=32155 facts=12 nw=0 fact_hits=7 nw_hits=0 pathbound=12 wall=0.02s
plan13_t1 oracle sample: shard=0 13 fen="8/5k2/8/8/8/2K5/4Q3/8 w - - 0 1" kind=win R=WIN_CERTIFIED lh=5 cand=L result=CLAIM_UNCERTIFIED
plan13_t1 oracle DOWNGRADED: L uncertified claim at 8/5k2/8/8/8/2K5/4Q3/8 w - - 0 1
plan13_t1 oracle sample: shard=0 13 fen="8/5k2/8/8/8/2K5/4Q3/8 w - - 0 1" kind=win R=WIN_CERTIFIED lh=5 cand=P result=WIN_CERTIFIED
plan13_t1 layer: d=1 root_val=0 layer_evals=26 total_evals=26 facts=0 nw=0 fact_hits=0 nw_hits=0 pathbound=0 wall=0.00s
plan13_t1 layer: d=2 root_val=0 layer_evals=132 total_evals=158 facts=0 nw=0 fact_hits=0 nw_hits=0 pathbound=0 wall=0.00s
plan13_t1 layer: d=3 root_val=2 layer_evals=528 total_evals=686 facts=8 nw=0 fact_hits=0 nw_hits=0 pathbound=8 wall=0.00s
plan13_t1 oracle sample: shard=0 14 fen="6k1/8/8/8/8/8/3QK3/8 w - - 0 1" kind=win R=WIN_CERTIFIED lh=3 cand=L result=CLAIM_UNCERTIFIED
plan13_t1 oracle DOWNGRADED: L uncertified claim at 6k1/8/8/8/8/8/3QK3/8 w - - 0 1
plan13_t1 oracle sample: shard=0 14 fen="6k1/8/8/8/8/8/3QK3/8 w - - 0 1" kind=win R=WIN_CERTIFIED lh=3 cand=P result=WIN_CERTIFIED
plan13_t1 layer: d=1 root_val=0 layer_evals=26 total_evals=26 facts=0 nw=0 fact_hits=0 nw_hits=0 pathbound=0 wall=0.00s
plan13_t1 layer: d=2 root_val=0 layer_evals=124 total_evals=150 facts=0 nw=0 fact_hits=0 nw_hits=0 pathbound=0 wall=0.00s
plan13_t1 layer: d=3 root_val=2 layer_evals=58 total_evals=208 facts=3 nw=0 fact_hits=0 nw_hits=0 pathbound=3 wall=0.00s
plan13_t1 oracle sample: shard=0 15 fen="5q2/8/K7/8/8/5k2/8/8 b - - 0 1" kind=win R=WIN_CERTIFIED lh=3 cand=L result=CLAIM_UNCERTIFIED
plan13_t1 oracle DOWNGRADED: L uncertified claim at 5q2/8/K7/8/8/5k2/8/8 b - - 0 1
plan13_t1 oracle sample: shard=0 15 fen="5q2/8/K7/8/8/5k2/8/8 b - - 0 1" kind=win R=WIN_CERTIFIED lh=3 cand=P result=WIN_CERTIFIED
plan13_t1 layer: d=1 root_val=0 layer_evals=27 total_evals=27 facts=0 nw=0 fact_hits=0 nw_hits=0 pathbound=0 wall=0.00s
plan13_t1 layer: d=2 root_val=0 layer_evals=198 total_evals=225 facts=0 nw=0 fact_hits=0 nw_hits=0 pathbound=0 wall=0.00s
plan13_t1 layer: d=3 root_val=0 layer_evals=5048 total_evals=5273 facts=7 nw=0 fact_hits=0 nw_hits=0 pathbound=7 wall=0.00s
plan13_t1 layer: d=4 root_val=0 layer_evals=28465 total_evals=33738 facts=7 nw=0 fact_hits=7 nw_hits=0 pathbound=7 wall=0.05s
plan13_t1 layer: d=5 root_val=0 layer_evals=653088 total_evals=686826 facts=132 nw=0 fact_hits=7 nw_hits=0 pathbound=400 wall=0.59s
plan13_t1 layer: d=6 root_val=0 layer_evals=2313177 total_evals=3000003 facts=132 nw=0 fact_hits=48 nw_hits=0 pathbound=587 wall=2.81s
plan13_t1 oracle sample: shard=0 16 fen="8/8/8/6k1/8/5K2/4Q3/8 w - - 0 1" kind=win R=UNKNOWN lh=6 cand=L result=UNKNOWN
plan13_t1 oracle sample: shard=0 16 fen="8/8/8/6k1/8/5K2/4Q3/8 w - - 0 1" kind=win R=UNKNOWN lh=6 cand=P result=UNKNOWN
plan13_t1 layer: d=1 root_val=0 layer_evals=26 total_evals=26 facts=0 nw=0 fact_hits=0 nw_hits=0 pathbound=0 wall=0.00s
plan13_t1 layer: d=2 root_val=0 layer_evals=139 total_evals=165 facts=0 nw=0 fact_hits=0 nw_hits=0 pathbound=0 wall=0.00s
plan13_t1 layer: d=3 root_val=0 layer_evals=3087 total_evals=3252 facts=0 nw=0 fact_hits=0 nw_hits=0 pathbound=0 wall=0.00s
plan13_t1 layer: d=4 root_val=0 layer_evals=18274 total_evals=21526 facts=0 nw=0 fact_hits=0 nw_hits=0 pathbound=0 wall=0.01s
plan13_t1 layer: d=5 root_val=0 layer_evals=398238 total_evals=419764 facts=52 nw=0 fact_hits=0 nw_hits=0 pathbound=282 wall=0.34s
plan13_t1 layer: d=6 root_val=0 layer_evals=2271549 total_evals=2691313 facts=52 nw=0 fact_hits=19 nw_hits=0 pathbound=524 wall=2.41s
plan13_t1 oracle sample: shard=0 17 fen="8/6QK/4k3/8/8/8/8/8 w - - 0 1" kind=win R=UNKNOWN lh=6 cand=L result=UNKNOWN
plan13_t1 oracle sample: shard=0 17 fen="8/6QK/4k3/8/8/8/8/8 w - - 0 1" kind=win R=UNKNOWN lh=6 cand=P result=UNKNOWN
plan13_t1 layer: d=1 root_val=2 layer_evals=31 total_evals=31 facts=1 nw=0 fact_hits=0 nw_hits=0 pathbound=1 wall=0.00s
plan13_t1 oracle sample: shard=0 18 fen="3K4/8/8/3Q4/8/8/8/6k1 w - - 0 1" kind=win R=WIN_CERTIFIED lh=1 cand=L result=CLAIM_UNCERTIFIED
plan13_t1 oracle DOWNGRADED: L uncertified claim at 3K4/8/8/3Q4/8/8/8/6k1 w - - 0 1
plan13_t1 oracle sample: shard=0 18 fen="3K4/8/8/3Q4/8/8/8/6k1 w - - 0 1" kind=win R=WIN_CERTIFIED lh=1 cand=P result=WIN_CERTIFIED
plan13_t1 layer: d=1 root_val=0 layer_evals=29 total_evals=29 facts=0 nw=0 fact_hits=0 nw_hits=0 pathbound=0 wall=0.00s
plan13_t1 layer: d=2 root_val=0 layer_evals=123 total_evals=152 facts=0 nw=0 fact_hits=0 nw_hits=0 pathbound=0 wall=0.00s
plan13_t1 layer: d=3 root_val=2 layer_evals=57 total_evals=209 facts=3 nw=0 fact_hits=0 nw_hits=0 pathbound=3 wall=0.00s
plan13_t1 oracle sample: shard=0 19 fen="8/8/8/4k3/8/2q5/7K/8 b - - 0 1" kind=win R=WIN_CERTIFIED lh=3 cand=L result=CLAIM_UNCERTIFIED
plan13_t1 oracle DOWNGRADED: L uncertified claim at 8/8/8/4k3/8/2q5/7K/8 b - - 0 1
plan13_t1 oracle sample: shard=0 19 fen="8/8/8/4k3/8/2q5/7K/8 b - - 0 1" kind=win R=WIN_CERTIFIED lh=3 cand=P result=WIN_CERTIFIED
plan13_t1 oracle progress: shard=0 20/60 contradictions=0
plan13_t1 layer: d=1 root_val=2 layer_evals=33 total_evals=33 facts=1 nw=0 fact_hits=0 nw_hits=0 pathbound=1 wall=0.00s
plan13_t1 oracle sample: shard=0 20 fen="8/8/4K3/8/8/5Q2/8/4k3 w - - 0 1" kind=win R=WIN_CERTIFIED lh=1 cand=L result=CLAIM_UNCERTIFIED
plan13_t1 oracle DOWNGRADED: L uncertified claim at 8/8/4K3/8/8/5Q2/8/4k3 w - - 0 1
plan13_t1 oracle sample: shard=0 20 fen="8/8/4K3/8/8/5Q2/8/4k3 w - - 0 1" kind=win R=WIN_CERTIFIED lh=1 cand=P result=WIN_CERTIFIED
plan13_t1 layer: d=1 root_val=0 layer_evals=28 total_evals=28 facts=0 nw=0 fact_hits=0 nw_hits=0 pathbound=0 wall=0.00s
plan13_t1 layer: d=2 root_val=0 layer_evals=148 total_evals=176 facts=0 nw=0 fact_hits=0 nw_hits=0 pathbound=0 wall=0.00s
plan13_t1 layer: d=3 root_val=2 layer_evals=374 total_evals=550 facts=6 nw=0 fact_hits=0 nw_hits=0 pathbound=6 wall=0.00s
plan13_t1 oracle sample: shard=0 21 fen="6k1/8/8/1Q3K2/8/8/8/8 w - - 0 1" kind=win R=WIN_CERTIFIED lh=3 cand=L result=CLAIM_UNCERTIFIED
plan13_t1 oracle DOWNGRADED: L uncertified claim at 6k1/8/8/1Q3K2/8/8/8/8 w - - 0 1
plan13_t1 oracle sample: shard=0 21 fen="6k1/8/8/1Q3K2/8/8/8/8 w - - 0 1" kind=win R=WIN_CERTIFIED lh=3 cand=P result=WIN_CERTIFIED
plan13_t1 layer: d=1 root_val=0 layer_evals=29 total_evals=29 facts=0 nw=0 fact_hits=0 nw_hits=0 pathbound=0 wall=0.00s
plan13_t1 layer: d=2 root_val=0 layer_evals=192 total_evals=221 facts=0 nw=0 fact_hits=0 nw_hits=0 pathbound=0 wall=0.00s
plan13_t1 layer: d=3 root_val=0 layer_evals=4848 total_evals=5069 facts=7 nw=0 fact_hits=0 nw_hits=0 pathbound=7 wall=0.00s
plan13_t1 layer: d=4 root_val=0 layer_evals=27953 total_evals=33022 facts=7 nw=0 fact_hits=7 nw_hits=0 pathbound=7 wall=0.02s
plan13_t1 layer: d=5 root_val=2 layer_evals=9244 total_evals=42266 facts=16 nw=0 fact_hits=9 nw_hits=0 pathbound=20 wall=0.02s
plan13_t1 oracle sample: shard=0 22 fen="4Q3/8/8/2K5/8/8/3k4/8 w - - 0 1" kind=win R=WIN_CERTIFIED lh=5 cand=L result=CLAIM_UNCERTIFIED
plan13_t1 oracle DOWNGRADED: L uncertified claim at 4Q3/8/8/2K5/8/8/3k4/8 w - - 0 1
plan13_t1 oracle sample: shard=0 22 fen="4Q3/8/8/2K5/8/8/3k4/8 w - - 0 1" kind=win R=WIN_CERTIFIED lh=5 cand=P result=WIN_CERTIFIED
plan13_t1 layer: d=1 root_val=0 layer_evals=29 total_evals=29 facts=0 nw=0 fact_hits=0 nw_hits=0 pathbound=0 wall=0.00s
plan13_t1 layer: d=2 root_val=0 layer_evals=107 total_evals=136 facts=0 nw=0 fact_hits=0 nw_hits=0 pathbound=0 wall=0.00s
plan13_t1 layer: d=3 root_val=2 layer_evals=165 total_evals=301 facts=3 nw=0 fact_hits=0 nw_hits=0 pathbound=3 wall=0.00s
plan13_t1 oracle sample: shard=0 23 fen="8/8/2k5/2q5/K7/8/8/8 b - - 0 1" kind=win R=WIN_CERTIFIED lh=3 cand=L result=CLAIM_UNCERTIFIED
plan13_t1 oracle DOWNGRADED: L uncertified claim at 8/8/2k5/2q5/K7/8/8/8 b - - 0 1
plan13_t1 oracle sample: shard=0 23 fen="8/8/2k5/2q5/K7/8/8/8 b - - 0 1" kind=win R=WIN_CERTIFIED lh=3 cand=P result=WIN_CERTIFIED
plan13_t1 layer: d=1 root_val=0 layer_evals=31 total_evals=31 facts=0 nw=0 fact_hits=0 nw_hits=0 pathbound=0 wall=0.00s
plan13_t1 layer: d=2 root_val=0 layer_evals=223 total_evals=254 facts=0 nw=0 fact_hits=0 nw_hits=0 pathbound=0 wall=0.00s
plan13_t1 layer: d=3 root_val=0 layer_evals=5862 total_evals=6116 facts=12 nw=0 fact_hits=0 nw_hits=0 pathbound=12 wall=0.00s
plan13_t1 layer: d=4 root_val=0 layer_evals=31705 total_evals=37821 facts=12 nw=0 fact_hits=12 nw_hits=0 pathbound=12 wall=0.02s
plan13_t1 layer: d=5 root_val=2 layer_evals=193 total_evals=38014 facts=19 nw=0 fact_hits=13 nw_hits=0 pathbound=19 wall=0.02s
plan13_t1 oracle sample: shard=0 24 fen="8/5K2/8/8/8/6k1/2q5/8 b - - 0 1" kind=win R=WIN_CERTIFIED lh=5 cand=L result=CLAIM_UNCERTIFIED
plan13_t1 oracle DOWNGRADED: L uncertified claim at 8/5K2/8/8/8/6k1/2q5/8 b - - 0 1
plan13_t1 oracle sample: shard=0 24 fen="8/5K2/8/8/8/6k1/2q5/8 b - - 0 1" kind=win R=WIN_CERTIFIED lh=5 cand=P result=WIN_CERTIFIED
plan13_t1 layer: d=1 root_val=0 layer_evals=31 total_evals=31 facts=0 nw=0 fact_hits=0 nw_hits=0 pathbound=0 wall=0.00s
plan13_t1 layer: d=2 root_val=0 layer_evals=149 total_evals=180 facts=0 nw=0 fact_hits=0 nw_hits=0 pathbound=0 wall=0.00s
plan13_t1 layer: d=3 root_val=2 layer_evals=61 total_evals=241 facts=3 nw=0 fact_hits=0 nw_hits=0 pathbound=3 wall=0.00s
plan13_t1 oracle sample: shard=0 25 fen="6k1/8/8/8/8/4K3/2Q5/8 w - - 0 1" kind=win R=WIN_CERTIFIED lh=3 cand=L result=CLAIM_UNCERTIFIED
plan13_t1 oracle DOWNGRADED: L uncertified claim at 6k1/8/8/8/8/4K3/2Q5/8 w - - 0 1
plan13_t1 oracle sample: shard=0 25 fen="6k1/8/8/8/8/4K3/2Q5/8 w - - 0 1" kind=win R=WIN_CERTIFIED lh=3 cand=P result=WIN_CERTIFIED
plan13_t1 layer: d=1 root_val=0 layer_evals=26 total_evals=26 facts=0 nw=0 fact_hits=0 nw_hits=0 pathbound=0 wall=0.00s
plan13_t1 layer: d=2 root_val=0 layer_evals=119 total_evals=145 facts=0 nw=0 fact_hits=0 nw_hits=0 pathbound=0 wall=0.00s
plan13_t1 layer: d=3 root_val=2 layer_evals=55 total_evals=200 facts=3 nw=0 fact_hits=0 nw_hits=0 pathbound=3 wall=0.00s
plan13_t1 oracle sample: shard=0 26 fen="5k2/8/8/8/8/8/1Q6/1K6 w - - 0 1" kind=win R=WIN_CERTIFIED lh=3 cand=L result=CLAIM_UNCERTIFIED
plan13_t1 oracle DOWNGRADED: L uncertified claim at 5k2/8/8/8/8/8/1Q6/1K6 w - - 0 1
plan13_t1 oracle sample: shard=0 26 fen="5k2/8/8/8/8/8/1Q6/1K6 w - - 0 1" kind=win R=WIN_CERTIFIED lh=3 cand=P result=WIN_CERTIFIED
plan13_t1 layer: d=1 root_val=0 layer_evals=31 total_evals=31 facts=0 nw=0 fact_hits=0 nw_hits=0 pathbound=0 wall=0.00s
plan13_t1 layer: d=2 root_val=0 layer_evals=190 total_evals=221 facts=0 nw=0 fact_hits=0 nw_hits=0 pathbound=0 wall=0.00s
plan13_t1 layer: d=3 root_val=0 layer_evals=4981 total_evals=5202 facts=0 nw=0 fact_hits=0 nw_hits=0 pathbound=0 wall=0.00s
plan13_t1 layer: d=4 root_val=0 layer_evals=31207 total_evals=36409 facts=0 nw=0 fact_hits=0 nw_hits=0 pathbound=0 wall=0.02s
plan13_t1 layer: d=5 root_val=2 layer_evals=5180 total_evals=41589 facts=29 nw=0 fact_hits=0 nw_hits=0 pathbound=32 wall=0.02s
plan13_t1 oracle sample: shard=0 27 fen="8/8/5k2/1Q6/8/6K1/8/8 w - - 0 1" kind=win R=WIN_CERTIFIED lh=5 cand=L result=CLAIM_UNCERTIFIED
plan13_t1 oracle DOWNGRADED: L uncertified claim at 8/8/5k2/1Q6/8/6K1/8/8 w - - 0 1
plan13_t1 oracle sample: shard=0 27 fen="8/8/5k2/1Q6/8/6K1/8/8 w - - 0 1" kind=win R=WIN_CERTIFIED lh=5 cand=P result=WIN_CERTIFIED
plan13_t1 layer: d=1 root_val=0 layer_evals=30 total_evals=30 facts=0 nw=0 fact_hits=0 nw_hits=0 pathbound=0 wall=0.00s
plan13_t1 layer: d=2 root_val=0 layer_evals=125 total_evals=155 facts=0 nw=0 fact_hits=0 nw_hits=0 pathbound=0 wall=0.00s
plan13_t1 layer: d=3 root_val=2 layer_evals=57 total_evals=212 facts=3 nw=0 fact_hits=0 nw_hits=0 pathbound=3 wall=0.00s
plan13_t1 oracle sample: shard=0 28 fen="8/8/8/2Q5/8/7K/8/1k6 w - - 0 1" kind=win R=WIN_CERTIFIED lh=3 cand=L result=CLAIM_UNCERTIFIED
plan13_t1 oracle DOWNGRADED: L uncertified claim at 8/8/8/2Q5/8/7K/8/1k6 w - - 0 1
plan13_t1 oracle sample: shard=0 28 fen="8/8/8/2Q5/8/7K/8/1k6 w - - 0 1" kind=win R=WIN_CERTIFIED lh=3 cand=P result=WIN_CERTIFIED
plan13_t1 layer: d=1 root_val=0 layer_evals=25 total_evals=25 facts=0 nw=0 fact_hits=0 nw_hits=0 pathbound=0 wall=0.00s
plan13_t1 layer: d=2 root_val=0 layer_evals=160 total_evals=185 facts=0 nw=0 fact_hits=0 nw_hits=0 pathbound=0 wall=0.00s
plan13_t1 layer: d=3 root_val=0 layer_evals=3959 total_evals=4144 facts=0 nw=0 fact_hits=0 nw_hits=0 pathbound=0 wall=0.00s
plan13_t1 layer: d=4 root_val=0 layer_evals=24079 total_evals=28223 facts=0 nw=0 fact_hits=0 nw_hits=0 pathbound=0 wall=0.04s
plan13_t1 layer: d=5 root_val=2 layer_evals=4721 total_evals=32944 facts=14 nw=0 fact_hits=0 nw_hits=0 pathbound=19 wall=0.05s
plan13_t1 oracle sample: shard=0 29 fen="6Q1/8/8/2k5/6K1/8/8/8 w - - 0 1" kind=win R=WIN_CERTIFIED lh=5 cand=L result=CLAIM_UNCERTIFIED
plan13_t1 oracle DOWNGRADED: L uncertified claim at 6Q1/8/8/2k5/6K1/8/8/8 w - - 0 1
plan13_t1 oracle sample: shard=0 29 fen="6Q1/8/8/2k5/6K1/8/8/8 w - - 0 1" kind=win R=WIN_CERTIFIED lh=5 cand=P result=WIN_CERTIFIED
plan13_t1 layer: d=1 root_val=0 layer_evals=23 total_evals=23 facts=0 nw=0 fact_hits=0 nw_hits=0 pathbound=0 wall=0.00s
plan13_t1 layer: d=2 root_val=0 layer_evals=120 total_evals=143 facts=0 nw=0 fact_hits=0 nw_hits=0 pathbound=0 wall=0.00s
plan13_t1 layer: d=3 root_val=0 layer_evals=2485 total_evals=2628 facts=4 nw=0 fact_hits=0 nw_hits=0 pathbound=4 wall=0.00s
plan13_t1 layer: d=4 root_val=0 layer_evals=13267 total_evals=15895 facts=4 nw=0 fact_hits=4 nw_hits=0 pathbound=4 wall=0.01s
plan13_t1 layer: d=5 root_val=0 layer_evals=269592 total_evals=285487 facts=41 nw=0 fact_hits=4 nw_hits=0 pathbound=237 wall=0.22s
plan13_t1 layer: d=6 root_val=0 layer_evals=1420248 total_evals=1705735 facts=41 nw=1 fact_hits=12 nw_hits=0 pathbound=443 wall=1.58s
plan13_t1 oracle sample: shard=0 30 fen="k1K5/8/8/8/8/8/q7/8 b - - 0 1" kind=draw R=DRAW lh=6 cand=L result=UNKNOWN
plan13_t1 oracle sample: shard=0 30 fen="k1K5/8/8/8/8/8/q7/8 b - - 0 1" kind=draw R=DRAW lh=6 cand=P result=UNKNOWN
plan13_t1 layer: d=1 root_val=0 layer_evals=33 total_evals=33 facts=0 nw=0 fact_hits=0 nw_hits=0 pathbound=0 wall=0.00s
plan13_t1 layer: d=2 root_val=0 layer_evals=202 total_evals=235 facts=0 nw=0 fact_hits=0 nw_hits=0 pathbound=0 wall=0.00s
plan13_t1 layer: d=3 root_val=0 layer_evals=5214 total_evals=5449 facts=0 nw=0 fact_hits=0 nw_hits=0 pathbound=0 wall=0.00s
plan13_t1 layer: d=4 root_val=0 layer_evals=32384 total_evals=37833 facts=0 nw=0 fact_hits=0 nw_hits=0 pathbound=0 wall=0.05s
plan13_t1 layer: d=5 root_val=0 layer_evals=809596 total_evals=847429 facts=61 nw=0 fact_hits=0 nw_hits=0 pathbound=259 wall=0.69s
plan13_t1 layer: d=6 root_val=0 layer_evals=2152573 total_evals=3000002 facts=61 nw=0 fact_hits=8 nw_hits=0 pathbound=372 wall=2.75s
plan13_t1 oracle sample: shard=0 31 fen="8/6K1/4k3/8/8/3Q4/8/8 w - - 0 1" kind=draw R=DRAW lh=6 cand=L result=UNKNOWN
plan13_t1 oracle sample: shard=0 31 fen="8/6K1/4k3/8/8/3Q4/8/8 w - - 0 1" kind=draw R=DRAW lh=6 cand=P result=UNKNOWN
plan13_t1 layer: d=1 root_val=0 layer_evals=28 total_evals=28 facts=0 nw=0 fact_hits=0 nw_hits=0 pathbound=0 wall=0.00s
plan13_t1 layer: d=2 root_val=0 layer_evals=131 total_evals=159 facts=0 nw=0 fact_hits=0 nw_hits=0 pathbound=0 wall=0.00s
plan13_t1 layer: d=3 root_val=0 layer_evals=2920 total_evals=3079 facts=0 nw=0 fact_hits=0 nw_hits=0 pathbound=0 wall=0.00s
plan13_t1 layer: d=4 root_val=0 layer_evals=16734 total_evals=19813 facts=0 nw=0 fact_hits=0 nw_hits=0 pathbound=0 wall=0.01s
plan13_t1 layer: d=5 root_val=0 layer_evals=366198 total_evals=386011 facts=42 nw=0 fact_hits=0 nw_hits=0 pathbound=207 wall=0.31s
plan13_t1 layer: d=6 root_val=0 layer_evals=1919371 total_evals=2305382 facts=42 nw=0 fact_hits=18 nw_hits=0 pathbound=378 wall=2.09s
plan13_t1 oracle sample: shard=0 32 fen="1k6/8/K7/6q1/8/8/8/8 b - - 0 1" kind=draw R=DRAW lh=6 cand=L result=UNKNOWN
plan13_t1 oracle sample: shard=0 32 fen="1k6/8/K7/6q1/8/8/8/8 b - - 0 1" kind=draw R=DRAW lh=6 cand=P result=UNKNOWN
plan13_t1 layer: d=1 root_val=0 layer_evals=20 total_evals=20 facts=0 nw=0 fact_hits=0 nw_hits=0 pathbound=0 wall=0.00s
plan13_t1 layer: d=2 root_val=0 layer_evals=103 total_evals=123 facts=0 nw=0 fact_hits=0 nw_hits=0 pathbound=0 wall=0.00s
plan13_t1 layer: d=3 root_val=0 layer_evals=2188 total_evals=2311 facts=4 nw=0 fact_hits=0 nw_hits=0 pathbound=4 wall=0.00s
plan13_t1 layer: d=4 root_val=0 layer_evals=11749 total_evals=14060 facts=4 nw=0 fact_hits=4 nw_hits=0 pathbound=4 wall=0.01s
plan13_t1 layer: d=5 root_val=0 layer_evals=256255 total_evals=270315 facts=52 nw=0 fact_hits=4 nw_hits=0 pathbound=260 wall=0.22s
plan13_t1 layer: d=6 root_val=0 layer_evals=1430514 total_evals=1700829 facts=52 nw=0 fact_hits=10 nw_hits=0 pathbound=499 wall=1.59s
plan13_t1 oracle sample: shard=0 33 fen="3K1k1q/8/8/8/8/8/8/8 b - - 0 1" kind=draw R=DRAW lh=6 cand=L result=UNKNOWN
plan13_t1 oracle sample: shard=0 33 fen="3K1k1q/8/8/8/8/8/8/8 b - - 0 1" kind=draw R=DRAW lh=6 cand=P result=UNKNOWN
plan13_t1 layer: d=1 root_val=0 layer_evals=29 total_evals=29 facts=0 nw=0 fact_hits=0 nw_hits=0 pathbound=0 wall=0.00s
plan13_t1 layer: d=2 root_val=0 layer_evals=213 total_evals=242 facts=0 nw=0 fact_hits=0 nw_hits=0 pathbound=0 wall=0.00s
plan13_t1 layer: d=3 root_val=0 layer_evals=4993 total_evals=5235 facts=0 nw=0 fact_hits=0 nw_hits=0 pathbound=0 wall=0.00s
plan13_t1 layer: d=4 root_val=0 layer_evals=31882 total_evals=37117 facts=0 nw=0 fact_hits=0 nw_hits=0 pathbound=0 wall=0.02s
plan13_t1 layer: d=5 root_val=0 layer_evals=762848 total_evals=799965 facts=63 nw=0 fact_hits=0 nw_hits=0 pathbound=272 wall=0.70s
plan13_t1 layer: d=6 root_val=0 layer_evals=2200038 total_evals=3000003 facts=63 nw=2 fact_hits=2 nw_hits=0 pathbound=374 wall=2.72s
plan13_t1 oracle sample: shard=0 34 fen="7Q/8/6K1/8/5k2/8/8/8 w - - 0 1" kind=draw R=DRAW lh=6 cand=L result=UNKNOWN
plan13_t1 oracle sample: shard=0 34 fen="7Q/8/6K1/8/5k2/8/8/8 w - - 0 1" kind=draw R=DRAW lh=6 cand=P result=UNKNOWN
plan13_t1 layer: d=1 root_val=0 layer_evals=29 total_evals=29 facts=0 nw=0 fact_hits=0 nw_hits=0 pathbound=0 wall=0.00s
plan13_t1 layer: d=2 root_val=0 layer_evals=204 total_evals=233 facts=0 nw=0 fact_hits=0 nw_hits=0 pathbound=0 wall=0.00s
plan13_t1 layer: d=3 root_val=0 layer_evals=4746 total_evals=4979 facts=2 nw=0 fact_hits=0 nw_hits=0 pathbound=2 wall=0.00s
plan13_t1 layer: d=4 root_val=0 layer_evals=27357 total_evals=32336 facts=2 nw=0 fact_hits=2 nw_hits=0 pathbound=2 wall=0.02s
plan13_t1 layer: d=5 root_val=0 layer_evals=633738 total_evals=666074 facts=74 nw=0 fact_hits=2 nw_hits=0 pathbound=308 wall=0.52s
plan13_t1 layer: d=6 root_val=0 layer_evals=2333945 total_evals=3000019 facts=74 nw=1 fact_hits=9 nw_hits=0 pathbound=458 wall=2.71s
plan13_t1 oracle sample: shard=0 35 fen="7q/3K1k2/8/8/8/8/8/8 b - - 0 1" kind=draw R=DRAW lh=6 cand=L result=UNKNOWN
plan13_t1 oracle sample: shard=0 35 fen="7q/3K1k2/8/8/8/8/8/8 b - - 0 1" kind=draw R=DRAW lh=6 cand=P result=UNKNOWN
plan13_t1 layer: d=1 root_val=0 layer_evals=31 total_evals=31 facts=0 nw=0 fact_hits=0 nw_hits=0 pathbound=0 wall=0.00s
plan13_t1 layer: d=2 root_val=0 layer_evals=147 total_evals=178 facts=0 nw=0 fact_hits=0 nw_hits=0 pathbound=0 wall=0.00s
plan13_t1 layer: d=3 root_val=0 layer_evals=3558 total_evals=3736 facts=4 nw=0 fact_hits=0 nw_hits=0 pathbound=4 wall=0.00s
plan13_t1 layer: d=4 root_val=0 layer_evals=19530 total_evals=23266 facts=4 nw=0 fact_hits=4 nw_hits=0 pathbound=4 wall=0.01s
plan13_t1 layer: d=5 root_val=0 layer_evals=429672 total_evals=452938 facts=126 nw=0 fact_hits=4 nw_hits=0 pathbound=398 wall=0.38s
plan13_t1 layer: d=6 root_val=0 layer_evals=2368061 total_evals=2820999 facts=126 nw=2 fact_hits=46 nw_hits=0 pathbound=712 wall=2.66s
plan13_t1 oracle sample: shard=0 36 fen="8/8/8/6Q1/8/8/1K6/3k4 w - - 0 1" kind=draw R=DRAW lh=6 cand=L result=UNKNOWN
plan13_t1 oracle sample: shard=0 36 fen="8/8/8/6Q1/8/8/1K6/3k4 w - - 0 1" kind=draw R=DRAW lh=6 cand=P result=UNKNOWN
plan13_t1 layer: d=1 root_val=0 layer_evals=26 total_evals=26 facts=0 nw=0 fact_hits=0 nw_hits=0 pathbound=0 wall=0.00s
plan13_t1 layer: d=2 root_val=0 layer_evals=184 total_evals=210 facts=0 nw=0 fact_hits=0 nw_hits=0 pathbound=0 wall=0.00s
plan13_t1 layer: d=3 root_val=0 layer_evals=4259 total_evals=4469 facts=0 nw=0 fact_hits=0 nw_hits=0 pathbound=0 wall=0.00s
plan13_t1 layer: d=4 root_val=0 layer_evals=27301 total_evals=31770 facts=0 nw=0 fact_hits=0 nw_hits=0 pathbound=0 wall=0.02s
plan13_t1 layer: d=5 root_val=0 layer_evals=638257 total_evals=670027 facts=30 nw=0 fact_hits=0 nw_hits=0 pathbound=96 wall=0.54s
plan13_t1 layer: d=6 root_val=0 layer_evals=2329979 total_evals=3000006 facts=30 nw=1 fact_hits=2 nw_hits=0 pathbound=157 wall=2.85s
plan13_t1 oracle sample: shard=0 37 fen="7Q/8/8/8/2k5/K7/8/8 w - - 0 1" kind=draw R=DRAW lh=6 cand=L result=UNKNOWN
plan13_t1 oracle sample: shard=0 37 fen="7Q/8/8/8/2k5/K7/8/8 w - - 0 1" kind=draw R=DRAW lh=6 cand=P result=UNKNOWN
plan13_t1 layer: d=1 root_val=0 layer_evals=26 total_evals=26 facts=0 nw=0 fact_hits=0 nw_hits=0 pathbound=0 wall=0.00s
plan13_t1 layer: d=2 root_val=0 layer_evals=125 total_evals=151 facts=0 nw=0 fact_hits=0 nw_hits=0 pathbound=0 wall=0.00s
plan13_t1 layer: d=3 root_val=0 layer_evals=2750 total_evals=2901 facts=3 nw=0 fact_hits=0 nw_hits=0 pathbound=3 wall=0.00s
plan13_t1 layer: d=4 root_val=0 layer_evals=14575 total_evals=17476 facts=3 nw=0 fact_hits=3 nw_hits=0 pathbound=3 wall=0.01s
plan13_t1 layer: d=5 root_val=0 layer_evals=301319 total_evals=318795 facts=84 nw=0 fact_hits=3 nw_hits=0 pathbound=298 wall=0.24s
plan13_t1 layer: d=6 root_val=0 layer_evals=1659504 total_evals=1978299 facts=84 nw=2 fact_hits=27 nw_hits=0 pathbound=541 wall=1.80s
plan13_t1 oracle sample: shard=0 38 fen="4q3/8/8/K7/8/k7/8/8 b - - 0 1" kind=draw R=DRAW lh=6 cand=L result=UNKNOWN
plan13_t1 oracle sample: shard=0 38 fen="4q3/8/8/K7/8/k7/8/8 b - - 0 1" kind=draw R=DRAW lh=6 cand=P result=UNKNOWN
plan13_t1 layer: d=1 root_val=0 layer_evals=28 total_evals=28 facts=0 nw=0 fact_hits=0 nw_hits=0 pathbound=0 wall=0.00s
plan13_t1 layer: d=2 root_val=0 layer_evals=131 total_evals=159 facts=0 nw=0 fact_hits=0 nw_hits=0 pathbound=0 wall=0.00s
plan13_t1 layer: d=3 root_val=0 layer_evals=2920 total_evals=3079 facts=0 nw=0 fact_hits=0 nw_hits=0 pathbound=0 wall=0.00s
plan13_t1 layer: d=4 root_val=0 layer_evals=16734 total_evals=19813 facts=0 nw=0 fact_hits=0 nw_hits=0 pathbound=0 wall=0.01s
plan13_t1 layer: d=5 root_val=0 layer_evals=365962 total_evals=385775 facts=42 nw=0 fact_hits=0 nw_hits=0 pathbound=205 wall=0.36s
plan13_t1 layer: d=6 root_val=0 layer_evals=1919368 total_evals=2305143 facts=42 nw=0 fact_hits=18 nw_hits=0 pathbound=376 wall=2.15s
plan13_t1 oracle sample: shard=0 39 fen="8/8/8/8/1q6/7K/8/6k1 b - - 0 1" kind=draw R=DRAW lh=6 cand=L result=UNKNOWN
plan13_t1 oracle sample: shard=0 39 fen="8/8/8/8/1q6/7K/8/6k1 b - - 0 1" kind=draw R=DRAW lh=6 cand=P result=UNKNOWN
plan13_t1 oracle progress: shard=0 40/60 contradictions=0
plan13_t1 layer: d=1 root_val=0 layer_evals=30 total_evals=30 facts=0 nw=0 fact_hits=0 nw_hits=0 pathbound=0 wall=0.00s
plan13_t1 layer: d=2 root_val=0 layer_evals=156 total_evals=186 facts=0 nw=0 fact_hits=0 nw_hits=0 pathbound=0 wall=0.00s
plan13_t1 layer: d=3 root_val=0 layer_evals=3593 total_evals=3779 facts=6 nw=0 fact_hits=0 nw_hits=0 pathbound=6 wall=0.00s
plan13_t1 layer: d=4 root_val=0 layer_evals=19710 total_evals=23489 facts=6 nw=0 fact_hits=6 nw_hits=0 pathbound=6 wall=0.01s
plan13_t1 layer: d=5 root_val=0 layer_evals=435768 total_evals=459257 facts=64 nw=0 fact_hits=9 nw_hits=0 pathbound=324 wall=0.38s
plan13_t1 layer: d=6 root_val=0 layer_evals=2297828 total_evals=2757085 facts=64 nw=3 fact_hits=20 nw_hits=0 pathbound=614 wall=2.53s
plan13_t1 oracle sample: shard=0 40 fen="6K1/8/7k/8/8/2Q5/8/8 w - - 0 1" kind=draw R=DRAW lh=6 cand=L result=UNKNOWN
plan13_t1 oracle sample: shard=0 40 fen="6K1/8/7k/8/8/2Q5/8/8 w - - 0 1" kind=draw R=DRAW lh=6 cand=P result=UNKNOWN
plan13_t1 layer: d=1 root_val=0 layer_evals=26 total_evals=26 facts=0 nw=0 fact_hits=0 nw_hits=0 pathbound=0 wall=0.00s
plan13_t1 layer: d=2 root_val=0 layer_evals=178 total_evals=204 facts=0 nw=0 fact_hits=0 nw_hits=0 pathbound=0 wall=0.00s
plan13_t1 layer: d=3 root_val=0 layer_evals=4150 total_evals=4354 facts=0 nw=0 fact_hits=0 nw_hits=0 pathbound=0 wall=0.00s
plan13_t1 layer: d=4 root_val=0 layer_evals=25970 total_evals=30324 facts=0 nw=0 fact_hits=0 nw_hits=0 pathbound=0 wall=0.02s
plan13_t1 layer: d=5 root_val=0 layer_evals=610788 total_evals=641112 facts=7 nw=0 fact_hits=0 nw_hits=0 pathbound=10 wall=0.51s
plan13_t1 layer: d=6 root_val=0 layer_evals=2358892 total_evals=3000004 facts=7 nw=1 fact_hits=2 nw_hits=0 pathbound=14 wall=2.71s
plan13_t1 oracle sample: shard=0 41 fen="8/8/8/8/k1K5/7q/8/8 b - - 0 1" kind=draw R=DRAW lh=6 cand=L result=UNKNOWN
plan13_t1 oracle sample: shard=0 41 fen="8/8/8/8/k1K5/7q/8/8 b - - 0 1" kind=draw R=DRAW lh=6 cand=P result=UNKNOWN
plan13_t1 layer: d=1 root_val=0 layer_evals=30 total_evals=30 facts=0 nw=0 fact_hits=0 nw_hits=0 pathbound=0 wall=0.00s
plan13_t1 layer: d=2 root_val=0 layer_evals=139 total_evals=169 facts=0 nw=0 fact_hits=0 nw_hits=0 pathbound=0 wall=0.00s
plan13_t1 layer: d=3 root_val=0 layer_evals=2949 total_evals=3118 facts=4 nw=0 fact_hits=0 nw_hits=0 pathbound=4 wall=0.00s
plan13_t1 layer: d=4 root_val=0 layer_evals=15438 total_evals=18556 facts=4 nw=0 fact_hits=4 nw_hits=0 pathbound=4 wall=0.01s
plan13_t1 layer: d=5 root_val=0 layer_evals=317700 total_evals=336256 facts=49 nw=0 fact_hits=6 nw_hits=0 pathbound=263 wall=0.26s
plan13_t1 layer: d=6 root_val=0 layer_evals=1651266 total_evals=1987522 facts=49 nw=1 fact_hits=27 nw_hits=0 pathbound=487 wall=1.75s
plan13_t1 oracle sample: shard=0 42 fen="8/8/8/4Q3/8/8/8/5k1K w - - 0 1" kind=draw R=DRAW lh=6 cand=L result=UNKNOWN
plan13_t1 oracle sample: shard=0 42 fen="8/8/8/4Q3/8/8/8/5k1K w - - 0 1" kind=draw R=DRAW lh=6 cand=P result=UNKNOWN
plan13_t1 layer: d=1 root_val=0 layer_evals=26 total_evals=26 facts=0 nw=0 fact_hits=0 nw_hits=0 pathbound=0 wall=0.00s
plan13_t1 layer: d=2 root_val=0 layer_evals=161 total_evals=187 facts=0 nw=0 fact_hits=0 nw_hits=0 pathbound=0 wall=0.00s
plan13_t1 layer: d=3 root_val=0 layer_evals=3724 total_evals=3911 facts=4 nw=0 fact_hits=0 nw_hits=0 pathbound=4 wall=0.00s
plan13_t1 layer: d=4 root_val=0 layer_evals=19282 total_evals=23193 facts=4 nw=0 fact_hits=4 nw_hits=0 pathbound=4 wall=0.01s
plan13_t1 layer: d=5 root_val=0 layer_evals=415747 total_evals=438940 facts=73 nw=0 fact_hits=4 nw_hits=0 pathbound=334 wall=0.36s
plan13_t1 layer: d=6 root_val=0 layer_evals=2347503 total_evals=2786443 facts=73 nw=6 fact_hits=22 nw_hits=0 pathbound=620 wall=2.52s
plan13_t1 oracle sample: shard=0 43 fen="8/8/7K/8/6k1/8/8/5Q2 w - - 0 1" kind=draw R=DRAW lh=6 cand=L result=UNKNOWN
plan13_t1 oracle sample: shard=0 43 fen="8/8/7K/8/6k1/8/8/5Q2 w - - 0 1" kind=draw R=DRAW lh=6 cand=P result=UNKNOWN
plan13_t1 layer: d=1 root_val=0 layer_evals=32 total_evals=32 facts=0 nw=0 fact_hits=0 nw_hits=0 pathbound=0 wall=0.00s
plan13_t1 layer: d=2 root_val=0 layer_evals=223 total_evals=255 facts=0 nw=0 fact_hits=0 nw_hits=0 pathbound=0 wall=0.00s
plan13_t1 layer: d=3 root_val=0 layer_evals=5609 total_evals=5864 facts=9 nw=0 fact_hits=0 nw_hits=0 pathbound=9 wall=0.00s
plan13_t1 layer: d=4 root_val=0 layer_evals=30213 total_evals=36077 facts=9 nw=0 fact_hits=9 nw_hits=0 pathbound=9 wall=0.02s
plan13_t1 layer: d=5 root_val=0 layer_evals=645126 total_evals=681203 facts=139 nw=0 fact_hits=12 nw_hits=0 pathbound=384 wall=0.54s
plan13_t1 layer: d=6 root_val=0 layer_evals=2318799 total_evals=3000002 facts=139 nw=1 fact_hits=60 nw_hits=0 pathbound=560 wall=2.72s
plan13_t1 oracle sample: shard=0 44 fen="8/2K5/k7/8/4q3/8/8/8 b - - 0 1" kind=draw R=DRAW lh=6 cand=L result=UNKNOWN
plan13_t1 oracle sample: shard=0 44 fen="8/2K5/k7/8/4q3/8/8/8 b - - 0 1" kind=draw R=DRAW lh=6 cand=P result=UNKNOWN
plan13_t1 layer: d=1 root_val=0 layer_evals=26 total_evals=26 facts=0 nw=0 fact_hits=0 nw_hits=0 pathbound=0 wall=0.00s
plan13_t1 layer: d=2 root_val=0 layer_evals=183 total_evals=209 facts=0 nw=0 fact_hits=0 nw_hits=0 pathbound=0 wall=0.00s
plan13_t1 layer: d=3 root_val=0 layer_evals=4272 total_evals=4481 facts=0 nw=0 fact_hits=0 nw_hits=0 pathbound=0 wall=0.00s
plan13_t1 layer: d=4 root_val=0 layer_evals=26632 total_evals=31113 facts=0 nw=0 fact_hits=0 nw_hits=0 pathbound=0 wall=0.05s
plan13_t1 layer: d=5 root_val=0 layer_evals=621806 total_evals=652919 facts=22 nw=0 fact_hits=0 nw_hits=0 pathbound=43 wall=0.57s
plan13_t1 layer: d=6 root_val=0 layer_evals=2347082 total_evals=3000001 facts=22 nw=0 fact_hits=1 nw_hits=0 pathbound=71 wall=2.77s
plan13_t1 oracle sample: shard=0 45 fen="8/Q7/8/8/8/3k4/8/3K4 w - - 0 1" kind=draw R=DRAW lh=6 cand=L result=UNKNOWN
plan13_t1 oracle sample: shard=0 45 fen="8/Q7/8/8/8/3k4/8/3K4 w - - 0 1" kind=draw R=DRAW lh=6 cand=P result=UNKNOWN
plan13_t1 layer: d=1 root_val=0 layer_evals=26 total_evals=26 facts=0 nw=0 fact_hits=0 nw_hits=0 pathbound=0 wall=0.00s
plan13_t1 layer: d=2 root_val=0 layer_evals=195 total_evals=221 facts=0 nw=0 fact_hits=0 nw_hits=0 pathbound=0 wall=0.00s
plan13_t1 layer: d=3 root_val=0 layer_evals=4925 total_evals=5146 facts=0 nw=0 fact_hits=0 nw_hits=0 pathbound=0 wall=0.00s
plan13_t1 layer: d=4 root_val=0 layer_evals=32313 total_evals=37459 facts=0 nw=0 fact_hits=0 nw_hits=0 pathbound=0 wall=0.02s
plan13_t1 layer: d=5 root_val=0 layer_evals=806938 total_evals=844397 facts=93 nw=0 fact_hits=0 nw_hits=0 pathbound=314 wall=0.71s
plan13_t1 layer: d=6 root_val=0 layer_evals=2155606 total_evals=3000003 facts=93 nw=2 fact_hits=2 nw_hits=0 pathbound=450 wall=2.79s
plan13_t1 oracle sample: shard=0 46 fen="Q7/8/8/8/8/3k1K2/8/8 w - - 0 1" kind=draw R=DRAW lh=6 cand=L result=UNKNOWN
plan13_t1 oracle sample: shard=0 46 fen="Q7/8/8/8/8/3k1K2/8/8 w - - 0 1" kind=draw R=DRAW lh=6 cand=P result=UNKNOWN
plan13_t1 layer: d=1 root_val=0 layer_evals=26 total_evals=26 facts=0 nw=0 fact_hits=0 nw_hits=0 pathbound=0 wall=0.00s
plan13_t1 layer: d=2 root_val=0 layer_evals=145 total_evals=171 facts=0 nw=0 fact_hits=0 nw_hits=0 pathbound=0 wall=0.00s
plan13_t1 layer: d=3 root_val=0 layer_evals=3519 total_evals=3690 facts=0 nw=0 fact_hits=0 nw_hits=0 pathbound=0 wall=0.00s
plan13_t1 layer: d=4 root_val=0 layer_evals=21722 total_evals=25412 facts=0 nw=0 fact_hits=0 nw_hits=0 pathbound=0 wall=0.01s
plan13_t1 layer: d=5 root_val=0 layer_evals=517233 total_evals=542645 facts=110 nw=0 fact_hits=0 nw_hits=0 pathbound=325 wall=0.41s
plan13_t1 layer: d=6 root_val=0 layer_evals=2457361 total_evals=3000006 facts=110 nw=0 fact_hits=12 nw_hits=0 pathbound=555 wall=2.85s
plan13_t1 oracle sample: shard=0 47 fen="2k5/8/2K5/8/8/8/8/2Q5 w - - 0 1" kind=draw R=DRAW lh=6 cand=L result=UNKNOWN
plan13_t1 oracle sample: shard=0 47 fen="2k5/8/2K5/8/8/8/8/2Q5 w - - 0 1" kind=draw R=DRAW lh=6 cand=P result=UNKNOWN
plan13_t1 layer: d=1 root_val=0 layer_evals=29 total_evals=29 facts=0 nw=0 fact_hits=0 nw_hits=0 pathbound=0 wall=0.00s
plan13_t1 layer: d=2 root_val=0 layer_evals=196 total_evals=225 facts=0 nw=0 fact_hits=0 nw_hits=0 pathbound=0 wall=0.00s
plan13_t1 layer: d=3 root_val=0 layer_evals=4799 total_evals=5024 facts=0 nw=0 fact_hits=0 nw_hits=0 pathbound=0 wall=0.00s
plan13_t1 layer: d=4 root_val=0 layer_evals=32067 total_evals=37091 facts=0 nw=0 fact_hits=0 nw_hits=0 pathbound=0 wall=0.02s
plan13_t1 layer: d=5 root_val=0 layer_evals=736480 total_evals=773571 facts=245 nw=0 fact_hits=0 nw_hits=0 pathbound=853 wall=0.70s
plan13_t1 layer: d=6 root_val=0 layer_evals=2226433 total_evals=3000004 facts=245 nw=0 fact_hits=43 nw_hits=0 pathbound=1245 wall=2.93s
plan13_t1 oracle sample: shard=0 48 fen="8/Q7/5k2/3K4/8/8/8/8 w - - 0 1" kind=draw R=DRAW lh=6 cand=L result=UNKNOWN
plan13_t1 oracle sample: shard=0 48 fen="8/Q7/5k2/3K4/8/8/8/8 w - - 0 1" kind=draw R=DRAW lh=6 cand=P result=UNKNOWN
plan13_t1 layer: d=1 root_val=0 layer_evals=26 total_evals=26 facts=0 nw=0 fact_hits=0 nw_hits=0 pathbound=0 wall=0.00s
plan13_t1 layer: d=2 root_val=0 layer_evals=183 total_evals=209 facts=0 nw=0 fact_hits=0 nw_hits=0 pathbound=0 wall=0.00s
plan13_t1 layer: d=3 root_val=0 layer_evals=4401 total_evals=4610 facts=0 nw=0 fact_hits=0 nw_hits=0 pathbound=0 wall=0.00s
plan13_t1 layer: d=4 root_val=0 layer_evals=27287 total_evals=31897 facts=0 nw=0 fact_hits=0 nw_hits=0 pathbound=0 wall=0.02s
plan13_t1 layer: d=5 root_val=0 layer_evals=643600 total_evals=675497 facts=47 nw=0 fact_hits=0 nw_hits=0 pathbound=241 wall=0.53s
plan13_t1 layer: d=6 root_val=0 layer_evals=2324505 total_evals=3000002 facts=47 nw=2 fact_hits=0 nw_hits=0 pathbound=415 wall=2.72s
plan13_t1 oracle sample: shard=0 49 fen="6q1/8/8/8/8/4K3/8/2k5 b - - 0 1" kind=draw R=DRAW lh=6 cand=L result=UNKNOWN
plan13_t1 oracle sample: shard=0 49 fen="6q1/8/8/8/8/4K3/8/2k5 b - - 0 1" kind=draw R=DRAW lh=6 cand=P result=UNKNOWN
plan13_t1 layer: d=1 root_val=0 layer_evals=26 total_evals=26 facts=0 nw=0 fact_hits=0 nw_hits=0 pathbound=0 wall=0.00s
plan13_t1 layer: d=2 root_val=0 layer_evals=170 total_evals=196 facts=0 nw=0 fact_hits=0 nw_hits=0 pathbound=0 wall=0.00s
plan13_t1 layer: d=3 root_val=0 layer_evals=3967 total_evals=4163 facts=13 nw=0 fact_hits=0 nw_hits=0 pathbound=13 wall=0.00s
plan13_t1 layer: d=4 root_val=0 layer_evals=19093 total_evals=23256 facts=13 nw=0 fact_hits=13 nw_hits=0 pathbound=13 wall=0.01s
plan13_t1 layer: d=5 root_val=0 layer_evals=382336 total_evals=405592 facts=152 nw=0 fact_hits=14 nw_hits=0 pathbound=571 wall=0.31s
plan13_t1 layer: d=6 root_val=0 layer_evals=2130416 total_evals=2536008 facts=152 nw=4 fact_hits=66 nw_hits=0 pathbound=1005 wall=2.29s
plan13_t1 oracle sample: shard=0 50 fen="7q/1K6/8/k7/8/8/8/8 b - - 0 1" kind=draw R=DRAW lh=6 cand=L result=UNKNOWN
plan13_t1 oracle sample: shard=0 50 fen="7q/1K6/8/k7/8/8/8/8 b - - 0 1" kind=draw R=DRAW lh=6 cand=P result=UNKNOWN
plan13_t1 layer: d=1 root_val=0 layer_evals=24 total_evals=24 facts=0 nw=0 fact_hits=0 nw_hits=0 pathbound=0 wall=0.00s
plan13_t1 layer: d=2 root_val=0 layer_evals=172 total_evals=196 facts=0 nw=0 fact_hits=0 nw_hits=0 pathbound=0 wall=0.00s
plan13_t1 layer: d=3 root_val=0 layer_evals=3867 total_evals=4063 facts=5 nw=0 fact_hits=0 nw_hits=0 pathbound=5 wall=0.00s
plan13_t1 layer: d=4 root_val=0 layer_evals=21008 total_evals=25071 facts=5 nw=0 fact_hits=5 nw_hits=0 pathbound=5 wall=0.01s
plan13_t1 layer: d=5 root_val=0 layer_evals=442177 total_evals=467248 facts=60 nw=0 fact_hits=8 nw_hits=0 pathbound=314 wall=0.37s
plan13_t1 layer: d=6 root_val=0 layer_evals=2430622 total_evals=2897870 facts=60 nw=0 fact_hits=21 nw_hits=0 pathbound=599 wall=2.51s
plan13_t1 oracle sample: shard=0 51 fen="8/8/q7/8/8/8/5K2/7k b - - 0 1" kind=draw R=DRAW lh=6 cand=L result=UNKNOWN
plan13_t1 oracle sample: shard=0 51 fen="8/8/q7/8/8/8/5K2/7k b - - 0 1" kind=draw R=DRAW lh=6 cand=P result=UNKNOWN
plan13_t1 layer: d=1 root_val=0 layer_evals=28 total_evals=28 facts=0 nw=0 fact_hits=0 nw_hits=0 pathbound=0 wall=0.00s
plan13_t1 layer: d=2 root_val=0 layer_evals=147 total_evals=175 facts=0 nw=0 fact_hits=0 nw_hits=0 pathbound=0 wall=0.00s
plan13_t1 layer: d=3 root_val=0 layer_evals=3344 total_evals=3519 facts=3 nw=0 fact_hits=0 nw_hits=0 pathbound=3 wall=0.00s
plan13_t1 layer: d=4 root_val=0 layer_evals=18622 total_evals=22141 facts=3 nw=0 fact_hits=3 nw_hits=0 pathbound=3 wall=0.01s
plan13_t1 layer: d=5 root_val=0 layer_evals=405592 total_evals=427733 facts=89 nw=0 fact_hits=3 nw_hits=0 pathbound=450 wall=0.33s
plan13_t1 layer: d=6 root_val=0 layer_evals=2261277 total_evals=2689010 facts=89 nw=1 fact_hits=17 nw_hits=0 pathbound=859 wall=2.40s
plan13_t1 oracle sample: shard=0 52 fen="8/1Q6/7K/8/7k/8/8/8 w - - 0 1" kind=draw R=DRAW lh=6 cand=L result=UNKNOWN
plan13_t1 oracle sample: shard=0 52 fen="8/1Q6/7K/8/7k/8/8/8 w - - 0 1" kind=draw R=DRAW lh=6 cand=P result=UNKNOWN
plan13_t1 layer: d=1 root_val=0 layer_evals=26 total_evals=26 facts=0 nw=0 fact_hits=0 nw_hits=0 pathbound=0 wall=0.00s
plan13_t1 layer: d=2 root_val=0 layer_evals=184 total_evals=210 facts=0 nw=0 fact_hits=0 nw_hits=0 pathbound=0 wall=0.00s
plan13_t1 layer: d=3 root_val=0 layer_evals=4259 total_evals=4469 facts=0 nw=0 fact_hits=0 nw_hits=0 pathbound=0 wall=0.00s
plan13_t1 layer: d=4 root_val=0 layer_evals=27301 total_evals=31770 facts=0 nw=0 fact_hits=0 nw_hits=0 pathbound=0 wall=0.05s
plan13_t1 layer: d=5 root_val=0 layer_evals=638257 total_evals=670027 facts=30 nw=0 fact_hits=0 nw_hits=0 pathbound=96 wall=0.56s
plan13_t1 layer: d=6 root_val=0 layer_evals=2329999 total_evals=3000026 facts=30 nw=1 fact_hits=2 nw_hits=0 pathbound=158 wall=2.73s
plan13_t1 oracle sample: shard=0 53 fen="8/8/k7/2K5/8/8/8/7q b - - 0 1" kind=draw R=DRAW lh=6 cand=L result=UNKNOWN
plan13_t1 oracle sample: shard=0 53 fen="8/8/k7/2K5/8/8/8/7q b - - 0 1" kind=draw R=DRAW lh=6 cand=P result=UNKNOWN
plan13_t1 layer: d=1 root_val=0 layer_evals=31 total_evals=31 facts=0 nw=0 fact_hits=0 nw_hits=0 pathbound=0 wall=0.00s
plan13_t1 layer: d=2 root_val=0 layer_evals=203 total_evals=234 facts=0 nw=0 fact_hits=0 nw_hits=0 pathbound=0 wall=0.00s
plan13_t1 layer: d=3 root_val=0 layer_evals=5147 total_evals=5381 facts=5 nw=0 fact_hits=0 nw_hits=0 pathbound=5 wall=0.00s
plan13_t1 layer: d=4 root_val=0 layer_evals=27594 total_evals=32975 facts=5 nw=0 fact_hits=5 nw_hits=0 pathbound=5 wall=0.02s
plan13_t1 layer: d=5 root_val=0 layer_evals=640926 total_evals=673901 facts=113 nw=0 fact_hits=5 nw_hits=0 pathbound=425 wall=0.54s
plan13_t1 layer: d=6 root_val=0 layer_evals=2326102 total_evals=3000003 facts=113 nw=8 fact_hits=31 nw_hits=0 pathbound=680 wall=2.79s
plan13_t1 oracle sample: shard=0 54 fen="8/1k6/8/1K6/8/8/2q5/8 b - - 0 1" kind=draw R=DRAW lh=6 cand=L result=UNKNOWN
plan13_t1 oracle sample: shard=0 54 fen="8/1k6/8/1K6/8/8/2q5/8 b - - 0 1" kind=draw R=DRAW lh=6 cand=P result=UNKNOWN
plan13_t1 layer: d=1 root_val=0 layer_evals=26 total_evals=26 facts=0 nw=0 fact_hits=0 nw_hits=0 pathbound=0 wall=0.00s
plan13_t1 layer: d=2 root_val=0 layer_evals=144 total_evals=170 facts=0 nw=0 fact_hits=0 nw_hits=0 pathbound=0 wall=0.00s
plan13_t1 layer: d=3 root_val=0 layer_evals=3440 total_evals=3610 facts=3 nw=0 fact_hits=0 nw_hits=0 pathbound=3 wall=0.00s
plan13_t1 layer: d=4 root_val=0 layer_evals=18211 total_evals=21821 facts=3 nw=0 fact_hits=3 nw_hits=0 pathbound=3 wall=0.01s
plan13_t1 layer: d=5 root_val=0 layer_evals=419693 total_evals=441514 facts=94 nw=0 fact_hits=3 nw_hits=0 pathbound=248 wall=0.38s
plan13_t1 layer: d=6 root_val=0 layer_evals=2229135 total_evals=2670649 facts=94 nw=1 fact_hits=26 nw_hits=0 pathbound=431 wall=2.57s
plan13_t1 oracle sample: shard=0 55 fen="8/Q4K1k/8/8/8/8/8/8 w - - 0 1" kind=draw R=DRAW lh=6 cand=L result=UNKNOWN
plan13_t1 oracle sample: shard=0 55 fen="8/Q4K1k/8/8/8/8/8/8 w - - 0 1" kind=draw R=DRAW lh=6 cand=P result=UNKNOWN
plan13_t1 layer: d=1 root_val=0 layer_evals=29 total_evals=29 facts=0 nw=0 fact_hits=0 nw_hits=0 pathbound=0 wall=0.00s
plan13_t1 layer: d=2 root_val=0 layer_evals=174 total_evals=203 facts=0 nw=0 fact_hits=0 nw_hits=0 pathbound=0 wall=0.00s
plan13_t1 layer: d=3 root_val=0 layer_evals=4277 total_evals=4480 facts=0 nw=0 fact_hits=0 nw_hits=0 pathbound=0 wall=0.00s
plan13_t1 layer: d=4 root_val=0 layer_evals=26233 total_evals=30713 facts=0 nw=0 fact_hits=0 nw_hits=0 pathbound=0 wall=0.02s
plan13_t1 layer: d=5 root_val=0 layer_evals=638763 total_evals=669476 facts=0 nw=0 fact_hits=0 nw_hits=0 pathbound=0 wall=0.52s
plan13_t1 layer: d=6 root_val=0 layer_evals=2330526 total_evals=3000002 facts=0 nw=0 fact_hits=0 nw_hits=0 pathbound=0 wall=2.40s
plan13_t1 oracle sample: shard=0 56 fen="8/8/8/3k4/8/1K6/8/4Q3 w - - 0 1" kind=draw R=DRAW lh=6 cand=L result=UNKNOWN
plan13_t1 oracle sample: shard=0 56 fen="8/8/8/3k4/8/1K6/8/4Q3 w - - 0 1" kind=draw R=DRAW lh=6 cand=P result=UNKNOWN
plan13_t1 layer: d=1 root_val=0 layer_evals=30 total_evals=30 facts=0 nw=0 fact_hits=0 nw_hits=0 pathbound=0 wall=0.00s
plan13_t1 layer: d=2 root_val=0 layer_evals=169 total_evals=199 facts=0 nw=0 fact_hits=0 nw_hits=0 pathbound=0 wall=0.00s
plan13_t1 layer: d=3 root_val=0 layer_evals=4286 total_evals=4485 facts=0 nw=0 fact_hits=0 nw_hits=0 pathbound=0 wall=0.00s
plan13_t1 layer: d=4 root_val=0 layer_evals=25645 total_evals=30130 facts=0 nw=0 fact_hits=0 nw_hits=0 pathbound=0 wall=0.02s
plan13_t1 layer: d=5 root_val=0 layer_evals=639130 total_evals=669260 facts=0 nw=0 fact_hits=0 nw_hits=0 pathbound=0 wall=0.55s
plan13_t1 layer: d=6 root_val=0 layer_evals=2330742 total_evals=3000002 facts=0 nw=0 fact_hits=0 nw_hits=0 pathbound=0 wall=2.64s
plan13_t1 oracle sample: shard=0 57 fen="8/8/5q2/8/4K3/2k5/8/8 b - - 0 1" kind=draw R=DRAW lh=6 cand=L result=UNKNOWN
plan13_t1 oracle sample: shard=0 57 fen="8/8/5q2/8/4K3/2k5/8/8 b - - 0 1" kind=draw R=DRAW lh=6 cand=P result=UNKNOWN
plan13_t1 layer: d=1 root_val=0 layer_evals=29 total_evals=29 facts=0 nw=0 fact_hits=0 nw_hits=0 pathbound=0 wall=0.00s
plan13_t1 layer: d=2 root_val=0 layer_evals=211 total_evals=240 facts=0 nw=0 fact_hits=0 nw_hits=0 pathbound=0 wall=0.00s
plan13_t1 layer: d=3 root_val=0 layer_evals=5323 total_evals=5563 facts=0 nw=0 fact_hits=0 nw_hits=0 pathbound=0 wall=0.00s
plan13_t1 layer: d=4 root_val=0 layer_evals=34114 total_evals=39677 facts=0 nw=0 fact_hits=0 nw_hits=0 pathbound=0 wall=0.02s
plan13_t1 layer: d=5 root_val=0 layer_evals=851238 total_evals=890915 facts=125 nw=0 fact_hits=0 nw_hits=0 pathbound=429 wall=0.80s
plan13_t1 layer: d=6 root_val=0 layer_evals=2109091 total_evals=3000006 facts=125 nw=2 fact_hits=2 nw_hits=0 pathbound=635 wall=3.03s
plan13_t1 oracle sample: shard=0 58 fen="8/8/5K2/8/5k2/8/8/1Q6 w - - 0 1" kind=draw R=DRAW lh=6 cand=L result=UNKNOWN
plan13_t1 oracle sample: shard=0 58 fen="8/8/5K2/8/5k2/8/8/1Q6 w - - 0 1" kind=draw R=DRAW lh=6 cand=P result=UNKNOWN
plan13_t1 layer: d=1 root_val=0 layer_evals=30 total_evals=30 facts=0 nw=0 fact_hits=0 nw_hits=0 pathbound=0 wall=0.00s
plan13_t1 layer: d=2 root_val=0 layer_evals=154 total_evals=184 facts=0 nw=0 fact_hits=0 nw_hits=0 pathbound=0 wall=0.00s
plan13_t1 layer: d=3 root_val=0 layer_evals=3545 total_evals=3729 facts=3 nw=0 fact_hits=0 nw_hits=0 pathbound=3 wall=0.00s
plan13_t1 layer: d=4 root_val=0 layer_evals=19103 total_evals=22832 facts=3 nw=0 fact_hits=3 nw_hits=0 pathbound=3 wall=0.01s
plan13_t1 layer: d=5 root_val=0 layer_evals=413741 total_evals=436573 facts=77 nw=0 fact_hits=4 nw_hits=0 pathbound=404 wall=0.33s
plan13_t1 layer: d=6 root_val=0 layer_evals=2289124 total_evals=2725697 facts=77 nw=2 fact_hits=17 nw_hits=0 pathbound=770 wall=2.49s
plan13_t1 oracle sample: shard=0 59 fen="4k1K1/8/8/8/8/2Q5/8/8 w - - 0 1" kind=draw R=DRAW lh=6 cand=L result=UNKNOWN
plan13_t1 oracle sample: shard=0 59 fen="4k1K1/8/8/8/8/2Q5/8/8 w - - 0 1" kind=draw R=DRAW lh=6 cand=P result=UNKNOWN
plan13_t1 oracle progress: shard=0 60/60 contradictions=0
plan13_t1 oracle summary: shard=0/4 samples=60 contradictions=0 downgraded=23 R_win_cert=23 R_draw_claims=30 unknown_or_bounded=81
