plan13_t1 oracle: shard=3/4 samples win=30 draw=30 attempts=629
plan13_t1 layer: d=1 root_val=0 layer_evals=24 total_evals=24 facts=0 nw=0 fact_hits=0 nw_hits=0 pathbound=0 wall=0.00s
plan13_t1 layer: d=2 root_val=0 layer_evals=119 total_evals=143 facts=0 nw=0 fact_hits=0 nw_hits=0 pathbound=0 wall=0.00s
plan13_t1 layer: d=3 root_val=2 layer_evals=622 total_evals=765 facts=11 nw=0 fact_hits=0 nw_hits=0 pathbound=11 wall=0.00s
plan13_t1 oracle sample: shard=3 0 fen="3q2k1/8/8/8/8/8/K7/8 b - - 0 1" kind=win R=WIN_CERTIFIED lh=3 cand=L result=CLAIM_UNCERTIFIED
plan13_t1 oracle DOWNGRADED: L uncertified claim at 3q2k1/8/8/8/8/8/K7/8 b - - 0 1
plan13_t1 oracle sample: shard=3 0 fen="3q2k1/8/8/8/8/8/K7/8 b - - 0 1" kind=win R=WIN_CERTIFIED lh=3 cand=P result=WIN_CERTIFIED
plan13_t1 layer: d=1 root_val=0 layer_evals=23 total_evals=23 facts=0 nw=0 fact_hits=0 nw_hits=0 pathbound=0 wall=0.00s
plan13_t1 layer: d=2 root_val=0 layer_evals=134 total_evals=157 facts=0 nw=0 fact_hits=0 nw_hits=0 pathbound=0 wall=0.00s
plan13_t1 layer: d=3 root_val=0 layer_evals=3075 total_evals=3232 facts=0 nw=0 fact_hits=0 nw_hits=0 pathbound=0 wall=0.00s
plan13_t1 layer: d=4 root_val=0 layer_evals=18251 total_evals=21483 facts=0 nw=0 fact_hits=0 nw_hits=0 pathbound=0 wall=0.01s
plan13_t1 layer: d=5 root_val=0 layer_evals=394117 total_evals=415600 facts=110 nw=0 fact_hits=0 nw_hits=0 pathbound=380 wall=0.23s
plan13_t1 layer: d=6 root_val=0 layer_evals=2187577 total_evals=2603177 facts=110 nw=0 fact_hits=28 nw_hits=0 pathbound=696 wall=1.58s
plan13_t1 oracle sample: shard=3 1 fen="8/8/7K/8/2k5/7Q/8/8 w - - 0 1" kind=win R=UNKNOWN lh=6 cand=L result=UNKNOWN
plan13_t1 oracle sample: shard=3 1 fen="8/8/7K/8/2k5/7Q/8/8 w - - 0 1" kind=win R=UNKNOWN lh=6 cand=P result=UNKNOWN
plan13_t1 layer: d=1 root_val=0 layer_evals=31 total_evals=31 facts=0 nw=0 fact_hits=0 nw_hits=0 pathbound=0 wall=0.00s
plan13_t1 layer: d=2 root_val=0 layer_evals=215 total_evals=246 facts=0 nw=0 fact_hits=0 nw_hits=0 pathbound=0 wall=0.00s
plan13_t1 layer: d=3 root_val=0 layer_evals=5400 total_evals=5646 facts=12 nw=0 fact_hits=0 nw_hits=0 pathbound=12 wall=0.00s
plan13_t1 layer: d=4 root_val=0 layer_evals=29271 total_evals=34917 facts=12 nw=0 fact_hits=12 nw_hits=0 pathbound=12 wall=0.02s
plan13_t1 layer: d=5 root_val=2 layer_evals=190 total_evals=35107 facts=18 nw=0 fact_hits=13 nw_hits=0 pathbound=19 wall=0.02s
plan13_t1 oracle sample: shard=3 2 fen="8/8/8/8/3K2k1/8/2Q5/8 w - - 0 1" kind=win R=WIN_CERTIFIED lh=5 cand=L result=CLAIM_UNCERTIFIED
plan13_t1 oracle DOWNGRADED: L uncertified claim at 8/8/8/8/3K2k1/8/2Q5/8 w - - 0 1
plan13_t1 oracle sample: shard=3 2 fen="8/8/8/8/3K2k1/8/2Q5/8 w - - 0 1" kind=win R=WIN_CERTIFIED lh=5 cand=P result=WIN_CERTIFIED
plan13_t1 layer: d=1 root_val=0 layer_evals=31 total_evals=31 facts=0 nw=0 fact_hits=0 nw_hits=0 pathbound=0 wall=0.00s
plan13_t1 layer: d=2 root_val=0 layer_evals=204 total_evals=235 facts=0 nw=0 fact_hits=0 nw_hits=0 pathbound=0 wall=0.00s
plan13_t1 layer: d=3 root_val=0 layer_evals=5219 total_evals=5454 facts=0 nw=0 fact_hits=0 nw_hits=0 pathbound=0 wall=0.00s
plan13_t1 layer: d=4 root_val=0 layer_evals=32809 total_evals=38263 facts=0 nw=0 fact_hits=0 nw_hits=0 pathbound=0 wall=0.02s
plan13_t1 layer: d=5 root_val=2 layer_evals=291 total_evals=38554 facts=11 nw=0 fact_hits=0 nw_hits=0 pathbound=11 wall=0.02s
plan13_t1 oracle sample: shard=3 3 fen="8/8/5k2/8/8/1Q6/4K3/8 w - - 0 1" kind=win R=WIN_CERTIFIED lh=5 cand=L result=CLAIM_UNCERTIFIED
plan13_t1 oracle DOWNGRADED: L uncertified claim at 8/8/5k2/8/8/1Q6/4K3/8 w - - 0 1
plan13_t1 oracle sample: shard=3 3 fen="8/8/5k2/8/8/1Q6/4K3/8 w - - 0 1" kind=win R=WIN_CERTIFIED lh=5 cand=P result=WIN_CERTIFIED
plan13_t1 layer: d=1 root_val=0 layer_evals=26 total_evals=26 facts=0 nw=0 fact_hits=0 nw_hits=0 pathbound=0 wall=0.00s
plan13_t1 layer: d=2 root_val=0 layer_evals=159 total_evals=185 facts=0 nw=0 fact_hits=0 nw_hits=0 pathbound=0 wall=0.00s
plan13_t1 layer: d=3 root_val=0 layer_evals=3716 total_evals=3901 facts=20 nw=0 fact_hits=0 nw_hits=0 pathbound=20 wall=0.00s
plan13_t1 layer: d=4 root_val=0 layer_evals=16297 total_evals=20198 facts=20 nw=0 fact_hits=20 nw_hits=0 pathbound=20 wall=0.01s
plan13_t1 layer: d=5 root_val=2 layer_evals=173 total_evals=20371 facts=27 nw=0 fact_hits=21 nw_hits=0 pathbound=27 wall=0.01s
plan13_t1 oracle sample: shard=3 4 fen="Q7/6k1/8/8/8/8/8/5K2 w - - 0 1" kind=win R=WIN_CERTIFIED lh=5 cand=L result=CLAIM_UNCERTIFIED
plan13_t1 oracle DOWNGRADED: L uncertified claim at Q7/6k1/8/8/8/8/8/5K2 w - - 0 1
plan13_t1 oracle sample: shard=3 4 fen="Q7/6k1/8/8/8/8/8/5K2 w - - 0 1" kind=win R=WIN_CERTIFIED lh=5 cand=P result=WIN_CERTIFIED
plan13_t1 layer: d=1 root_val=0 layer_evals=31 total_evals=31 facts=0 nw=0 fact_hits=0 nw_hits=0 pathbound=0 wall=0.00s
plan13_t1 layer: d=2 root_val=0 layer_evals=137 total_evals=168 facts=0 nw=0 fact_hits=0 nw_hits=0 pathbound=0 wall=0.00s
plan13_t1 layer: d=3 root_val=2 layer_evals=60 total_evals=228 facts=3 nw=0 fact_hits=0 nw_hits=0 pathbound=3 wall=0.00s
plan13_t1 oracle sample: shard=3 5 fen="8/8/8/4Q3/8/k7/8/4K3 w - - 0 1" kind=win R=WIN_CERTIFIED lh=3 cand=L result=CLAIM_UNCERTIFIED
plan13_t1 oracle DOWNGRADED: L uncertified claim at 8/8/8/4Q3/8/k7/8/4K3 w - - 0 1
plan13_t1 oracle sample: shard=3 5 fen="8/8/8/4Q3/8/k7/8/4K3 w - - 0 1" kind=win R=WIN_CERTIFIED lh=3 cand=P result=WIN_CERTIFIED
plan13_t1 layer: d=1 root_val=2 layer_evals=28 total_evals=28 facts=1 nw=0 fact_hits=0 nw_hits=0 pathbound=1 wall=0.00s
plan13_t1 oracle sample: shard=3 6 fen="8/8/2k3q1/8/7K/8/8/8 b - - 0 1" kind=win R=WIN_CERTIFIED lh=1 cand=L result=CLAIM_UNCERTIFIED
plan13_t1 oracle DOWNGRADED: L uncertified claim at 8/8/2k3q1/8/7K/8/8/8 b - - 0 1
plan13_t1 oracle sample: shard=3 6 fen="8/8/2k3q1/8/7K/8/8/8 b - - 0 1" kind=win R=WIN_CERTIFIED lh=1 cand=P result=WIN_CERTIFIED
plan13_t1 layer: d=1 root_val=0 layer_evals=27 total_evals=27 facts=0 nw=0 fact_hits=0 nw_hits=0 pathbound=0 wall=0.00s
plan13_t1 layer: d=2 root_val=0 layer_evals=114 total_evals=141 facts=0 nw=0 fact_hits=0 nw_hits=0 pathbound=0 wall=0.00s
plan13_t1 layer: d=3 root_val=2 layer_evals=85 total_evals=226 facts=3 nw=0 fact_hits=0 nw_hits=0 pathbound=3 wall=0.00s
plan13_t1 oracle sample: shard=3 7 fen="q7/8/8/8/8/8/6k1/1K6 b - - 0 1" kind=win R=WIN_CERTIFIED lh=3 cand=L result=CLAIM_UNCERTIFIED
plan13_t1 oracle DOWNGRADED: L uncertified claim at q7/8/8/8/8/8/6k1/1K6 b - - 0 1
plan13_t1 oracle sample: shard=3 7 fen="q7/8/8/8/8/8/6k1/1K6 b - - 0 1" kind=win R=WIN_CERTIFIED lh=3 cand=P result=WIN_CERTIFIED
plan13_t1 layer: d=1 root_val=0 layer_evals=30 total_evals=30 facts=0 nw=0 fact_hits=0 nw_hits=0 pathbound=0 wall=0.00s
plan13_t1 layer: d=2 root_val=0 layer_evals=165 total_evals=195 facts=0 nw=0 fact_hits=0 nw_hits=0 pathbound=0 wall=0.00s
plan13_t1 layer: d=3 root_val=0 layer_evals=3922 total_evals=4117 facts=0 nw=0 fact_hits=0 nw_hits=0 pathbound=0 wall=0.00s
plan13_t1 layer: d=4 root_val=0 layer_evals=23198 total_evals=27315 facts=0 nw=0 fact_hits=0 nw_hits=0 pathbound=0 wall=0.01s
plan13_t1 layer: d=5 root_val=0 layer_evals=508985 total_evals=536300 facts=106 nw=0 fact_hits=0 nw_hits=0 pathbound=424 wall=0.30s
plan13_t1 layer: d=6 root_val=0 layer_evals=2463701 total_evals=3000001 facts=106 nw=1 fact_hits=38 nw_hits=0 pathbound=736 wall=1.86s
plan13_t1 oracle sample: shard=3 8 fen="8/7K/4k3/8/5Q2/8/8/8 w - - 0 1" kind=win R=UNKNOWN lh=6 cand=L result=UNKNOWN
plan13_t1 oracle sample: shard=3 8 fen="8/7K/4k3/8/5Q2/8/8/8 w - - 0 1" kind=win R=UNKNOWN lh=6 cand=P result=UNKNOWN
plan13_t1 layer: d=1 root_val=0 layer_evals=28 total_evals=28 facts=0 nw=0 fact_hits=0 nw_hits=0 pathbound=0 wall=0.00s
plan13_t1 layer: d=2 root_val=0 layer_evals=192 total_evals=220 facts=0 nw=0 fact_hits=0 nw_hits=0 pathbound=0 wall=0.00s
plan13_t1 layer: d=3 root_val=2 layer_evals=92 total_evals=312 facts=4 nw=0 fact_hits=0 nw_hits=0 pathbound=4 wall=0.00s
plan13_t1 oracle sample: shard=3 9 fen="8/6K1/1k6/8/8/1q6/8/8 b - - 0 1" kind=win R=WIN_CERTIFIED lh=3 cand=L result=CLAIM_UNCERTIFIED
plan13_t1 oracle DOWNGRADED: L uncertified claim at 8/6K1/1k6/8/8/1q6/8/8 b - - 0 1
plan13_t1 oracle sample: shard=3 9 fen="8/6K1/1k6/8/8/1q6/8/8 b - - 0 1" kind=win R=WIN_CERTIFIED lh=3 cand=P result=WIN_CERTIFIED
plan13_t1 layer: d=1 root_val=0 layer_evals=28 total_evals=28 facts=0 nw=0 fact_hits=0 nw_hits=0 pathbound=0 wall=0.00s
plan13_t1 layer: d=2 root_val=0 layer_evals=121 total_evals=149 facts=0 nw=0 fact_hits=0 nw_hits=0 pathbound=0 wall=0.00s
plan13_t1 layer: d=3 root_val=2 layer_evals=79 total_evals=228 facts=3 nw=0 fact_hits=0 nw_hits=0 pathbound=3 wall=0.00s
plan13_t1 oracle sample: shard=3 10 fen="8/8/8/K7/5q2/8/8/k7 b - - 0 1" kind=win R=WIN_CERTIFIED lh=3 cand=L result=CLAIM_UNCERTIFIED
plan13_t1 oracle DOWNGRADED: L uncertified claim at 8/8/8/K7/5q2/8/8/k7 b - - 0 1
plan13_t1 oracle sample: shard=3 10 fen="8/8/8/K7/5q2/8/8/k7 b - - 0 1" kind=win R=WIN_CERTIFIED lh=3 cand=P result=WIN_CERTIFIED
plan13_t1 layer: d=1 root_val=2 layer_evals=24 total_evals=24 facts=1 nw=0 fact_hits=0 nw_hits=0 pathbound=1 wall=0.00s
plan13_t1 oracle sample: shard=3 11 fen="7k/8/8/8/8/8/q7/3K4 b - - 0 1" kind=win R=WIN_CERTIFIED lh=1 cand=L result=CLAIM_UNCERTIFIED
plan13_t1 oracle DOWNGRADED: L uncertified claim at 7k/8/8/8/8/8/q7/3K4 b - - 0 1
plan13_t1 oracle sample: shard=3 11 fen="7k/8/8/8/8/8/q7/3K4 b - - 0 1" kind=win R=WIN_CERTIFIED lh=1 cand=P result=WIN_CERTIFIED
plan13_t1 layer: d=1 root_val=0 layer_evals=29 total_evals=29 facts=0 nw=0 fact_hits=0 nw_hits=0 pathbound=0 wall=0.00s
plan13_t1 layer: d=2 root_val=0 layer_evals=172 total_evals=201 facts=0 nw=0 fact_hits=0 nw_hits=0 pathbound=0 wall=0.00s
plan13_t1 layer: d=3 root_val=0 layer_evals=4069 total_evals=4270 facts=0 nw=0 fact_hits=0 nw_hits=0 pathbound=0 wall=0.00s
plan13_t1 layer: d=4 root_val=0 layer_evals=24587 total_evals=28857 facts=0 nw=0 fact_hits=0 nw_hits=0 pathbound=0 wall=0.05s
plan13_t1 layer: d=5 root_val=0 layer_evals=516923 total_evals=545780 facts=150 nw=0 fact_hits=0 nw_hits=0 pathbound=351 wall=0.48s
plan13_t1 layer: d=6 root_val=0 layer_evals=2454223 total_evals=3000003 facts=150 nw=3 fact_hits=62 nw_hits=0 pathbound=478 wall=2.76s
plan13_t1 oracle sample: shard=3 12 fen="2q5/8/3K4/8/3k4/8/8/8 b - - 0 1" kind=win R=UNKNOWN lh=6 cand=L result=UNKNOWN
plan13_t1 oracle sample: shard=3 12 fen="2q5/8/3K4/8/3k4/8/8/8 b - - 0 1" kind=win R=UNKNOWN lh=6 cand=P result=UNKNOWN
plan13_t1 layer: d=1 root_val=0 layer_evals=27 total_evals=27 facts=0 nw=0 fact_hits=0 nw_hits=0 pathbound=0 wall=0.00s
plan13_t1 layer: d=2 root_val=0 layer_evals=163 total_evals=190 facts=0 nw=0 fact_hits=0 nw_hits=0 pathbound=0 wall=0.00s
plan13_t1 layer: d=3 root_val=0 layer_evals=3997 total_evals=4187 facts=0 nw=0 fact_hits=0 nw_hits=0 pathbound=0 wall=0.00s
plan13_t1 layer: d=4 root_val=0 layer_evals=22646 total_evals=26833 facts=0 nw=0 fact_hits=0 nw_hits=0 pathbound=0 wall=0.01s
plan13_t1 layer: d=5 root_val=2 layer_evals=5082 total_evals=31915 facts=14 nw=0 fact_hits=0 nw_hits=0 pathbound=19 wall=0.02s
plan13_t1 oracle sample: shard=3 13 fen="8/8/8/2k5/8/8/Q5K1/8 w - - 0 1" kind=win R=WIN_CERTIFIED lh=5 cand=L result=CLAIM_UNCERTIFIED
plan13_t1 oracle DOWNGRADED: L uncertified claim at 8/8/8/2k5/8/8/Q5K1/8 w - - 0 1
plan13_t1 oracle sample: shard=3 13 fen="8/8/8/2k5/8/8/Q5K1/8 w - - 0 1" kind=win R=WIN_CERTIFIED lh=5 cand=P result=WIN_CERTIFIED
plan13_t1 layer: d=1 root_val=0 layer_evals=31 total_evals=31 facts=0 nw=0 fact_hits=0 nw_hits=0 pathbound=0 wall=0.00s
plan13_t1 layer: d=2 root_val=0 layer_evals=246 total_evals=277 facts=0 nw=0 fact_hits=0 nw_hits=0 pathbound=0 wall=0.00s
plan13_t1 layer: d=3 root_val=0 layer_evals=6470 total_evals=6747 facts=13 nw=0 fact_hits=0 nw_hits=0 pathbound=13 wall=0.00s
plan13_t1 layer: d=4 root_val=0 layer_evals=37016 total_evals=43763 facts=13 nw=0 fact_hits=13 nw_hits=0 pathbound=13 wall=0.03s
plan13_t1 layer: d=5 root_val=0 layer_evals=735377 total_evals=779140 facts=216 nw=0 fact_hits=16 nw_hits=0 pathbound=635 wall=0.64s
plan13_t1 layer: d=6 root_val=0 layer_evals=2220865 total_evals=3000005 facts=216 nw=0 fact_hits=38 nw_hits=0 pathbound=846 wall=2.84s
plan13_t1 oracle sample: shard=3 14 fen="8/3K4/8/3k4/8/8/5q2/8 b - - 0 1" kind=win R=UNKNOWN lh=6 cand=L result=UNKNOWN
plan13_t1 oracle sample: shard=3 14 fen="8/3K4/8/3k4/8/8/5q2/8 b - - 0 1" kind=win R=UNKNOWN lh=6 cand=P result=UNKNOWN
plan13_t1 layer: d=1 root_val=0 layer_evals=24 total_evals=24 facts=0 nw=0 fact_hits=0 nw_hits=0 pathbound=0 wall=0.00s
plan13_t1 layer: d=2 root_val=0 layer_evals=176 total_evals=200 facts=0 nw=0 fact_hits=0 nw_hits=0 pathbound=0 wall=0.00s
plan13_t1 layer: d=3 root_val=0 layer_evals=4300 total_evals=4500 facts=0 nw=0 fact_hits=0 nw_hits=0 pathbound=0 wall=0.00s
plan13_t1 layer: d=4 root_val=0 layer_evals=27929 total_evals=32429 facts=0 nw=0 fact_hits=0 nw_hits=0 pathbound=0 wall=0.05s
plan13_t1 layer: d=5 root_val=0 layer_evals=641872 total_evals=674301 facts=167 nw=0 fact_hits=0 nw_hits=0 pathbound=488 wall=0.58s
plan13_t1 layer: d=6 root_val=0 layer_evals=2325701 total_evals=3000002 facts=167 nw=0 fact_hits=26 nw_hits=0 pathbound=739 wall=2.77s
plan13_t1 oracle sample: shard=3 15 fen="8/8/8/8/2K5/5k2/6q1/8 b - - 0 1" kind=win R=UNKNOWN lh=6 cand=L result=UNKNOWN
plan13_t1 oracle sample: shard=3 15 fen="8/8/8/8/2K5/5k2/6q1/8 b - - 0 1" kind=win R=UNKNOWN lh=6 cand=P result=UNKNOWN
plan13_t1 layer: d=1 root_val=0 layer_evals=29 total_evals=29 facts=0 nw=0 fact_hits=0 nw_hits=0 pathbound=0 wall=0.00s
plan13_t1 layer: d=2 root_val=0 layer_evals=153 total_evals=182 facts=0 nw=0 fact_hits=0 nw_hits=0 pathbound=0 wall=0.00s
plan13_t1 layer: d=3 root_val=0 layer_evals=3815 total_evals=3997 facts=0 nw=0 fact_hits=0 nw_hits=0 pathbound=0 wall=0.00s
plan13_t1 layer: d=4 root_val=0 layer_evals=22428 total_evals=26425 facts=0 nw=0 fact_hits=0 nw_hits=0 pathbound=0 wall=0.05s
plan13_t1 layer: d=5 root_val=2 layer_evals=17534 total_evals=43959 facts=18 nw=0 fact_hits=0 nw_hits=0 pathbound=27 wall=0.06s
plan13_t1 oracle sample: shard=3 16 fen="8/8/5k2/5q2/8/4K3/8/8 b - - 0 1" kind=win R=WIN_CERTIFIED lh=5 cand=L result=CLAIM_UNCERTIFIED
plan13_t1 oracle DOWNGRADED: L uncertified claim at 8/8/5k2/5q2/8/4K3/8/8 b - - 0 1
plan13_t1 oracle sample: shard=3 16 fen="8/8/5k2/5q2/8/4K3/8/8 b - - 0 1" kind=win R=WIN_CERTIFIED lh=5 cand=P result=WIN_CERTIFIED
plan13_t1 layer: d=1 root_val=0 layer_evals=26 total_evals=26 facts=0 nw=0 fact_hits=0 nw_hits=0 pathbound=0 wall=0.00s
plan13_t1 layer: d=2 root_val=0 layer_evals=121 total_evals=147 facts=0 nw=0 fact_hits=0 nw_hits=0 pathbound=0 wall=0.00s
plan13_t1 layer: d=3 root_val=2 layer_evals=225 total_evals=372 facts=5 nw=0 fact_hits=0 nw_hits=0 pathbound=5 wall=0.00s
plan13_t1 oracle sample: shard=3 17 fen="5Q2/8/8/8/K7/7k/8/8 w - - 0 1" kind=win R=WIN_CERTIFIED lh=3 cand=L result=CLAIM_UNCERTIFIED
plan13_t1 oracle DOWNGRADED: L uncertified claim at 5Q2/8/8/8/K7/7k/8/8 w - - 0 1
plan13_t1 oracle sample: shard=3 17 fen="5Q2/8/8/8/K7/7k/8/8 w - - 0 1" kind=win R=WIN_CERTIFIED lh=3 cand=P result=WIN_CERTIFIED
plan13_t1 layer: d=1 root_val=2 layer_evals=20 total_evals=20 facts=1 nw=0 fact_hits=0 nw_hits=0 pathbound=1 wall=0.00s
plan13_t1 oracle sample: shard=3 18 fen="2qk4/K7/8/8/8/8/8/8 b - - 0 1" kind=win R=WIN_CERTIFIED lh=1 cand=L result=CLAIM_UNCERTIFIED
plan13_t1 oracle DOWNGRADED: L uncertified claim at 2qk4/K7/8/8/8/8/8/8 b - - 0 1
plan13_t1 oracle sample: shard=3 18 fen="2qk4/K7/8/8/8/8/8/8 b - - 0 1" kind=win R=WIN_CERTIFIED lh=1 cand=P result=WIN_CERTIFIED
plan13_t1 layer: d=1 root_val=0 layer_evals=28 total_evals=28 facts=0 nw=0 fact_hits=0 nw_hits=0 pathbound=0 wall=0.00s
plan13_t1 layer: d=2 root_val=0 layer_evals=142 total_evals=170 facts=0 nw=0 fact_hits=0 nw_hits=0 pathbound=0 wall=0.00s
plan13_t1 layer: d=3 root_val=2 layer_evals=196 total_evals=366 facts=5 nw=0 fact_hits=0 nw_hits=0 pathbound=5 wall=0.00s
plan13_t1 oracle sample: shard=3 19 fen="1K6/8/8/8/8/8/3q1k2/8 b - - 0 1" kind=win R=WIN_CERTIFIED lh=3 cand=L result=CLAIM_UNCERTIFIED
plan13_t1 oracle DOWNGRADED: L uncertified claim at 1K6/8/8/8/8/8/3q1k2/8 b - - 0 1
plan13_t1 oracle sample: shard=3 19 fen="1K6/8/8/8/8/8/3q1k2/8 b - - 0 1" kind=win R=WIN_CERTIFIED lh=3 cand=P result=WIN_CERTIFIED
plan13_t1 oracle progress: shard=3 20/60 contradictions=0
plan13_t1 layer: d=1 root_val=0 layer_evals=31 total_evals=31 facts=0 nw=0 fact_hits=0 nw_hits=0 pathbound=0 wall=0.00s
plan13_t1 layer: d=2 root_val=0 layer_evals=193 total_evals=224 facts=0 nw=0 fact_hits=0 nw_hits=0 pathbound=0 wall=0.00s
plan13_t1 layer: d=3 root_val=0 layer_evals=4952 total_evals=5176 facts=0 nw=0 fact_hits=0 nw_hits=0 pathbound=0 wall=0.00s
plan13_t1 layer: d=4 root_val=0 layer_evals=29592 total_evals=34768 facts=0 nw=0 fact_hits=0 nw_hits=0 pathbound=0 wall=0.02s
plan13_t1 layer: d=5 root_val=0 layer_evals=731404 total_evals=766172 facts=0 nw=0 fact_hits=0 nw_hits=0 pathbound=0 wall=0.61s
plan13_t1 layer: d=6 root_val=0 layer_evals=2233832 total_evals=3000004 facts=0 nw=0 fact_hits=0 nw_hits=0 pathbound=0 wall=2.44s
plan13_t1 oracle sample: shard=3 20 fen="8/1Q6/8/8/3k4/6K1/8/8 w - - 0 1" kind=win R=UNKNOWN lh=6 cand=L result=UNKNOWN
plan13_t1 oracle sample: shard=3 20 fen="8/1Q6/8/8/3k4/6K1/8/8 w - - 0 1" kind=win R=UNKNOWN lh=6 cand=P result=UNKNOWN
plan13_t1 layer: d=1 root_val=0 layer_evals=33 total_evals=33 facts=0 nw=0 fact_hits=0 nw_hits=0 pathbound=0 wall=0.00s
plan13_t1 layer: d=2 root_val=0 layer_evals=203 total_evals=236 facts=0 nw=0 fact_hits=0 nw_hits=0 pathbound=0 wall=0.00s
plan13_t1 layer: d=3 root_val=2 layer_evals=157 total_evals=393 facts=5 nw=0 fact_hits=0 nw_hits=0 pathbound=5 wall=0.00s
plan13_t1 oracle sample: shard=3 21 fen="8/8/2Q5/8/8/6K1/1k6/8 w - - 0 1" kind=win R=WIN_CERTIFIED lh=3 cand=L result=CLAIM_UNCERTIFIED
plan13_t1 oracle DOWNGRADED: L uncertified claim at 8/8/2Q5/8/8/6K1/1k6/8 w - - 0 1
plan13_t1 oracle sample: shard=3 21 fen="8/8/2Q5/8/8/6K1/1k6/8 w - - 0 1" kind=win R=WIN_CERTIFIED lh=3 cand=P result=WIN_CERTIFIED
plan13_t1 layer: d=1 root_val=0 layer_evals=30 total_evals=30 facts=0 nw=0 fact_hits=0 nw_hits=0 pathbound=0 wall=0.00s
plan13_t1 layer: d=2 root_val=0 layer_evals=168 total_evals=198 facts=0 nw=0 fact_hits=0 nw_hits=0 pathbound=0 wall=0.00s
plan13_t1 layer: d=3 root_val=0 layer_evals=3925 total_evals=4123 facts=0 nw=0 fact_hits=0 nw_hits=0 pathbound=0 wall=0.00s
plan13_t1 layer: d=4 root_val=0 layer_evals=22686 total_evals=26809 facts=0 nw=0 fact_hits=0 nw_hits=0 pathbound=0 wall=0.01s
plan13_t1 layer: d=5 root_val=0 layer_evals=478450 total_evals=505259 facts=156 nw=0 fact_hits=0 nw_hits=0 pathbound=567 wall=0.41s
plan13_t1 layer: d=6 root_val=0 layer_evals=2494755 total_evals=3000014 facts=156 nw=0 fact_hits=44 nw_hits=0 pathbound=1011 wall=2.66s
plan13_t1 oracle sample: shard=3 22 fen="8/K7/2Q5/5k2/8/8/8/8 w - - 0 1" kind=win R=UNKNOWN lh=6 cand=L result=UNKNOWN
plan13_t1 oracle sample: shard=3 22 fen="8/K7/2Q5/5k2/8/8/8/8 w - - 0 1" kind=win R=UNKNOWN lh=6 cand=P result=UNKNOWN
plan13_t1 layer: d=1 root_val=0 layer_evals=31 total_evals=31 facts=0 nw=0 fact_hits=0 nw_hits=0 pathbound=0 wall=0.00s
plan13_t1 layer: d=2 root_val=0 layer_evals=187 total_evals=218 facts=0 nw=0 fact_hits=0 nw_hits=0 pathbound=0 wall=0.00s
plan13_t1 layer: d=3 root_val=0 layer_evals=4676 total_evals=4894 facts=11 nw=0 fact_hits=0 nw_hits=0 pathbound=11 wall=0.00s
plan13_t1 layer: d=4 root_val=0 layer_evals=24388 total_evals=29282 facts=11 nw=0 fact_hits=11 nw_hits=0 pathbound=11 wall=0.02s
plan13_t1 layer: d=5 root_val=2 layer_evals=7558 total_evals=36840 facts=18 nw=0 fact_hits=13 nw_hits=0 pathbound=22 wall=0.02s
plan13_t1 oracle sample: shard=3 23 fen="8/5Q2/1k6/8/4K3/8/8/8 w - - 0 1" kind=win R=WIN_CERTIFIED lh=5 cand=L result=CLAIM_UNCERTIFIED
plan13_t1 oracle DOWNGRADED: L uncertified claim at 8/5Q2/1k6/8/4K3/8/8/8 w - - 0 1
plan13_t1 oracle sample: shard=3 23 fen="8/5Q2/1k6/8/4K3/8/8/8 w - - 0 1" kind=win R=WIN_CERTIFIED lh=5 cand=P result=WIN_CERTIFIED
plan13_t1 layer: d=1 root_val=0 layer_evals=26 total_evals=26 facts=0 nw=0 fact_hits=0 nw_hits=0 pathbound=0 wall=0.00s
plan13_t1 layer: d=2 root_val=0 layer_evals=176 total_evals=202 facts=0 nw=0 fact_hits=0 nw_hits=0 pathbound=0 wall=0.00s
plan13_t1 layer: d=3 root_val=0 layer_evals=4081 total_evals=4283 facts=0 nw=0 fact_hits=0 nw_hits=0 pathbound=0 wall=0.00s
plan13_t1 layer: d=4 root_val=0 layer_evals=25456 total_evals=29739 facts=0 nw=0 fact_hits=0 nw_hits=0 pathbound=0 wall=0.02s
plan13_t1 layer: d=5 root_val=0 layer_evals=575753 total_evals=605492 facts=89 nw=0 fact_hits=0 nw_hits=0 pathbound=400 wall=0.50s
plan13_t1 layer: d=6 root_val=0 layer_evals=2394512 total_evals=3000004 facts=89 nw=0 fact_hits=10 nw_hits=0 pathbound=679 wall=2.61s
plan13_t1 oracle sample: shard=3 24 fen="7Q/8/8/2k5/8/8/K7/8 w - - 0 1" kind=win R=UNKNOWN lh=6 cand=L result=UNKNOWN
plan13_t1 oracle sample: shard=3 24 fen="7Q/8/8/2k5/8/8/K7/8 w - - 0 1" kind=win R=UNKNOWN lh=6 cand=P result=UNKNOWN
plan13_t1 layer: d=1 root_val=0 layer_evals=21 total_evals=21 facts=0 nw=0 fact_hits=0 nw_hits=0 pathbound=0 wall=0.00s
plan13_t1 layer: d=2 root_val=0 layer_evals=71 total_evals=92 facts=0 nw=0 fact_hits=0 nw_hits=0 pathbound=0 wall=0.00s
plan13_t1 layer: d=3 root_val=2 layer_evals=158 total_evals=250 facts=3 nw=0 fact_hits=0 nw_hits=0 pathbound=3 wall=0.00s
plan13_t1 oracle sample: shard=3 25 fen="3QK3/8/8/8/8/8/8/7k w - - 0 1" kind=win R=WIN_CERTIFIED lh=3 cand=L result=CLAIM_UNCERTIFIED
plan13_t1 oracle DOWNGRADED: L uncertified claim at 3QK3/8/8/8/8/8/8/7k w - - 0 1
plan13_t1 oracle sample: shard=3 25 fen="3QK3/8/8/8/8/8/8/7k w - - 0 1" kind=win R=WIN_CERTIFIED lh=3 cand=P result=WIN_CERTIFIED
plan13_t1 layer: d=1 root_val=0 layer_evals=29 total_evals=29 facts=0 nw=0 fact_hits=0 nw_hits=0 pathbound=0 wall=0.00s
plan13_t1 layer: d=2 root_val=0 layer_evals=201 total_evals=230 facts=0 nw=0 fact_hits=0 nw_hits=0 pathbound=0 wall=0.00s
plan13_t1 layer: d=3 root_val=0 layer_evals=5147 total_evals=5377 facts=0 nw=0 fact_hits=0 nw_hits=0 pathbound=0 wall=0.00s
plan13_t1 layer: d=4 root_val=0 layer_evals=33015 total_evals=38392 facts=0 nw=0 fact_hits=0 nw_hits=0 pathbound=0 wall=0.05s
plan13_t1 layer: d=5 root_val=0 layer_evals=767076 total_evals=805468 facts=209 nw=0 fact_hits=0 nw_hits=0 pathbound=656 wall=0.68s
plan13_t1 layer: d=6 root_val=0 layer_evals=2194536 total_evals=3000004 facts=209 nw=0 fact_hits=22 nw_hits=0 pathbound=940 wall=2.74s
plan13_t1 oracle sample: shard=3 26 fen="1q6/8/6k1/8/8/4K3/8/8 b - - 0 1" kind=win R=UNKNOWN lh=6 cand=L result=UNKNOWN
plan13_t1 oracle sample: shard=3 26 fen="1q6/8/6k1/8/8/4K3/8/8 b - - 0 1" kind=win R=UNKNOWN lh=6 cand=P result=UNKNOWN
plan13_t1 layer: d=1 root_val=0 layer_evals=28 total_evals=28 facts=0 nw=0 fact_hits=0 nw_hits=0 pathbound=0 wall=0.00s
plan13_t1 layer: d=2 root_val=0 layer_evals=160 total_evals=188 facts=0 nw=0 fact_hits=0 nw_hits=0 pathbound=0 wall=0.00s
plan13_t1 layer: d=3 root_val=2 layer_evals=206 total_evals=394 facts=5 nw=0 fact_hits=0 nw_hits=0 pathbound=5 wall=0.00s
plan13_t1 oracle sample: shard=3 27 fen="8/8/8/6k1/8/8/5Q2/3K4 w - - 0 1" kind=win R=WIN_CERTIFIED lh=3 cand=L result=CLAIM_UNCERTIFIED
plan13_t1 oracle DOWNGRADED: L uncertified claim at 8/8/8/6k1/8/8/5Q2/3K4 w - - 0 1
plan13_t1 oracle sample: shard=3 27 fen="8/8/8/6k1/8/8/5Q2/3K4 w - - 0 1" kind=win R=WIN_CERTIFIED lh=3 cand=P result=WIN_CERTIFIED
plan13_t1 layer: d=1 root_val=0 layer_evals=28 total_evals=28 facts=0 nw=0 fact_hits=0 nw_hits=0 pathbound=0 wall=0.00s
plan13_t1 layer: d=2 root_val=0 layer_evals=156 total_evals=184 facts=0 nw=0 fact_hits=0 nw_hits=0 pathbound=0 wall=0.00s
plan13_t1 layer: d=3 root_val=0 layer_evals=3870 total_evals=4054 facts=0 nw=0 fact_hits=0 nw_hits=0 pathbound=0 wall=0.00s
plan13_t1 layer: d=4 root_val=0 layer_evals=23720 total_evals=27774 facts=0 nw=0 fact_hits=0 nw_hits=0 pathbound=0 wall=0.02s
plan13_t1 layer: d=5 root_val=0 layer_evals=564503 total_evals=592277 facts=141 nw=0 fact_hits=0 nw_hits=0 pathbound=431 wall=0.48s
plan13_t1 layer: d=6 root_val=0 layer_evals=2407726 total_evals=3000003 facts=141 nw=0 fact_hits=13 nw_hits=0 pathbound=699 wall=2.78s
plan13_t1 oracle sample: shard=3 28 fen="8/8/K1k3q1/8/8/8/8/8 b - - 0 1" kind=win R=UNKNOWN lh=6 cand=L result=UNKNOWN
plan13_t1 oracle sample: shard=3 28 fen="8/8/K1k3q1/8/8/8/8/8 b - - 0 1" kind=win R=UNKNOWN lh=6 cand=P result=UNKNOWN
plan13_t1 layer: d=1 root_val=2 layer_evals=26 total_evals=26 facts=1 nw=0 fact_hits=0 nw_hits=0 pathbound=1 wall=0.00s
plan13_t1 oracle sample: shard=3 29 fen="8/k7/8/1Q6/2K5/8/8/8 w - - 0 1" kind=win R=WIN_CERTIFIED lh=1 cand=L result=CLAIM_UNCERTIFIED
plan13_t1 oracle DOWNGRADED: L uncertified claim at 8/k7/8/1Q6/2K5/8/8/8 w - - 0 1
plan13_t1 oracle sample: shard=3 29 fen="8/k7/8/1Q6/2K5/8/8/8 w - - 0 1" kind=win R=WIN_CERTIFIED lh=1 cand=P result=WIN_CERTIFIED
plan13_t1 layer: d=1 root_val=0 layer_evals=27 total_evals=27 facts=0 nw=0 fact_hits=0 nw_hits=0 pathbound=0 wall=0.00s
plan13_t1 layer: d=2 root_val=0 layer_evals=173 total_evals=200 facts=0 nw=0 fact_hits=0 nw_hits=0 pathbound=0 wall=0.00s
plan13_t1 layer: d=3 root_val=0 layer_evals=4112 total_evals=4312 facts=0 nw=0 fact_hits=0 nw_hits=0 pathbound=0 wall=0.00s
plan13_t1 layer: d=4 root_val=0 layer_evals=25548 total_evals=29860 facts=0 nw=0 fact_hits=0 nw_hits=0 pathbound=0 wall=0.05s
plan13_t1 layer: d=5 root_val=0 layer_evals=600565 total_evals=630425 facts=78 nw=0 fact_hits=0 nw_hits=0 pathbound=315 wall=0.49s
plan13_t1 layer: d=6 root_val=0 layer_evals=2369578 total_evals=3000003 facts=78 nw=4 fact_hits=16 nw_hits=0 pathbound=539 wall=2.58s
plan13_t1 oracle sample: shard=3 30 fen="8/8/8/8/8/2k5/K4Q2/8 w - - 0 1" kind=draw R=DRAW lh=6 cand=L result=UNKNOWN
plan13_t1 oracle sample: shard=3 30 fen="8/8/8/8/8/2k5/K4Q2/8 w - - 0 1" kind=draw R=DRAW lh=6 cand=P result=UNKNOWN
plan13_t1 layer: d=1 root_val=0 layer_evals=29 total_evals=29 facts=0 nw=0 fact_hits=0 nw_hits=0 pathbound=0 wall=0.00s
plan13_t1 layer: d=2 root_val=0 layer_evals=211 total_evals=240 facts=0 nw=0 fact_hits=0 nw_hits=0 pathbound=0 wall=0.00s
plan13_t1 layer: d=3 root_val=0 layer_evals=5323 total_evals=5563 facts=0 nw=0 fact_hits=0 nw_hits=0 pathbound=0 wall=0.00s
plan13_t1 layer: d=4 root_val=0 layer_evals=34114 total_evals=39677 facts=0 nw=0 fact_hits=0 nw_hits=0 pathbound=0 wall=0.03s
plan13_t1 layer: d=5 root_val=0 layer_evals=851238 total_evals=890915 facts=125 nw=0 fact_hits=0 nw_hits=0 pathbound=429 wall=0.75s
plan13_t1 layer: d=6 root_val=0 layer_evals=2109099 total_evals=3000014 facts=125 nw=2 fact_hits=1 nw_hits=0 pathbound=626 wall=2.77s
plan13_t1 oracle sample: shard=3 31 fen="6q1/8/8/2K5/8/2k5/8/8 b - - 0 1" kind=draw R=DRAW lh=6 cand=L result=UNKNOWN
plan13_t1 oracle sample: shard=3 31 fen="6q1/8/8/2K5/8/2k5/8/8 b - - 0 1" kind=draw R=DRAW lh=6 cand=P result=UNKNOWN
plan13_t1 layer: d=1 root_val=0 layer_evals=28 total_evals=28 facts=0 nw=0 fact_hits=0 nw_hits=0 pathbound=0 wall=0.00s
plan13_t1 layer: d=2 root_val=0 layer_evals=187 total_evals=215 facts=0 nw=0 fact_hits=0 nw_hits=0 pathbound=0 wall=0.00s
plan13_t1 layer: d=3 root_val=0 layer_evals=4840 total_evals=5055 facts=0 nw=0 fact_hits=0 nw_hits=0 pathbound=0 wall=0.00s
plan13_t1 layer: d=4 root_val=0 layer_evals=29508 total_evals=34563 facts=0 nw=0 fact_hits=0 nw_hits=0 pathbound=0 wall=0.02s
plan13_t1 layer: d=5 root_val=0 layer_evals=736415 total_evals=770978 facts=0 nw=0 fact_hits=0 nw_hits=0 pathbound=0 wall=0.61s
plan13_t1 layer: d=6 root_val=0 layer_evals=2229026 total_evals=3000004 facts=0 nw=0 fact_hits=0 nw_hits=0 pathbound=0 wall=2.44s
plan13_t1 oracle sample: shard=3 32 fen="8/8/2k5/4K3/8/8/6q1/8 b - - 0 1" kind=draw R=DRAW lh=6 cand=L result=UNKNOWN
plan13_t1 oracle sample: shard=3 32 fen="8/8/2k5/4K3/8/8/6q1/8 b - - 0 1" kind=draw R=DRAW lh=6 cand=P result=UNKNOWN
plan13_t1 layer: d=1 root_val=0 layer_evals=26 total_evals=26 facts=0 nw=0 fact_hits=0 nw_hits=0 pathbound=0 wall=0.00s
plan13_t1 layer: d=2 root_val=0 layer_evals=190 total_evals=216 facts=0 nw=0 fact_hits=0 nw_hits=0 pathbound=0 wall=0.00s
plan13_t1 layer: d=3 root_val=0 layer_evals=4549 total_evals=4765 facts=0 nw=0 fact_hits=0 nw_hits=0 pathbound=0 wall=0.00s
plan13_t1 layer: d=4 root_val=0 layer_evals=29066 total_evals=33831 facts=0 nw=0 fact_hits=0 nw_hits=0 pathbound=0 wall=0.02s
plan13_t1 layer: d=5 root_val=0 layer_evals=667839 total_evals=701670 facts=174 nw=0 fact_hits=0 nw_hits=0 pathbound=784 wall=0.54s
plan13_t1 layer: d=6 root_val=0 layer_evals=2298343 total_evals=3000013 facts=174 nw=2 fact_hits=16 nw_hits=0 pathbound=1245 wall=2.89s
plan13_t1 oracle sample: shard=3 33 fen="8/8/2K5/k7/7q/8/8/8 b - - 0 1" kind=draw R=DRAW lh=6 cand=L result=UNKNOWN
plan13_t1 oracle sample: shard=3 33 fen="8/8/2K5/k7/7q/8/8/8 b - - 0 1" kind=draw R=DRAW lh=6 cand=P result=UNKNOWN
plan13_t1 layer: d=1 root_val=0 layer_evals=26 total_evals=26 facts=0 nw=0 fact_hits=0 nw_hits=0 pathbound=0 wall=0.00s
plan13_t1 layer: d=2 root_val=0 layer_evals=168 total_evals=194 facts=0 nw=0 fact_hits=0 nw_hits=0 pathbound=0 wall=0.00s
plan13_t1 layer: d=3 root_val=0 layer_evals=3905 total_evals=4099 facts=5 nw=0 fact_hits=0 nw_hits=0 pathbound=5 wall=0.00s
plan13_t1 layer: d=4 root_val=0 layer_evals=21868 total_evals=25967 facts=5 nw=0 fact_hits=5 nw_hits=0 pathbound=5 wall=0.01s
plan13_t1 layer: d=5 root_val=0 layer_evals=475354 total_evals=501321 facts=102 nw=0 fact_hits=7 nw_hits=0 pathbound=281 wall=0.43s
plan13_t1 layer: d=6 root_val=0 layer_evals=2498704 total_evals=3000025 facts=102 nw=2 fact_hits=45 nw_hits=0 pathbound=481 wall=2.83s
plan13_t1 oracle sample: shard=3 34 fen="5K2/8/6k1/8/8/8/7Q/8 w - - 0 1" kind=draw R=DRAW lh=6 cand=L result=UNKNOWN
plan13_t1 oracle sample: shard=3 34 fen="5K2/8/6k1/8/8/8/7Q/8 w - - 0 1" kind=draw R=DRAW lh=6 cand=P result=UNKNOWN
plan13_t1 layer: d=1 root_val=0 layer_evals=23 total_evals=23 facts=0 nw=0 fact_hits=0 nw_hits=0 pathbound=0 wall=0.00s
plan13_t1 layer: d=2 root_val=0 layer_evals=171 total_evals=194 facts=0 nw=0 fact_hits=0 nw_hits=0 pathbound=0 wall=0.00s
plan13_t1 layer: d=3 root_val=0 layer_evals=3780 total_evals=3974 facts=3 nw=0 fact_hits=0 nw_hits=0 pathbound=3 wall=0.00s
plan13_t1 layer: d=4 root_val=0 layer_evals=20786 total_evals=24760 facts=3 nw=0 fact_hits=3 nw_hits=0 pathbound=3 wall=0.01s
plan13_t1 layer: d=5 root_val=0 layer_evals=432929 total_evals=457689 facts=60 nw=0 fact_hits=4 nw_hits=0 pathbound=299 wall=0.33s
plan13_t1 layer: d=6 root_val=0 layer_evals=2390287 total_evals=2847976 facts=60 nw=2 fact_hits=13 nw_hits=0 pathbound=573 wall=2.43s
plan13_t1 oracle sample: shard=3 35 fen="7Q/8/8/8/8/8/5k2/7K w - - 0 1" kind=draw R=DRAW lh=6 cand=L result=UNKNOWN
plan13_t1 oracle sample: shard=3 35 fen="7Q/8/8/8/8/8/5k2/7K w - - 0 1" kind=draw R=DRAW lh=6 cand=P result=UNKNOWN
plan13_t1 layer: d=1 root_val=0 layer_evals=26 total_evals=26 facts=0 nw=0 fact_hits=0 nw_hits=0 pathbound=0 wall=0.00s
plan13_t1 layer: d=2 root_val=0 layer_evals=180 total_evals=206 facts=0 nw=0 fact_hits=0 nw_hits=0 pathbound=0 wall=0.00s
plan13_t1 layer: d=3 root_val=0 layer_evals=4287 total_evals=4493 facts=7 nw=0 fact_hits=0 nw_hits=0 pathbound=7 wall=0.00s
plan13_t1 layer: d=4 root_val=0 layer_evals=22688 total_evals=27181 facts=7 nw=0 fact_hits=7 nw_hits=0 pathbound=7 wall=0.02s
plan13_t1 layer: d=5 root_val=0 layer_evals=501151 total_evals=528332 facts=63 nw=0 fact_hits=11 nw_hits=0 pathbound=277 wall=0.42s
plan13_t1 layer: d=6 root_val=0 layer_evals=2471674 total_evals=3000006 facts=63 nw=0 fact_hits=35 nw_hits=0 pathbound=485 wall=2.91s
plan13_t1 oracle sample: shard=3 36 fen="8/8/8/Q7/8/8/4k3/6K1 w - - 0 1" kind=draw R=DRAW lh=6 cand=L result=UNKNOWN
plan13_t1 oracle sample: shard=3 36 fen="8/8/8/Q7/8/8/4k3/6K1 w - - 0 1" kind=draw R=DRAW lh=6 cand=P result=UNKNOWN
plan13_t1 layer: d=1 root_val=0 layer_evals=27 total_evals=27 facts=0 nw=0 fact_hits=0 nw_hits=0 pathbound=0 wall=0.00s
plan13_t1 layer: d=2 root_val=0 layer_evals=162 total_evals=189 facts=0 nw=0 fact_hits=0 nw_hits=0 pathbound=0 wall=0.00s
plan13_t1 layer: d=3 root_val=0 layer_evals=3856 total_evals=4045 facts=4 nw=0 fact_hits=0 nw_hits=0 pathbound=4 wall=0.00s
plan13_t1 layer: d=4 root_val=0 layer_evals=19897 total_evals=23942 facts=4 nw=0 fact_hits=4 nw_hits=0 pathbound=4 wall=0.04s
plan13_t1 layer: d=5 root_val=0 layer_evals=402405 total_evals=426347 facts=118 nw=1 fact_hits=6 nw_hits=0 pathbound=415 wall=0.37s
plan13_t1 layer: d=6 root_val=0 layer_evals=2265305 total_evals=2691652 facts=118 nw=1 fact_hits=49 nw_hits=0 pathbound=743 wall=2.47s
plan13_t1 oracle sample: shard=3 37 fen="8/4q3/6K1/8/7k/8/8/8 b - - 0 1" kind=draw R=DRAW lh=6 cand=L result=UNKNOWN
plan13_t1 oracle sample: shard=3 37 fen="8/4q3/6K1/8/7k/8/8/8 b - - 0 1" kind=draw R=DRAW lh=6 cand=P result=UNKNOWN
plan13_t1 layer: d=1 root_val=0 layer_evals=28 total_evals=28 facts=0 nw=0 fact_hits=0 nw_hits=0 pathbound=0 wall=0.00s
plan13_t1 layer: d=2 root_val=0 layer_evals=172 total_evals=200 facts=0 nw=0 fact_hits=0 nw_hits=0 pathbound=0 wall=0.00s
plan13_t1 layer: d=3 root_val=0 layer_evals=4092 total_evals=4292 facts=0 nw=0 fact_hits=0 nw_hits=0 pathbound=0 wall=0.00s
plan13_t1 layer: d=4 root_val=0 layer_evals=25230 total_evals=29522 facts=0 nw=0 fact_hits=0 nw_hits=0 pathbound=0 wall=0.02s
plan13_t1 layer: d=5 root_val=0 layer_evals=532983 total_evals=562505 facts=141 nw=0 fact_hits=0 nw_hits=0 pathbound=535 wall=0.47s
plan13_t1 layer: d=6 root_val=0 layer_evals=2437501 total_evals=3000006 facts=141 nw=0 fact_hits=45 nw_hits=0 pathbound=885 wall=2.73s
plan13_t1 oracle sample: shard=3 38 fen="4k3/8/2K5/8/8/8/1q6/8 b - - 0 1" kind=draw R=DRAW lh=6 cand=L result=UNKNOWN
plan13_t1 oracle sample: shard=3 38 fen="4k3/8/2K5/8/8/8/1q6/8 b - - 0 1" kind=draw R=DRAW lh=6 cand=P result=UNKNOWN
plan13_t1 layer: d=1 root_val=0 layer_evals=26 total_evals=26 facts=0 nw=0 fact_hits=0 nw_hits=0 pathbound=0 wall=0.00s
plan13_t1 layer: d=2 root_val=0 layer_evals=173 total_evals=199 facts=0 nw=0 fact_hits=0 nw_hits=0 pathbound=0 wall=0.00s
plan13_t1 layer: d=3 root_val=0 layer_evals=4054 total_evals=4253 facts=0 nw=0 fact_hits=0 nw_hits=0 pathbound=0 wall=0.00s
plan13_t1 layer: d=4 root_val=0 layer_evals=24757 total_evals=29010 facts=0 nw=0 fact_hits=0 nw_hits=0 pathbound=0 wall=0.02s
plan13_t1 layer: d=5 root_val=0 layer_evals=524197 total_evals=553207 facts=229 nw=0 fact_hits=0 nw_hits=0 pathbound=689 wall=0.46s
plan13_t1 layer: d=6 root_val=0 layer_evals=2446799 total_evals=3000006 facts=229 nw=2 fact_hits=50 nw_hits=0 pathbound=1175 wall=2.69s
plan13_t1 oracle sample: shard=3 39 fen="3K4/8/5k2/8/8/8/7Q/8 w - - 0 1" kind=draw R=DRAW lh=6 cand=L result=UNKNOWN
plan13_t1 oracle sample: shard=3 39 fen="3K4/8/5k2/8/8/8/7Q/8 w - - 0 1" kind=draw R=DRAW lh=6 cand=P result=UNKNOWN
plan13_t1 oracle progress: shard=3 40/60 contradictions=0
plan13_t1 layer: d=1 root_val=0 layer_evals=29 total_evals=29 facts=0 nw=0 fact_hits=0 nw_hits=0 pathbound=0 wall=0.00s
plan13_t1 layer: d=2 root_val=0 layer_evals=191 total_evals=220 facts=0 nw=0 fact_hits=0 nw_hits=0 pathbound=0 wall=0.00s
plan13_t1 layer: d=3 root_val=0 layer_evals=4721 total_evals=4941 facts=0 nw=0 fact_hits=0 nw_hits=0 pathbound=0 wall=0.00s
plan13_t1 layer: d=4 root_val=0 layer_evals=29489 total_evals=34430 facts=0 nw=0 fact_hits=0 nw_hits=0 pathbound=0 wall=0.02s
plan13_t1 layer: d=5 root_val=0 layer_evals=724734 total_evals=759164 facts=0 nw=0 fact_hits=0 nw_hits=0 pathbound=0 wall=0.60s
plan13_t1 layer: d=6 root_val=0 layer_evals=2240842 total_evals=3000006 facts=0 nw=0 fact_hits=0 nw_hits=0 pathbound=0 wall=2.41s
plan13_t1 oracle sample: shard=3 40 fen="8/8/8/3K4/8/1k6/7q/8 b - - 0 1" kind=draw R=DRAW lh=6 cand=L result=UNKNOWN
plan13_t1 oracle sample: shard=3 40 fen="8/8/8/3K4/8/1k6/7q/8 b - - 0 1" kind=draw R=DRAW lh=6 cand=P result=UNKNOWN
plan13_t1 layer: d=1 root_val=0 layer_evals=29 total_evals=29 facts=0 nw=0 fact_hits=0 nw_hits=0 pathbound=0 wall=0.00s
plan13_t1 layer: d=2 root_val=0 layer_evals=210 total_evals=239 facts=0 nw=0 fact_hits=0 nw_hits=0 pathbound=0 wall=0.00s
plan13_t1 layer: d=3 root_val=0 layer_evals=5342 total_evals=5581 facts=0 nw=0 fact_hits=0 nw_hits=0 pathbound=0 wall=0.00s
plan13_t1 layer: d=4 root_val=0 layer_evals=35550 total_evals=41131 facts=0 nw=0 fact_hits=0 nw_hits=0 pathbound=0 wall=0.02s
plan13_t1 layer: d=5 root_val=0 layer_evals=797021 total_evals=838152 facts=299 nw=0 fact_hits=0 nw_hits=0 pathbound=856 wall=0.70s
plan13_t1 layer: d=6 root_val=0 layer_evals=2161849 total_evals=3000001 facts=299 nw=0 fact_hits=37 nw_hits=0 pathbound=1191 wall=2.92s
plan13_t1 oracle sample: shard=3 41 fen="8/3k4/5K2/8/8/8/q7/8 b - - 0 1" kind=draw R=DRAW lh=6 cand=L result=UNKNOWN
plan13_t1 oracle sample: shard=3 41 fen="8/3k4/5K2/8/8/8/q7/8 b - - 0 1" kind=draw R=DRAW lh=6 cand=P result=UNKNOWN
plan13_t1 layer: d=1 root_val=0 layer_evals=26 total_evals=26 facts=0 nw=0 fact_hits=0 nw_hits=0 pathbound=0 wall=0.00s
plan13_t1 layer: d=2 root_val=0 layer_evals=172 total_evals=198 facts=0 nw=0 fact_hits=0 nw_hits=0 pathbound=0 wall=0.00s
plan13_t1 layer: d=3 root_val=0 layer_evals=3960 total_evals=4158 facts=0 nw=0 fact_hits=0 nw_hits=0 pathbound=0 wall=0.00s
plan13_t1 layer: d=4 root_val=0 layer_evals=24624 total_evals=28782 facts=0 nw=0 fact_hits=0 nw_hits=0 pathbound=0 wall=0.02s
plan13_t1 layer: d=5 root_val=0 layer_evals=565079 total_evals=593861 facts=68 nw=0 fact_hits=0 nw_hits=0 pathbound=273 wall=0.53s
plan13_t1 layer: d=6 root_val=0 layer_evals=2406141 total_evals=3000002 facts=68 nw=1 fact_hits=7 nw_hits=0 pathbound=469 wall=2.99s
plan13_t1 oracle sample: shard=3 42 fen="8/q7/8/8/8/3K4/8/1k6 b - - 0 1" kind=draw R=DRAW lh=6 cand=L result=UNKNOWN
plan13_t1 oracle sample: shard=3 42 fen="8/q7/8/8/8/3K4/8/1k6 b - - 0 1" kind=draw R=DRAW lh=6 cand=P result=UNKNOWN
plan13_t1 layer: d=1 root_val=0 layer_evals=31 total_evals=31 facts=0 nw=0 fact_hits=0 nw_hits=0 pathbound=0 wall=0.00s
plan13_t1 layer: d=2 root_val=0 layer_evals=206 total_evals=237 facts=0 nw=0 fact_hits=0 nw_hits=0 pathbound=0 wall=0.00s
plan13_t1 layer: d=3 root_val=0 layer_evals=5301 total_evals=5538 facts=0 nw=0 fact_hits=0 nw_hits=0 pathbound=0 wall=0.00s
plan13_t1 layer: d=4 root_val=0 layer_evals=32249 total_evals=37787 facts=0 nw=0 fact_hits=0 nw_hits=0 pathbound=0 wall=0.02s
plan13_t1 layer: d=5 root_val=0 layer_evals=801729 total_evals=839516 facts=0 nw=0 fact_hits=0 nw_hits=0 pathbound=0 wall=0.68s
plan13_t1 layer: d=6 root_val=0 layer_evals=2160489 total_evals=3000005 facts=0 nw=0 fact_hits=0 nw_hits=0 pathbound=0 wall=2.47s
plan13_t1 oracle sample: shard=3 43 fen="8/2k5/8/3K4/8/8/5q2/8 b - - 0 1" kind=draw R=DRAW lh=6 cand=L result=UNKNOWN
plan13_t1 oracle sample: shard=3 43 fen="8/2k5/8/3K4/8/8/5q2/8 b - - 0 1" kind=draw R=DRAW lh=6 cand=P result=UNKNOWN
plan13_t1 layer: d=1 root_val=0 layer_evals=26 total_evals=26 facts=0 nw=0 fact_hits=0 nw_hits=0 pathbound=0 wall=0.00s
plan13_t1 layer: d=2 root_val=0 layer_evals=186 total_evals=212 facts=0 nw=0 fact_hits=0 nw_hits=0 pathbound=0 wall=0.00s
plan13_t1 layer: d=3 root_val=0 layer_evals=4410 total_evals=4622 facts=8 nw=0 fact_hits=0 nw_hits=0 pathbound=8 wall=0.00s
plan13_t1 layer: d=4 root_val=0 layer_evals=23686 total_evals=28308 facts=8 nw=0 fact_hits=8 nw_hits=0 pathbound=8 wall=0.02s
plan13_t1 layer: d=5 root_val=0 layer_evals=534706 total_evals=563014 facts=64 nw=0 fact_hits=10 nw_hits=0 pathbound=324 wall=0.43s
plan13_t1 layer: d=6 root_val=0 layer_evals=2436990 total_evals=3000004 facts=64 nw=0 fact_hits=14 nw_hits=0 pathbound=552 wall=2.66s
plan13_t1 oracle sample: shard=3 44 fen="8/8/8/1k6/8/K7/8/6Q1 w - - 0 1" kind=draw R=DRAW lh=6 cand=L result=UNKNOWN
plan13_t1 oracle sample: shard=3 44 fen="8/8/8/1k6/8/K7/8/6Q1 w - - 0 1" kind=draw R=DRAW lh=6 cand=P result=UNKNOWN
plan13_t1 layer: d=1 root_val=0 layer_evals=28 total_evals=28 facts=0 nw=0 fact_hits=0 nw_hits=0 pathbound=0 wall=0.00s
plan13_t1 layer: d=2 root_val=0 layer_evals=195 total_evals=223 facts=0 nw=0 fact_hits=0 nw_hits=0 pathbound=0 wall=0.00s
plan13_t1 layer: d=3 root_val=0 layer_evals=4655 total_evals=4878 facts=0 nw=0 fact_hits=0 nw_hits=0 pathbound=0 wall=0.00s
plan13_t1 layer: d=4 root_val=0 layer_evals=29226 total_evals=34104 facts=0 nw=0 fact_hits=0 nw_hits=0 pathbound=0 wall=0.02s
plan13_t1 layer: d=5 root_val=0 layer_evals=689756 total_evals=723860 facts=28 nw=0 fact_hits=0 nw_hits=0 pathbound=103 wall=0.59s
plan13_t1 layer: d=6 root_val=0 layer_evals=2276144 total_evals=3000004 facts=28 nw=1 fact_hits=0 nw_hits=0 pathbound=162 wall=2.60s
plan13_t1 oracle sample: shard=3 45 fen="8/8/8/8/2k5/K7/6Q1/8 w - - 0 1" kind=draw R=DRAW lh=6 cand=L result=UNKNOWN
plan13_t1 oracle sample: shard=3 45 fen="8/8/8/8/2k5/K7/6Q1/8 w - - 0 1" kind=draw R=DRAW lh=6 cand=P result=UNKNOWN
plan13_t1 layer: d=1 root_val=0 layer_evals=22 total_evals=22 facts=0 nw=0 fact_hits=0 nw_hits=0 pathbound=0 wall=0.00s
plan13_t1 layer: d=2 root_val=0 layer_evals=143 total_evals=165 facts=0 nw=0 fact_hits=0 nw_hits=0 pathbound=0 wall=0.00s
plan13_t1 layer: d=3 root_val=0 layer_evals=3215 total_evals=3380 facts=0 nw=0 fact_hits=0 nw_hits=0 pathbound=0 wall=0.00s
plan13_t1 layer: d=4 root_val=0 layer_evals=19736 total_evals=23116 facts=0 nw=0 fact_hits=0 nw_hits=0 pathbound=0 wall=0.01s
plan13_t1 layer: d=5 root_val=0 layer_evals=453937 total_evals=477053 facts=37 nw=0 fact_hits=0 nw_hits=0 pathbound=98 wall=0.39s
plan13_t1 layer: d=6 root_val=0 layer_evals=2522949 total_evals=3000002 facts=37 nw=4 fact_hits=3 nw_hits=0 pathbound=191 wall=2.67s
plan13_t1 oracle sample: shard=3 46 fen="Q7/8/8/2k5/K7/8/8/8 w - - 0 1" kind=draw R=DRAW lh=6 cand=L result=UNKNOWN
plan13_t1 oracle sample: shard=3 46 fen="Q7/8/8/2k5/K7/8/8/8 w - - 0 1" kind=draw R=DRAW lh=6 cand=P result=UNKNOWN
plan13_t1 layer: d=1 root_val=0 layer_evals=28 total_evals=28 facts=0 nw=0 fact_hits=0 nw_hits=0 pathbound=0 wall=0.00s
plan13_t1 layer: d=2 root_val=0 layer_evals=177 total_evals=205 facts=0 nw=0 fact_hits=0 nw_hits=0 pathbound=0 wall=0.00s
plan13_t1 layer: d=3 root_val=0 layer_evals=4215 total_evals=4420 facts=5 nw=0 fact_hits=0 nw_hits=0 pathbound=5 wall=0.00s
plan13_t1 layer: d=4 root_val=0 layer_evals=21851 total_evals=26271 facts=5 nw=0 fact_hits=5 nw_hits=0 pathbound=5 wall=0.01s
plan13_t1 layer: d=5 root_val=0 layer_evals=475781 total_evals=502052 facts=86 nw=0 fact_hits=5 nw_hits=0 pathbound=387 wall=0.41s
plan13_t1 layer: d=6 root_val=0 layer_evals=2497950 total_evals=3000002 facts=86 nw=6 fact_hits=28 nw_hits=0 pathbound=710 wall=2.71s
plan13_t1 oracle sample: shard=3 47 fen="1k6/3K4/6q1/8/8/8/8/8 b - - 0 1" kind=draw R=DRAW lh=6 cand=L result=UNKNOWN
plan13_t1 oracle sample: shard=3 47 fen="1k6/3K4/6q1/8/8/8/8/8 b - - 0 1" kind=draw R=DRAW lh=6 cand=P result=UNKNOWN
plan13_t1 layer: d=1 root_val=0 layer_evals=29 total_evals=29 facts=0 nw=0 fact_hits=0 nw_hits=0 pathbound=0 wall=0.00s
plan13_t1 layer: d=2 root_val=0 layer_evals=139 total_evals=168 facts=0 nw=0 fact_hits=0 nw_hits=0 pathbound=0 wall=0.00s
plan13_t1 layer: d=3 root_val=0 layer_evals=3218 total_evals=3386 facts=14 nw=0 fact_hits=0 nw_hits=0 pathbound=14 wall=0.00s
plan13_t1 layer: d=4 root_val=0 layer_evals=15509 total_evals=18895 facts=14 nw=0 fact_hits=14 nw_hits=0 pathbound=14 wall=0.01s
plan13_t1 layer: d=5 root_val=0 layer_evals=324220 total_evals=343115 facts=124 nw=1 fact_hits=22 nw_hits=0 pathbound=419 wall=0.29s
plan13_t1 layer: d=6 root_val=0 layer_evals=1778291 total_evals=2121406 facts=124 nw=1 fact_hits=62 nw_hits=0 pathbound=730 wall=2.00s
plan13_t1 oracle sample: shard=3 48 fen="6k1/4K3/8/8/8/8/8/Q7 w - - 0 1" kind=draw R=DRAW lh=6 cand=L result=UNKNOWN
plan13_t1 oracle sample: shard=3 48 fen="6k1/4K3/8/8/8/8/8/Q7 w - - 0 1" kind=draw R=DRAW lh=6 cand=P result=UNKNOWN
plan13_t1 layer: d=1 root_val=0 layer_evals=25 total_evals=25 facts=0 nw=0 fact_hits=0 nw_hits=0 pathbound=0 wall=0.00s
plan13_t1 layer: d=2 root_val=0 layer_evals=196 total_evals=221 facts=0 nw=0 fact_hits=0 nw_hits=0 pathbound=0 wall=0.00s
plan13_t1 layer: d=3 root_val=0 layer_evals=4792 total_evals=5013 facts=14 nw=0 fact_hits=0 nw_hits=0 pathbound=14 wall=0.00s
plan13_t1 layer: d=4 root_val=0 layer_evals=23523 total_evals=28536 facts=14 nw=0 fact_hits=14 nw_hits=0 pathbound=14 wall=0.02s
plan13_t1 layer: d=5 root_val=0 layer_evals=434409 total_evals=462945 facts=174 nw=0 fact_hits=14 nw_hits=0 pathbound=636 wall=0.41s
plan13_t1 layer: d=6 root_val=0 layer_evals=2441015 total_evals=2903960 facts=174 nw=4 fact_hits=79 nw_hits=0 pathbound=1092 wall=2.95s
plan13_t1 oracle sample: shard=3 49 fen="3q4/8/8/8/7k/8/6K1/8 b - - 0 1" kind=draw R=DRAW lh=6 cand=L result=UNKNOWN
plan13_t1 oracle sample: shard=3 49 fen="3q4/8/8/8/7k/8/6K1/8 b - - 0 1" kind=draw R=DRAW lh=6 cand=P result=UNKNOWN
plan13_t1 layer: d=1 root_val=0 layer_evals=29 total_evals=29 facts=0 nw=0 fact_hits=0 nw_hits=0 pathbound=0 wall=0.00s
plan13_t1 layer: d=2 root_val=0 layer_evals=205 total_evals=234 facts=0 nw=0 fact_hits=0 nw_hits=0 pathbound=0 wall=0.00s
plan13_t1 layer: d=3 root_val=0 layer_evals=5341 total_evals=5575 facts=9 nw=0 fact_hits=0 nw_hits=0 pathbound=9 wall=0.00s
plan13_t1 layer: d=4 root_val=0 layer_evals=28206 total_evals=33781 facts=9 nw=0 fact_hits=9 nw_hits=0 pathbound=9 wall=0.02s
plan13_t1 layer: d=5 root_val=0 layer_evals=647476 total_evals=681257 facts=94 nw=0 fact_hits=10 nw_hits=0 pathbound=326 wall=0.59s
plan13_t1 layer: d=6 root_val=0 layer_evals=2318747 total_evals=3000004 facts=94 nw=0 fact_hits=37 nw_hits=0 pathbound=497 wall=2.83s
plan13_t1 oracle sample: shard=3 50 fen="8/8/8/8/6k1/8/3Q2K1/8 w - - 0 1" kind=draw R=DRAW lh=6 cand=L result=UNKNOWN
plan13_t1 oracle sample: shard=3 50 fen="8/8/8/8/6k1/8/3Q2K1/8 w - - 0 1" kind=draw R=DRAW lh=6 cand=P result=UNKNOWN
plan13_t1 layer: d=1 root_val=0 layer_evals=29 total_evals=29 facts=0 nw=0 fact_hits=0 nw_hits=0 pathbound=0 wall=0.00s
plan13_t1 layer: d=2 root_val=0 layer_evals=211 total_evals=240 facts=0 nw=0 fact_hits=0 nw_hits=0 pathbound=0 wall=0.00s
plan13_t1 layer: d=3 root_val=0 layer_evals=5354 total_evals=5594 facts=11 nw=0 fact_hits=0 nw_hits=0 pathbound=11 wall=0.00s
plan13_t1 layer: d=4 root_val=0 layer_evals=30634 total_evals=36228 facts=11 nw=0 fact_hits=11 nw_hits=0 pathbound=11 wall=0.02s
plan13_t1 layer: d=5 root_val=0 layer_evals=648404 total_evals=684632 facts=253 nw=0 fact_hits=14 nw_hits=0 pathbound=772 wall=0.53s
plan13_t1 layer: d=6 root_val=0 layer_evals=2315375 total_evals=3000007 facts=253 nw=0 fact_hits=52 nw_hits=0 pathbound=1138 wall=2.74s
plan13_t1 oracle sample: shard=3 51 fen="8/8/1k6/8/2K5/8/8/7Q w - - 0 1" kind=draw R=DRAW lh=6 cand=L result=UNKNOWN
plan13_t1 oracle sample: shard=3 51 fen="8/8/1k6/8/2K5/8/8/7Q w - - 0 1" kind=draw R=DRAW lh=6 cand=P result=UNKNOWN
plan13_t1 layer: d=1 root_val=0 layer_evals=23 total_evals=23 facts=0 nw=0 fact_hits=0 nw_hits=0 pathbound=0 wall=0.00s
plan13_t1 layer: d=2 root_val=0 layer_evals=153 total_evals=176 facts=0 nw=0 fact_hits=0 nw_hits=0 pathbound=0 wall=0.00s
plan13_t1 layer: d=3 root_val=0 layer_evals=3448 total_evals=3624 facts=5 nw=0 fact_hits=0 nw_hits=0 pathbound=5 wall=0.00s
plan13_t1 layer: d=4 root_val=0 layer_evals=17913 total_evals=21537 facts=5 nw=0 fact_hits=5 nw_hits=0 pathbound=5 wall=0.01s
plan13_t1 layer: d=5 root_val=0 layer_evals=398494 total_evals=420031 facts=68 nw=0 fact_hits=5 nw_hits=0 pathbound=237 wall=0.33s
plan13_t1 layer: d=6 root_val=0 layer_evals=2158370 total_evals=2578401 facts=68 nw=3 fact_hits=32 nw_hits=0 pathbound=436 wall=2.31s
plan13_t1 oracle sample: shard=3 52 fen="8/5k1K/7Q/8/8/8/8/8 w - - 0 1" kind=draw R=DRAW lh=6 cand=L result=UNKNOWN
plan13_t1 oracle sample: shard=3 52 fen="8/5k1K/7Q/8/8/8/8/8 w - - 0 1" kind=draw R=DRAW lh=6 cand=P result=UNKNOWN
plan13_t1 layer: d=1 root_val=0 layer_evals=25 total_evals=25 facts=0 nw=0 fact_hits=0 nw_hits=0 pathbound=0 wall=0.00s
plan13_t1 layer: d=2 root_val=0 layer_evals=198 total_evals=223 facts=0 nw=0 fact_hits=0 nw_hits=0 pathbound=0 wall=0.00s
plan13_t1 layer: d=3 root_val=0 layer_evals=5017 total_evals=5240 facts=10 nw=0 fact_hits=0 nw_hits=0 pathbound=10 wall=0.01s
plan13_t1 layer: d=4 root_val=0 layer_evals=29802 total_evals=35042 facts=10 nw=0 fact_hits=10 nw_hits=0 pathbound=10 wall=0.03s
plan13_t1 layer: d=5 root_val=0 layer_evals=570955 total_evals=605997 facts=331 nw=0 fact_hits=12 nw_hits=0 pathbound=974 wall=0.46s
plan13_t1 layer: d=6 root_val=0 layer_evals=2394008 total_evals=3000005 facts=331 nw=0 fact_hits=72 nw_hits=0 pathbound=1490 wall=2.75s
plan13_t1 oracle sample: shard=3 53 fen="8/2k5/8/3K4/8/8/8/7Q w - - 0 1" kind=draw R=DRAW lh=6 cand=L result=UNKNOWN
plan13_t1 oracle sample: shard=3 53 fen="8/2k5/8/3K4/8/8/8/7Q w - - 0 1" kind=draw R=DRAW lh=6 cand=P result=UNKNOWN
plan13_t1 layer: d=1 root_val=0 layer_evals=29 total_evals=29 facts=0 nw=0 fact_hits=0 nw_hits=0 pathbound=0 wall=0.00s
plan13_t1 layer: d=2 root_val=0 layer_evals=195 total_evals=224 facts=0 nw=0 fact_hits=0 nw_hits=0 pathbound=0 wall=0.00s
plan13_t1 layer: d=3 root_val=0 layer_evals=4919 total_evals=5143 facts=3 nw=0 fact_hits=0 nw_hits=0 pathbound=3 wall=0.00s
plan13_t1 layer: d=4 root_val=0 layer_evals=28641 total_evals=33784 facts=3 nw=0 fact_hits=3 nw_hits=0 pathbound=3 wall=0.02s
plan13_t1 layer: d=5 root_val=0 layer_evals=628168 total_evals=661952 facts=172 nw=0 fact_hits=4 nw_hits=0 pathbound=611 wall=0.52s
plan13_t1 layer: d=6 root_val=0 layer_evals=2338054 total_evals=3000006 facts=172 nw=2 fact_hits=40 nw_hits=0 pathbound=941 wall=2.80s
plan13_t1 oracle sample: shard=3 54 fen="8/5K2/3k4/8/8/8/8/6q1 b - - 0 1" kind=draw R=DRAW lh=6 cand=L result=UNKNOWN
plan13_t1 oracle sample: shard=3 54 fen="8/5K2/3k4/8/8/8/8/6q1 b - - 0 1" kind=draw R=DRAW lh=6 cand=P result=UNKNOWN
plan13_t1 layer: d=1 root_val=0 layer_evals=29 total_evals=29 facts=0 nw=0 fact_hits=0 nw_hits=0 pathbound=0 wall=0.00s
plan13_t1 layer: d=2 root_val=0 layer_evals=222 total_evals=251 facts=0 nw=0 fact_hits=0 nw_hits=0 pathbound=0 wall=0.00s
plan13_t1 layer: d=3 root_val=0 layer_evals=5701 total_evals=5952 facts=3 nw=0 fact_hits=0 nw_hits=0 pathbound=3 wall=0.00s
plan13_t1 layer: d=4 root_val=0 layer_evals=33093 total_evals=39045 facts=3 nw=0 fact_hits=3 nw_hits=0 pathbound=3 wall=0.02s
plan13_t1 layer: d=5 root_val=0 layer_evals=698348 total_evals=737393 facts=295 nw=0 fact_hits=4 nw_hits=0 pathbound=891 wall=0.62s
plan13_t1 layer: d=6 root_val=0 layer_evals=2262610 total_evals=3000003 facts=295 nw=0 fact_hits=37 nw_hits=0 pathbound=1242 wall=2.79s
plan13_t1 oracle sample: shard=3 55 fen="Q7/8/8/8/8/4K3/2k5/8 w - - 0 1" kind=draw R=DRAW lh=6 cand=L result=UNKNOWN
plan13_t1 oracle sample: shard=3 55 fen="Q7/8/8/8/8/4K3/2k5/8 w - - 0 1" kind=draw R=DRAW lh=6 cand=P result=UNKNOWN
plan13_t1 layer: d=1 root_val=0 layer_evals=29 total_evals=29 facts=0 nw=0 fact_hits=0 nw_hits=0 pathbound=0 wall=0.00s
plan13_t1 layer: d=2 root_val=0 layer_evals=130 total_evals=159 facts=0 nw=0 fact_hits=0 nw_hits=0 pathbound=0 wall=0.00s
plan13_t1 layer: d=3 root_val=0 layer_evals=3015 total_evals=3174 facts=10 nw=0 fact_hits=0 nw_hits=0 pathbound=10 wall=0.00s
plan13_t1 layer: d=4 root_val=0 layer_evals=15059 total_evals=18233 facts=10 nw=0 fact_hits=10 nw_hits=0 pathbound=10 wall=0.01s
plan13_t1 layer: d=5 root_val=0 layer_evals=328823 total_evals=347056 facts=153 nw=0 fact_hits=11 nw_hits=0 pathbound=416 wall=0.29s
plan13_t1 layer: d=6 root_val=0 layer_evals=1772519 total_evals=2119575 facts=153 nw=1 fact_hits=84 nw_hits=0 pathbound=709 wall=1.98s
plan13_t1 oracle sample: shard=3 56 fen="8/7q/8/8/8/8/4k3/6K1 b - - 0 1" kind=draw R=DRAW lh=6 cand=L result=UNKNOWN
plan13_t1 oracle sample: shard=3 56 fen="8/7q/8/8/8/8/4k3/6K1 b - - 0 1" kind=draw R=DRAW lh=6 cand=P result=UNKNOWN
plan13_t1 layer: d=1 root_val=0 layer_evals=29 total_evals=29 facts=0 nw=0 fact_hits=0 nw_hits=0 pathbound=0 wall=0.00s
plan13_t1 layer: d=2 root_val=0 layer_evals=148 total_evals=177 facts=0 nw=0 fact_hits=0 nw_hits=0 pathbound=0 wall=0.00s
plan13_t1 layer: d=3 root_val=0 layer_evals=3539 total_evals=3716 facts=9 nw=0 fact_hits=0 nw_hits=0 pathbound=9 wall=0.03s
plan13_t1 layer: d=4 root_val=0 layer_evals=19439 total_evals=23155 facts=9 nw=0 fact_hits=9 nw_hits=0 pathbound=9 wall=0.04s
plan13_t1 layer: d=5 root_val=0 layer_evals=462525 total_evals=485680 facts=88 nw=0 fact_hits=10 nw_hits=0 pathbound=363 wall=0.39s
plan13_t1 layer: d=6 root_val=0 layer_evals=2514326 total_evals=3000006 facts=88 nw=1 fact_hits=22 nw_hits=0 pathbound=683 wall=2.57s
plan13_t1 oracle sample: shard=3 57 fen="4K3/2k5/8/8/8/8/q7/8 b - - 0 1" kind=draw R=DRAW lh=6 cand=L result=UNKNOWN
plan13_t1 oracle sample: shard=3 57 fen="4K3/2k5/8/8/8/8/q7/8 b - - 0 1" kind=draw R=DRAW lh=6 cand=P result=UNKNOWN
plan13_t1 layer: d=1 root_val=0 layer_evals=24 total_evals=24 facts=0 nw=0 fact_hits=0 nw_hits=0 pathbound=0 wall=0.00s
plan13_t1 layer: d=2 root_val=0 layer_evals=172 total_evals=196 facts=0 nw=0 fact_hits=0 nw_hits=0 pathbound=0 wall=0.00s
plan13_t1 layer: d=3 root_val=0 layer_evals=3867 total_evals=4063 facts=5 nw=0 fact_hits=0 nw_hits=0 pathbound=5 wall=0.00s
plan13_t1 layer: d=4 root_val=0 layer_evals=21008 total_evals=25071 facts=5 nw=0 fact_hits=5 nw_hits=0 pathbound=5 wall=0.01s
plan13_t1 layer: d=5 root_val=0 layer_evals=442443 total_evals=467514 facts=60 nw=0 fact_hits=7 nw_hits=0 pathbound=316 wall=0.26s
plan13_t1 layer: d=6 root_val=0 layer_evals=2429966 total_evals=2897480 facts=60 nw=0 fact_hits=20 nw_hits=0 pathbound=601 wall=1.75s
plan13_t1 oracle sample: shard=3 58 fen="7k/8/6K1/8/8/8/8/2q5 b - - 0 1" kind=draw R=DRAW lh=6 cand=L result=UNKNOWN
plan13_t1 oracle sample: shard=3 58 fen="7k/8/6K1/8/8/8/8/2q5 b - - 0 1" kind=draw R=DRAW lh=6 cand=P result=UNKNOWN
plan13_t1 layer: d=1 root_val=0 layer_evals=28 total_evals=28 facts=0 nw=0 fact_hits=0 nw_hits=0 pathbound=0 wall=0.00s
plan13_t1 layer: d=2 root_val=0 layer_evals=141 total_evals=169 facts=0 nw=0 fact_hits=0 nw_hits=0 pathbound=0 wall=0.00s
plan13_t1 layer: d=3 root_val=0 layer_evals=3186 total_evals=3355 facts=9 nw=0 fact_hits=0 nw_hits=0 pathbound=9 wall=0.00s
plan13_t1 layer: d=4 root_val=0 layer_evals=16695 total_evals=20050 facts=9 nw=0 fact_hits=9 nw_hits=0 pathbound=9 wall=0.01s
plan13_t1 layer: d=5 root_val=0 layer_evals=357150 total_evals=377200 facts=145 nw=0 fact_hits=10 nw_hits=0 pathbound=548 wall=0.20s
plan13_t1 layer: d=6 root_val=0 layer_evals=1959717 total_evals=2336917 facts=145 nw=1 fact_hits=58 nw_hits=0 pathbound=1018 wall=1.42s
plan13_t1 oracle sample: shard=3 59 fen="3k1K2/8/8/8/8/8/1q6/8 b - - 0 1" kind=draw R=DRAW lh=6 cand=L result=UNKNOWN
plan13_t1 oracle sample: shard=3 59 fen="3k1K2/8/8/8/8/8/1q6/8 b - - 0 1" kind=draw R=DRAW lh=6 cand=P result=UNKNOWN
plan13_t1 oracle progress: shard=3 60/60 contradictions=0
plan13_t1 oracle summary: shard=3/4 samples=60 contradictions=0 downgraded=20 R_win_cert=20 R_draw_claims=30 unknown_or_bounded=90
