a2a3   outcome=draw wall= 120.03s nodes=205205504 proven=False
a2a4   outcome=loss wall=   8.70s nodes=8587065 proven=True
d2d3   outcome=draw wall= 120.01s nodes=188309504 proven=False
d2d4   outcome=draw wall= 120.01s nodes=139034624 proven=False
e3e4   outcome=draw wall= 120.01s nodes=209141760 proven=False
e3f4   outcome=loss wall=  45.99s nodes=61325820 proven=True
g4g5   outcome=draw wall= 120.01s nodes=218202112 proven=False
g4h5   outcome=draw wall= 120.01s nodes=98115584 proven=False
c3d1   outcome=draw wall= 120.01s nodes=169144320 proven=False
c3e2   outcome=draw wall= 120.01s nodes=87269376 proven=False
c3a4   outcome=draw wall= 120.01s nodes=171864064 proven=False
c3e4   outcome=loss wall=  45.37s nodes=71192174 proven=True
c3b5   outcome=draw wall= 120.01s nodes=193974272 proven=False
c3d5   outcome=draw wall= 120.01s nodes=233689088 proven=False
d6a3   outcome=draw wall= 120.01s nodes=151826432 proven=False
d6b4   outcome=draw wall= 120.01s nodes=52539392 proven=False
d6f4   outcome=draw wall= 120.01s nodes=75599872 proven=False
d6c5   outcome=draw wall= 120.01s nodes=169263104 proven=False
d6e5   outcome=draw wall= 120.01s nodes=180641792 proven=False
d6c7   outcome=draw wall= 120.01s nodes=134643712 proven=False
d6e7   outcome=draw wall= 120.01s nodes=160284672 proven=False
d6b8   outcome=draw wall= 120.01s nodes=161239040 proven=False
d6f8   outcome=draw wall= 120.01s nodes=159031296 proven=False
b1a1   outcome=draw wall= 120.01s nodes=126185472 proven=False
b1c1   outcome=draw wall= 120.01s nodes=172544000 proven=False
b1d1   outcome=draw wall= 120.01s nodes=145248256 proven=False
b1e1   outcome=draw wall= 120.01s nodes=173150208 proven=False
b1f1   outcome=draw wall= 120.01s nodes=172142592 proven=False
b1b2   outcome=draw wall= 120.01s nodes=163274752 proven=False
b1b3   outcome=draw wall= 120.01s nodes=117927936 proven=False
b1b4   outcome=draw wall= 120.02s nodes=40108032 proven=False
b1b5   outcome=draw wall= 120.01s nodes=146612224 proven=False
b1b6   outcome=draw wall= 120.01s nodes=104280064 proven=False
b1b7   outcome=draw wall= 120.01s nodes=168148992 proven=False
b1b8   outcome=draw wall= 120.01s nodes=199954432 proven=False
g1c1   outcome=draw wall= 120.01s nodes=98738176 proven=False
g1d1   outcome=draw wall= 120.01s nodes=106577920 proven=False
g1e1   outcome=draw wall= 120.01s nodes=184856576 proven=False
g1f1   outcome=draw wall= 120.01s nodes=80302080 proven=False
g1g2   outcome=draw wall= 120.01s nodes=164831232 proven=False
g1g3   outcome=draw wall= 120.01s nodes=36995072 proven=False
h1g2   outcome=draw wall= 120.01s nodes=64028672 proven=False
h1h2   outcome=draw wall= 120.01s nodes=156344320 proven=False
